#
# There is insufficient memory for the Java Runtime Environment to continue.
# Native memory allocation (malloc) failed to allocate 417616 bytes. Error detail: Chunk::new
# Possible reasons:
#   The system is out of physical RAM or swap space
#   This process is running with CompressedOops enabled, and the Java Heap may be blocking the growth of the native heap
# Possible solutions:
#   Reduce memory load on the system
#   Increase physical memory or swap space
#   Check if swap backing store is full
#   Decrease Java heap size (-Xmx/-Xms)
#   Decrease number of Java threads
#   Decrease Java thread stack sizes (-Xss)
#   Set larger code cache with -XX:ReservedCodeCacheSize=
#   JVM is running with Zero Based Compressed Oops mode in which the Java heap is
#     placed in the first 32GB address space. The Java Heap base address is the
#     maximum limit for the native heap growth. Please use -XX:HeapBaseMinAddress
#     to set the Java Heap base and to place the Java Heap above 32GB virtual address.
# This output file may be truncated or incomplete.
#
#  Out of Memory Error (arena.cpp:168), pid=15396, tid=19720
#
# JRE version: OpenJDK Runtime Environment (21.0.3) (build 21.0.3+-12282718-b509.11)
# Java VM: OpenJDK 64-Bit Server VM (21.0.3+-12282718-b509.11, mixed mode, tiered, compressed oops, compressed class ptrs, g1 gc, windows-amd64)
# No core dump will be written. Minidumps are not enabled by default on client versions of Windows
#

---------------  S U M M A R Y ------------

Command Line: git4idea.http.GitAskPassApp Username for 'https://github.com': 

Host: AMD Ryzen 5 5600 6-Core Processor              , 12 cores, 31G,  Windows 11 , 64 bit Build 22621 (10.0.22621.4391)
Time: Mon Jan 27 08:37:05 2025 RTZ 2 (s 11 , 64 bit Build 22621 (10.0.22621.4391) elapsed time: 0.360025 seconds (0d 0h 0m 0s)

---------------  T H R E A D  ---------------

Current thread (0x00000184498ad1a0):  JavaThread "C2 CompilerThread1" daemon [_thread_in_native, id=19720, stack(0x0000004e32e00000,0x0000004e32f00000) (1024K)]


Current CompileTask:
C2:    360 1033       4       sun.security.ec.ECOperations::setDouble (463 bytes)

Stack: [0x0000004e32e00000,0x0000004e32f00000]
Native frames: (J=compiled Java code, j=interpreted, Vv=VM code, C=native code)
V  [jvm.dll+0x6cafb9]
V  [jvm.dll+0x858523]
V  [jvm.dll+0x85aa7e]
V  [jvm.dll+0x85b163]
V  [jvm.dll+0x27d356]
V  [jvm.dll+0xbf93d]
V  [jvm.dll+0xbfe73]
V  [jvm.dll+0x2f0eb1]
V  [jvm.dll+0x5f5a39]
V  [jvm.dll+0x24fad2]
V  [jvm.dll+0x24840d]
V  [jvm.dll+0x245fce]
V  [jvm.dll+0x1c5804]
V  [jvm.dll+0x25575c]
V  [jvm.dll+0x253c36]
V  [jvm.dll+0x3ec996]
V  [jvm.dll+0x800d78]
V  [jvm.dll+0x6c98cd]
C  [ucrtbase.dll+0x29333]
C  [KERNEL32.DLL+0x1259d]
C  [ntdll.dll+0x5af38]


---------------  P R O C E S S  ---------------

Threads class SMR info:
_java_thread_list=0x00000184498a1200, length=16, elements={
0x000001842373bcd0, 0x00000184490ddf10, 0x00000184490badb0, 0x00000184490c8270,
0x00000184490c8cd0, 0x00000184490e6d80, 0x00000184490e7f80, 0x00000184490c4fb0,
0x00000184490c6b40, 0x000001844929d1b0, 0x00000184492a2840, 0x0000018449709e70,
0x00000184497ed7c0, 0x00000184497c84f0, 0x00000184498ad1a0, 0x0000018449898330
}

Java Threads: ( => current thread )
  0x000001842373bcd0 JavaThread "main"                              [_thread_blocked, id=10760, stack(0x0000004e31800000,0x0000004e31900000) (1024K)]
  0x00000184490ddf10 JavaThread "Reference Handler"          daemon [_thread_blocked, id=12304, stack(0x0000004e32000000,0x0000004e32100000) (1024K)]
  0x00000184490badb0 JavaThread "Finalizer"                  daemon [_thread_blocked, id=11008, stack(0x0000004e32100000,0x0000004e32200000) (1024K)]
  0x00000184490c8270 JavaThread "Signal Dispatcher"          daemon [_thread_blocked, id=12480, stack(0x0000004e32200000,0x0000004e32300000) (1024K)]
  0x00000184490c8cd0 JavaThread "Attach Listener"            daemon [_thread_blocked, id=8544, stack(0x0000004e32300000,0x0000004e32400000) (1024K)]
  0x00000184490e6d80 JavaThread "Service Thread"             daemon [_thread_blocked, id=2996, stack(0x0000004e32400000,0x0000004e32500000) (1024K)]
  0x00000184490e7f80 JavaThread "Monitor Deflation Thread"   daemon [_thread_blocked, id=24004, stack(0x0000004e32500000,0x0000004e32600000) (1024K)]
  0x00000184490c4fb0 JavaThread "C2 CompilerThread0"         daemon [_thread_blocked, id=4772, stack(0x0000004e32600000,0x0000004e32700000) (1024K)]
  0x00000184490c6b40 JavaThread "C1 CompilerThread0"         daemon [_thread_blocked, id=27236, stack(0x0000004e32700000,0x0000004e32800000) (1024K)]
  0x000001844929d1b0 JavaThread "Notification Thread"        daemon [_thread_blocked, id=30392, stack(0x0000004e32800000,0x0000004e32900000) (1024K)]
  0x00000184492a2840 JavaThread "Common-Cleaner"             daemon [_thread_blocked, id=4416, stack(0x0000004e32900000,0x0000004e32a00000) (1024K)]
  0x0000018449709e70 JavaThread "HttpClient-1-SelectorManager" daemon [_thread_in_native, id=5596, stack(0x0000004e32a00000,0x0000004e32b00000) (1024K)]
  0x00000184497ed7c0 JavaThread "HttpClient-1-Worker-0"      daemon [_thread_blocked, id=1992, stack(0x0000004e32c00000,0x0000004e32d00000) (1024K)]
  0x00000184497c84f0 JavaThread "HttpClient-1-Worker-1"      daemon [_thread_blocked, id=1952, stack(0x0000004e32d00000,0x0000004e32e00000) (1024K)]
=>0x00000184498ad1a0 JavaThread "C2 CompilerThread1"         daemon [_thread_in_native, id=19720, stack(0x0000004e32e00000,0x0000004e32f00000) (1024K)]
  0x0000018449898330 JavaThread "C2 CompilerThread2"         daemon [_thread_blocked, id=8984, stack(0x0000004e32f00000,0x0000004e33000000) (1024K)]
Total: 16

Other Threads:
  0x0000018449067810 VMThread "VM Thread"                           [id=24112, stack(0x0000004e31f00000,0x0000004e32000000) (1024K)]
  0x00000184446d85a0 WatcherThread "VM Periodic Task Thread"        [id=26980, stack(0x0000004e31e00000,0x0000004e31f00000) (1024K)]
  0x0000018425b0c180 WorkerThread "GC Thread#0"                     [id=16936, stack(0x0000004e31900000,0x0000004e31a00000) (1024K)]
  0x0000018425b1d250 ConcurrentGCThread "G1 Main Marker"            [id=28528, stack(0x0000004e31a00000,0x0000004e31b00000) (1024K)]
  0x0000018425b1e4f0 WorkerThread "G1 Conc#0"                       [id=26984, stack(0x0000004e31b00000,0x0000004e31c00000) (1024K)]
  0x000001844459a7e0 ConcurrentGCThread "G1 Refine#0"               [id=20184, stack(0x0000004e31c00000,0x0000004e31d00000) (1024K)]
  0x000001844459b350 ConcurrentGCThread "G1 Service"                [id=26464, stack(0x0000004e31d00000,0x0000004e31e00000) (1024K)]
Total: 7

Threads with active compile tasks:
C2 CompilerThread1      420 1033       4       sun.security.ec.ECOperations::setDouble (463 bytes)
Total: 1

VM state: not at safepoint (normal execution)

VM Mutex/Monitor currently owned by a thread: None

Heap address: 0x0000000601000000, size: 8176 MB, Compressed Oops mode: Zero based, Oop shift amount: 3

CDS archive(s) not mapped
Compressed class space mapped at: 0x0000000800000000-0x0000000840000000, reserved size: 1073741824
Narrow klass base: 0x0000000800000000, Narrow klass shift: 0, Narrow klass range: 0x40000000

GC Precious Log:
 CardTable entry size: 512
 Card Set container configuration: InlinePtr #cards 4 size 8 Array Of Cards #cards 32 size 80 Howl #buckets 8 coarsen threshold 7372 Howl Bitmap #cards 1024 size 144 coarsen threshold 921 Card regions per heap region 1 cards per card region 8192
 CPUs: 12 total, 12 available
 Memory: 32690M
 Large Page Support: Disabled
 NUMA Support: Disabled
 Compressed Oops: Enabled (Zero based)
 Heap Region Size: 4M
 Heap Min Capacity: 8M
 Heap Initial Capacity: 512M
 Heap Max Capacity: 8176M
 Pre-touch: Disabled
 Parallel Workers: 10
 Concurrent Workers: 3
 Concurrent Refinement Workers: 10
 Periodic GC: Disabled

Heap:
 garbage-first heap   total 524288K, used 12288K [0x0000000601000000, 0x0000000800000000)
  region size 4096K, 4 young (16384K), 0 survivors (0K)
 Metaspace       used 15695K, committed 15872K, reserved 1114112K
  class space    used 1668K, committed 1728K, reserved 1048576K

Heap Regions: E=young(eden), S=young(survivor), O=old, HS=humongous(starts), HC=humongous(continues), CS=collection set, F=free, TAMS=top-at-mark-start, PB=parsable bottom
|   0|0x0000000601000000, 0x0000000601000000, 0x0000000601400000|  0%| F|  |TAMS 0x0000000601000000| PB 0x0000000601000000| Untracked 
|   1|0x0000000601400000, 0x0000000601400000, 0x0000000601800000|  0%| F|  |TAMS 0x0000000601400000| PB 0x0000000601400000| Untracked 
|   2|0x0000000601800000, 0x0000000601800000, 0x0000000601c00000|  0%| F|  |TAMS 0x0000000601800000| PB 0x0000000601800000| Untracked 
|   3|0x0000000601c00000, 0x0000000601c00000, 0x0000000602000000|  0%| F|  |TAMS 0x0000000601c00000| PB 0x0000000601c00000| Untracked 
|   4|0x0000000602000000, 0x0000000602000000, 0x0000000602400000|  0%| F|  |TAMS 0x0000000602000000| PB 0x0000000602000000| Untracked 
|   5|0x0000000602400000, 0x0000000602400000, 0x0000000602800000|  0%| F|  |TAMS 0x0000000602400000| PB 0x0000000602400000| Untracked 
|   6|0x0000000602800000, 0x0000000602800000, 0x0000000602c00000|  0%| F|  |TAMS 0x0000000602800000| PB 0x0000000602800000| Untracked 
|   7|0x0000000602c00000, 0x0000000602c00000, 0x0000000603000000|  0%| F|  |TAMS 0x0000000602c00000| PB 0x0000000602c00000| Untracked 
|   8|0x0000000603000000, 0x0000000603000000, 0x0000000603400000|  0%| F|  |TAMS 0x0000000603000000| PB 0x0000000603000000| Untracked 
|   9|0x0000000603400000, 0x0000000603400000, 0x0000000603800000|  0%| F|  |TAMS 0x0000000603400000| PB 0x0000000603400000| Untracked 
|  10|0x0000000603800000, 0x0000000603800000, 0x0000000603c00000|  0%| F|  |TAMS 0x0000000603800000| PB 0x0000000603800000| Untracked 
|  11|0x0000000603c00000, 0x0000000603c00000, 0x0000000604000000|  0%| F|  |TAMS 0x0000000603c00000| PB 0x0000000603c00000| Untracked 
|  12|0x0000000604000000, 0x0000000604000000, 0x0000000604400000|  0%| F|  |TAMS 0x0000000604000000| PB 0x0000000604000000| Untracked 
|  13|0x0000000604400000, 0x0000000604400000, 0x0000000604800000|  0%| F|  |TAMS 0x0000000604400000| PB 0x0000000604400000| Untracked 
|  14|0x0000000604800000, 0x0000000604800000, 0x0000000604c00000|  0%| F|  |TAMS 0x0000000604800000| PB 0x0000000604800000| Untracked 
|  15|0x0000000604c00000, 0x0000000604c00000, 0x0000000605000000|  0%| F|  |TAMS 0x0000000604c00000| PB 0x0000000604c00000| Untracked 
|  16|0x0000000605000000, 0x0000000605000000, 0x0000000605400000|  0%| F|  |TAMS 0x0000000605000000| PB 0x0000000605000000| Untracked 
|  17|0x0000000605400000, 0x0000000605400000, 0x0000000605800000|  0%| F|  |TAMS 0x0000000605400000| PB 0x0000000605400000| Untracked 
|  18|0x0000000605800000, 0x0000000605800000, 0x0000000605c00000|  0%| F|  |TAMS 0x0000000605800000| PB 0x0000000605800000| Untracked 
|  19|0x0000000605c00000, 0x0000000605c00000, 0x0000000606000000|  0%| F|  |TAMS 0x0000000605c00000| PB 0x0000000605c00000| Untracked 
|  20|0x0000000606000000, 0x0000000606000000, 0x0000000606400000|  0%| F|  |TAMS 0x0000000606000000| PB 0x0000000606000000| Untracked 
|  21|0x0000000606400000, 0x0000000606400000, 0x0000000606800000|  0%| F|  |TAMS 0x0000000606400000| PB 0x0000000606400000| Untracked 
|  22|0x0000000606800000, 0x0000000606800000, 0x0000000606c00000|  0%| F|  |TAMS 0x0000000606800000| PB 0x0000000606800000| Untracked 
|  23|0x0000000606c00000, 0x0000000606c00000, 0x0000000607000000|  0%| F|  |TAMS 0x0000000606c00000| PB 0x0000000606c00000| Untracked 
|  24|0x0000000607000000, 0x0000000607000000, 0x0000000607400000|  0%| F|  |TAMS 0x0000000607000000| PB 0x0000000607000000| Untracked 
|  25|0x0000000607400000, 0x0000000607400000, 0x0000000607800000|  0%| F|  |TAMS 0x0000000607400000| PB 0x0000000607400000| Untracked 
|  26|0x0000000607800000, 0x0000000607800000, 0x0000000607c00000|  0%| F|  |TAMS 0x0000000607800000| PB 0x0000000607800000| Untracked 
|  27|0x0000000607c00000, 0x0000000607c00000, 0x0000000608000000|  0%| F|  |TAMS 0x0000000607c00000| PB 0x0000000607c00000| Untracked 
|  28|0x0000000608000000, 0x0000000608000000, 0x0000000608400000|  0%| F|  |TAMS 0x0000000608000000| PB 0x0000000608000000| Untracked 
|  29|0x0000000608400000, 0x0000000608400000, 0x0000000608800000|  0%| F|  |TAMS 0x0000000608400000| PB 0x0000000608400000| Untracked 
|  30|0x0000000608800000, 0x0000000608800000, 0x0000000608c00000|  0%| F|  |TAMS 0x0000000608800000| PB 0x0000000608800000| Untracked 
|  31|0x0000000608c00000, 0x0000000608c00000, 0x0000000609000000|  0%| F|  |TAMS 0x0000000608c00000| PB 0x0000000608c00000| Untracked 
|  32|0x0000000609000000, 0x0000000609000000, 0x0000000609400000|  0%| F|  |TAMS 0x0000000609000000| PB 0x0000000609000000| Untracked 
|  33|0x0000000609400000, 0x0000000609400000, 0x0000000609800000|  0%| F|  |TAMS 0x0000000609400000| PB 0x0000000609400000| Untracked 
|  34|0x0000000609800000, 0x0000000609800000, 0x0000000609c00000|  0%| F|  |TAMS 0x0000000609800000| PB 0x0000000609800000| Untracked 
|  35|0x0000000609c00000, 0x0000000609c00000, 0x000000060a000000|  0%| F|  |TAMS 0x0000000609c00000| PB 0x0000000609c00000| Untracked 
|  36|0x000000060a000000, 0x000000060a000000, 0x000000060a400000|  0%| F|  |TAMS 0x000000060a000000| PB 0x000000060a000000| Untracked 
|  37|0x000000060a400000, 0x000000060a400000, 0x000000060a800000|  0%| F|  |TAMS 0x000000060a400000| PB 0x000000060a400000| Untracked 
|  38|0x000000060a800000, 0x000000060a800000, 0x000000060ac00000|  0%| F|  |TAMS 0x000000060a800000| PB 0x000000060a800000| Untracked 
|  39|0x000000060ac00000, 0x000000060ac00000, 0x000000060b000000|  0%| F|  |TAMS 0x000000060ac00000| PB 0x000000060ac00000| Untracked 
|  40|0x000000060b000000, 0x000000060b000000, 0x000000060b400000|  0%| F|  |TAMS 0x000000060b000000| PB 0x000000060b000000| Untracked 
|  41|0x000000060b400000, 0x000000060b400000, 0x000000060b800000|  0%| F|  |TAMS 0x000000060b400000| PB 0x000000060b400000| Untracked 
|  42|0x000000060b800000, 0x000000060b800000, 0x000000060bc00000|  0%| F|  |TAMS 0x000000060b800000| PB 0x000000060b800000| Untracked 
|  43|0x000000060bc00000, 0x000000060bc00000, 0x000000060c000000|  0%| F|  |TAMS 0x000000060bc00000| PB 0x000000060bc00000| Untracked 
|  44|0x000000060c000000, 0x000000060c000000, 0x000000060c400000|  0%| F|  |TAMS 0x000000060c000000| PB 0x000000060c000000| Untracked 
|  45|0x000000060c400000, 0x000000060c400000, 0x000000060c800000|  0%| F|  |TAMS 0x000000060c400000| PB 0x000000060c400000| Untracked 
|  46|0x000000060c800000, 0x000000060c800000, 0x000000060cc00000|  0%| F|  |TAMS 0x000000060c800000| PB 0x000000060c800000| Untracked 
|  47|0x000000060cc00000, 0x000000060cc00000, 0x000000060d000000|  0%| F|  |TAMS 0x000000060cc00000| PB 0x000000060cc00000| Untracked 
|  48|0x000000060d000000, 0x000000060d000000, 0x000000060d400000|  0%| F|  |TAMS 0x000000060d000000| PB 0x000000060d000000| Untracked 
|  49|0x000000060d400000, 0x000000060d400000, 0x000000060d800000|  0%| F|  |TAMS 0x000000060d400000| PB 0x000000060d400000| Untracked 
|  50|0x000000060d800000, 0x000000060d800000, 0x000000060dc00000|  0%| F|  |TAMS 0x000000060d800000| PB 0x000000060d800000| Untracked 
|  51|0x000000060dc00000, 0x000000060dc00000, 0x000000060e000000|  0%| F|  |TAMS 0x000000060dc00000| PB 0x000000060dc00000| Untracked 
|  52|0x000000060e000000, 0x000000060e000000, 0x000000060e400000|  0%| F|  |TAMS 0x000000060e000000| PB 0x000000060e000000| Untracked 
|  53|0x000000060e400000, 0x000000060e400000, 0x000000060e800000|  0%| F|  |TAMS 0x000000060e400000| PB 0x000000060e400000| Untracked 
|  54|0x000000060e800000, 0x000000060e800000, 0x000000060ec00000|  0%| F|  |TAMS 0x000000060e800000| PB 0x000000060e800000| Untracked 
|  55|0x000000060ec00000, 0x000000060ec00000, 0x000000060f000000|  0%| F|  |TAMS 0x000000060ec00000| PB 0x000000060ec00000| Untracked 
|  56|0x000000060f000000, 0x000000060f000000, 0x000000060f400000|  0%| F|  |TAMS 0x000000060f000000| PB 0x000000060f000000| Untracked 
|  57|0x000000060f400000, 0x000000060f400000, 0x000000060f800000|  0%| F|  |TAMS 0x000000060f400000| PB 0x000000060f400000| Untracked 
|  58|0x000000060f800000, 0x000000060f800000, 0x000000060fc00000|  0%| F|  |TAMS 0x000000060f800000| PB 0x000000060f800000| Untracked 
|  59|0x000000060fc00000, 0x000000060fc00000, 0x0000000610000000|  0%| F|  |TAMS 0x000000060fc00000| PB 0x000000060fc00000| Untracked 
|  60|0x0000000610000000, 0x0000000610000000, 0x0000000610400000|  0%| F|  |TAMS 0x0000000610000000| PB 0x0000000610000000| Untracked 
|  61|0x0000000610400000, 0x0000000610400000, 0x0000000610800000|  0%| F|  |TAMS 0x0000000610400000| PB 0x0000000610400000| Untracked 
|  62|0x0000000610800000, 0x0000000610800000, 0x0000000610c00000|  0%| F|  |TAMS 0x0000000610800000| PB 0x0000000610800000| Untracked 
|  63|0x0000000610c00000, 0x0000000610c00000, 0x0000000611000000|  0%| F|  |TAMS 0x0000000610c00000| PB 0x0000000610c00000| Untracked 
|  64|0x0000000611000000, 0x0000000611000000, 0x0000000611400000|  0%| F|  |TAMS 0x0000000611000000| PB 0x0000000611000000| Untracked 
|  65|0x0000000611400000, 0x0000000611400000, 0x0000000611800000|  0%| F|  |TAMS 0x0000000611400000| PB 0x0000000611400000| Untracked 
|  66|0x0000000611800000, 0x0000000611800000, 0x0000000611c00000|  0%| F|  |TAMS 0x0000000611800000| PB 0x0000000611800000| Untracked 
|  67|0x0000000611c00000, 0x0000000611c00000, 0x0000000612000000|  0%| F|  |TAMS 0x0000000611c00000| PB 0x0000000611c00000| Untracked 
|  68|0x0000000612000000, 0x0000000612000000, 0x0000000612400000|  0%| F|  |TAMS 0x0000000612000000| PB 0x0000000612000000| Untracked 
|  69|0x0000000612400000, 0x0000000612400000, 0x0000000612800000|  0%| F|  |TAMS 0x0000000612400000| PB 0x0000000612400000| Untracked 
|  70|0x0000000612800000, 0x0000000612800000, 0x0000000612c00000|  0%| F|  |TAMS 0x0000000612800000| PB 0x0000000612800000| Untracked 
|  71|0x0000000612c00000, 0x0000000612c00000, 0x0000000613000000|  0%| F|  |TAMS 0x0000000612c00000| PB 0x0000000612c00000| Untracked 
|  72|0x0000000613000000, 0x0000000613000000, 0x0000000613400000|  0%| F|  |TAMS 0x0000000613000000| PB 0x0000000613000000| Untracked 
|  73|0x0000000613400000, 0x0000000613400000, 0x0000000613800000|  0%| F|  |TAMS 0x0000000613400000| PB 0x0000000613400000| Untracked 
|  74|0x0000000613800000, 0x0000000613800000, 0x0000000613c00000|  0%| F|  |TAMS 0x0000000613800000| PB 0x0000000613800000| Untracked 
|  75|0x0000000613c00000, 0x0000000613c00000, 0x0000000614000000|  0%| F|  |TAMS 0x0000000613c00000| PB 0x0000000613c00000| Untracked 
|  76|0x0000000614000000, 0x0000000614000000, 0x0000000614400000|  0%| F|  |TAMS 0x0000000614000000| PB 0x0000000614000000| Untracked 
|  77|0x0000000614400000, 0x0000000614400000, 0x0000000614800000|  0%| F|  |TAMS 0x0000000614400000| PB 0x0000000614400000| Untracked 
|  78|0x0000000614800000, 0x0000000614800000, 0x0000000614c00000|  0%| F|  |TAMS 0x0000000614800000| PB 0x0000000614800000| Untracked 
|  79|0x0000000614c00000, 0x0000000614c00000, 0x0000000615000000|  0%| F|  |TAMS 0x0000000614c00000| PB 0x0000000614c00000| Untracked 
|  80|0x0000000615000000, 0x0000000615000000, 0x0000000615400000|  0%| F|  |TAMS 0x0000000615000000| PB 0x0000000615000000| Untracked 
|  81|0x0000000615400000, 0x0000000615400000, 0x0000000615800000|  0%| F|  |TAMS 0x0000000615400000| PB 0x0000000615400000| Untracked 
|  82|0x0000000615800000, 0x0000000615800000, 0x0000000615c00000|  0%| F|  |TAMS 0x0000000615800000| PB 0x0000000615800000| Untracked 
|  83|0x0000000615c00000, 0x0000000615c00000, 0x0000000616000000|  0%| F|  |TAMS 0x0000000615c00000| PB 0x0000000615c00000| Untracked 
|  84|0x0000000616000000, 0x0000000616000000, 0x0000000616400000|  0%| F|  |TAMS 0x0000000616000000| PB 0x0000000616000000| Untracked 
|  85|0x0000000616400000, 0x0000000616400000, 0x0000000616800000|  0%| F|  |TAMS 0x0000000616400000| PB 0x0000000616400000| Untracked 
|  86|0x0000000616800000, 0x0000000616800000, 0x0000000616c00000|  0%| F|  |TAMS 0x0000000616800000| PB 0x0000000616800000| Untracked 
|  87|0x0000000616c00000, 0x0000000616c00000, 0x0000000617000000|  0%| F|  |TAMS 0x0000000616c00000| PB 0x0000000616c00000| Untracked 
|  88|0x0000000617000000, 0x0000000617000000, 0x0000000617400000|  0%| F|  |TAMS 0x0000000617000000| PB 0x0000000617000000| Untracked 
|  89|0x0000000617400000, 0x0000000617400000, 0x0000000617800000|  0%| F|  |TAMS 0x0000000617400000| PB 0x0000000617400000| Untracked 
|  90|0x0000000617800000, 0x0000000617800000, 0x0000000617c00000|  0%| F|  |TAMS 0x0000000617800000| PB 0x0000000617800000| Untracked 
|  91|0x0000000617c00000, 0x0000000617c00000, 0x0000000618000000|  0%| F|  |TAMS 0x0000000617c00000| PB 0x0000000617c00000| Untracked 
|  92|0x0000000618000000, 0x0000000618000000, 0x0000000618400000|  0%| F|  |TAMS 0x0000000618000000| PB 0x0000000618000000| Untracked 
|  93|0x0000000618400000, 0x0000000618400000, 0x0000000618800000|  0%| F|  |TAMS 0x0000000618400000| PB 0x0000000618400000| Untracked 
|  94|0x0000000618800000, 0x0000000618800000, 0x0000000618c00000|  0%| F|  |TAMS 0x0000000618800000| PB 0x0000000618800000| Untracked 
|  95|0x0000000618c00000, 0x0000000618c00000, 0x0000000619000000|  0%| F|  |TAMS 0x0000000618c00000| PB 0x0000000618c00000| Untracked 
|  96|0x0000000619000000, 0x0000000619000000, 0x0000000619400000|  0%| F|  |TAMS 0x0000000619000000| PB 0x0000000619000000| Untracked 
|  97|0x0000000619400000, 0x0000000619400000, 0x0000000619800000|  0%| F|  |TAMS 0x0000000619400000| PB 0x0000000619400000| Untracked 
|  98|0x0000000619800000, 0x0000000619800000, 0x0000000619c00000|  0%| F|  |TAMS 0x0000000619800000| PB 0x0000000619800000| Untracked 
|  99|0x0000000619c00000, 0x0000000619c00000, 0x000000061a000000|  0%| F|  |TAMS 0x0000000619c00000| PB 0x0000000619c00000| Untracked 
| 100|0x000000061a000000, 0x000000061a000000, 0x000000061a400000|  0%| F|  |TAMS 0x000000061a000000| PB 0x000000061a000000| Untracked 
| 101|0x000000061a400000, 0x000000061a400000, 0x000000061a800000|  0%| F|  |TAMS 0x000000061a400000| PB 0x000000061a400000| Untracked 
| 102|0x000000061a800000, 0x000000061a800000, 0x000000061ac00000|  0%| F|  |TAMS 0x000000061a800000| PB 0x000000061a800000| Untracked 
| 103|0x000000061ac00000, 0x000000061ac00000, 0x000000061b000000|  0%| F|  |TAMS 0x000000061ac00000| PB 0x000000061ac00000| Untracked 
| 104|0x000000061b000000, 0x000000061b000000, 0x000000061b400000|  0%| F|  |TAMS 0x000000061b000000| PB 0x000000061b000000| Untracked 
| 105|0x000000061b400000, 0x000000061b400000, 0x000000061b800000|  0%| F|  |TAMS 0x000000061b400000| PB 0x000000061b400000| Untracked 
| 106|0x000000061b800000, 0x000000061b800000, 0x000000061bc00000|  0%| F|  |TAMS 0x000000061b800000| PB 0x000000061b800000| Untracked 
| 107|0x000000061bc00000, 0x000000061bc00000, 0x000000061c000000|  0%| F|  |TAMS 0x000000061bc00000| PB 0x000000061bc00000| Untracked 
| 108|0x000000061c000000, 0x000000061c000000, 0x000000061c400000|  0%| F|  |TAMS 0x000000061c000000| PB 0x000000061c000000| Untracked 
| 109|0x000000061c400000, 0x000000061c400000, 0x000000061c800000|  0%| F|  |TAMS 0x000000061c400000| PB 0x000000061c400000| Untracked 
| 110|0x000000061c800000, 0x000000061c800000, 0x000000061cc00000|  0%| F|  |TAMS 0x000000061c800000| PB 0x000000061c800000| Untracked 
| 111|0x000000061cc00000, 0x000000061cc00000, 0x000000061d000000|  0%| F|  |TAMS 0x000000061cc00000| PB 0x000000061cc00000| Untracked 
| 112|0x000000061d000000, 0x000000061d000000, 0x000000061d400000|  0%| F|  |TAMS 0x000000061d000000| PB 0x000000061d000000| Untracked 
| 113|0x000000061d400000, 0x000000061d400000, 0x000000061d800000|  0%| F|  |TAMS 0x000000061d400000| PB 0x000000061d400000| Untracked 
| 114|0x000000061d800000, 0x000000061d800000, 0x000000061dc00000|  0%| F|  |TAMS 0x000000061d800000| PB 0x000000061d800000| Untracked 
| 115|0x000000061dc00000, 0x000000061dc00000, 0x000000061e000000|  0%| F|  |TAMS 0x000000061dc00000| PB 0x000000061dc00000| Untracked 
| 116|0x000000061e000000, 0x000000061e000000, 0x000000061e400000|  0%| F|  |TAMS 0x000000061e000000| PB 0x000000061e000000| Untracked 
| 117|0x000000061e400000, 0x000000061e400000, 0x000000061e800000|  0%| F|  |TAMS 0x000000061e400000| PB 0x000000061e400000| Untracked 
| 118|0x000000061e800000, 0x000000061e800000, 0x000000061ec00000|  0%| F|  |TAMS 0x000000061e800000| PB 0x000000061e800000| Untracked 
| 119|0x000000061ec00000, 0x000000061ec00000, 0x000000061f000000|  0%| F|  |TAMS 0x000000061ec00000| PB 0x000000061ec00000| Untracked 
| 120|0x000000061f000000, 0x000000061f000000, 0x000000061f400000|  0%| F|  |TAMS 0x000000061f000000| PB 0x000000061f000000| Untracked 
| 121|0x000000061f400000, 0x000000061f400000, 0x000000061f800000|  0%| F|  |TAMS 0x000000061f400000| PB 0x000000061f400000| Untracked 
| 122|0x000000061f800000, 0x000000061f800000, 0x000000061fc00000|  0%| F|  |TAMS 0x000000061f800000| PB 0x000000061f800000| Untracked 
| 123|0x000000061fc00000, 0x000000061fc00000, 0x0000000620000000|  0%| F|  |TAMS 0x000000061fc00000| PB 0x000000061fc00000| Untracked 
| 124|0x0000000620000000, 0x00000006201ed500, 0x0000000620400000| 48%| E|  |TAMS 0x0000000620000000| PB 0x0000000620000000| Complete 
| 125|0x0000000620400000, 0x0000000620800000, 0x0000000620800000|100%| E|CS|TAMS 0x0000000620400000| PB 0x0000000620400000| Complete 
| 126|0x0000000620800000, 0x0000000620c00000, 0x0000000620c00000|100%| E|CS|TAMS 0x0000000620800000| PB 0x0000000620800000| Complete 
| 127|0x0000000620c00000, 0x0000000621000000, 0x0000000621000000|100%| E|CS|TAMS 0x0000000620c00000| PB 0x0000000620c00000| Complete 

Card table byte_map: [0x0000018439100000,0x000001843a100000] _byte_map_base: 0x00000184360f8000

Marking Bits: (CMBitMap*) 0x0000018425b0c880
 Bits: [0x000001843a100000, 0x00000184420c0000)

Polling page: 0x0000018423a60000

Metaspace:

Usage:
  Non-class:     13.70 MB used.
      Class:      1.63 MB used.
       Both:     15.33 MB used.

Virtual space:
  Non-class space:       64.00 MB reserved,      13.81 MB ( 22%) committed,  1 nodes.
      Class space:        1.00 GB reserved,       1.69 MB ( <1%) committed,  1 nodes.
             Both:        1.06 GB reserved,      15.50 MB (  1%) committed. 

Chunk freelists:
   Non-Class:  2.14 MB
       Class:  14.19 MB
        Both:  16.33 MB

MaxMetaspaceSize: unlimited
CompressedClassSpaceSize: 1.00 GB
Initial GC threshold: 21.00 MB
Current GC threshold: 21.00 MB
CDS: off
 - commit_granule_bytes: 65536.
 - commit_granule_words: 8192.
 - virtual_space_node_default_size: 8388608.
 - enlarge_chunks_in_place: 1.
 - use_allocation_guard: 0.


Internal statistics:

num_allocs_failed_limit: 0.
num_arena_births: 222.
num_arena_deaths: 0.
num_vsnodes_births: 2.
num_vsnodes_deaths: 0.
num_space_committed: 248.
num_space_uncommitted: 0.
num_chunks_returned_to_freelist: 0.
num_chunks_taken_from_freelist: 403.
num_chunk_merges: 0.
num_chunk_splits: 216.
num_chunks_enlarged: 86.
num_inconsistent_stats: 0.

CodeHeap 'non-profiled nmethods': size=120000Kb used=358Kb max_used=358Kb free=119641Kb
 bounds [0x0000018430680000, 0x00000184308f0000, 0x0000018437bb0000]
CodeHeap 'profiled nmethods': size=120000Kb used=1667Kb max_used=1667Kb free=118333Kb
 bounds [0x0000018428bb0000, 0x0000018428e20000, 0x00000184300e0000]
CodeHeap 'non-nmethods': size=5760Kb used=1403Kb max_used=1421Kb free=4356Kb
 bounds [0x00000184300e0000, 0x0000018430350000, 0x0000018430680000]
 total_blobs=1553 nmethods=1042 adapters=416
 compilation: enabled
              stopped_count=0, restarted_count=0
 full_count=0

Compilation events (20 events):
Event: 0.346 Thread 0x00000184490c6b40 1034       3       sun.security.util.math.intpoly.IntegerPolynomial::get0 (10 bytes)
Event: 0.346 Thread 0x00000184490c6b40 nmethod 1034 0x0000018428d4f210 code [0x0000018428d4f3c0, 0x0000018428d4f5c8]
Event: 0.346 Thread 0x00000184490c6b40 1035       3       sun.security.util.math.intpoly.IntegerPolynomial::get0 (5 bytes)
Event: 0.346 Thread 0x00000184490c6b40 nmethod 1035 0x0000018428d4f710 code [0x0000018428d4f8c0, 0x0000018428d4fbb0]
Event: 0.348 Thread 0x00000184490c4fb0 nmethod 1020 0x00000184306d5610 code [0x00000184306d57c0, 0x00000184306d5d50]
Event: 0.350 Thread 0x00000184490c4fb0 1036       4       sun.security.ec.ECOperations$PointMultiplier::lookup (84 bytes)
Event: 0.353 Thread 0x0000018449898330 nmethod 1027 0x00000184306d5f10 code [0x00000184306d6100, 0x00000184306d6a30]
Event: 0.353 Thread 0x0000018449898330 1037       4       sun.security.util.math.intpoly.IntegerPolynomial$MutableElement::setAdditiveInverse (32 bytes)
Event: 0.354 Thread 0x0000018449898330 nmethod 1037 0x00000184306d6f10 code [0x00000184306d70a0, 0x00000184306d7278]
Event: 0.357 Thread 0x00000184490c6b40 1038       3       sun.security.ec.ECOperations$PointMultiplier$Secp256R1GeneratorMultiplier::bit (13 bytes)
Event: 0.357 Thread 0x00000184490c6b40 nmethod 1038 0x0000018428d4fd10 code [0x0000018428d4fea0, 0x0000018428d4ffc8]
Event: 0.358 Thread 0x00000184490c6b40 1039       1       java.security.Provider::getName (5 bytes)
Event: 0.358 Thread 0x00000184490c6b40 nmethod 1039 0x00000184306d7390 code [0x00000184306d7520, 0x00000184306d75f0]
Event: 0.358 Thread 0x00000184490c6b40 1040       3       java.nio.HeapByteBuffer::ix (7 bytes)
Event: 0.358 Thread 0x00000184490c6b40 nmethod 1040 0x0000018428d50090 code [0x0000018428d50220, 0x0000018428d50330]
Event: 0.358 Thread 0x00000184490c6b40 1041       3       java.lang.Enum::hashCode (21 bytes)
Event: 0.358 Thread 0x00000184490c6b40 nmethod 1041 0x0000018428d50390 code [0x0000018428d50540, 0x0000018428d506c8]
Event: 0.358 Thread 0x0000018449898330 1042       4       java.util.HashMap::putVal (300 bytes)
Event: 0.359 Thread 0x00000184490c6b40 1043  s    3       java.io.ByteArrayOutputStream::toByteArray (12 bytes)
Event: 0.359 Thread 0x00000184490c6b40 nmethod 1043 0x0000018428d50790 code [0x0000018428d50940, 0x0000018428d50b50]

GC Heap History (0 events):
No events

Dll operation events (2 events):
Event: 0.004 Loaded shared library G:\Andoid Studio\jbr\bin\java.dll
Event: 0.007 Loaded shared library G:\Andoid Studio\jbr\bin\zip.dll

Deoptimization events (8 events):
Event: 0.131 Thread 0x000001842373bcd0 Uncommon trap: trap_request=0xffffff45 fr.pc=0x0000018430693a14 relative=0x0000000000000074
Event: 0.131 Thread 0x000001842373bcd0 Uncommon trap: reason=unstable_if action=reinterpret pc=0x0000018430693a14 method=java.lang.CharacterDataLatin1.toLowerCase(I)I @ 16 c2
Event: 0.131 Thread 0x000001842373bcd0 DEOPT PACKING pc=0x0000018430693a14 sp=0x0000004e318fb290
Event: 0.131 Thread 0x000001842373bcd0 DEOPT UNPACKING pc=0x00000184301346a2 sp=0x0000004e318fb220 mode 2
Event: 0.202 Thread 0x000001842373bcd0 DEOPT PACKING pc=0x0000018428bc7278 sp=0x0000004e318fc9e0
Event: 0.202 Thread 0x000001842373bcd0 DEOPT UNPACKING pc=0x0000018430134e42 sp=0x0000004e318fbe00 mode 0
Event: 0.228 Thread 0x000001842373bcd0 DEOPT PACKING pc=0x0000018428bc4758 sp=0x0000004e318fe8b0
Event: 0.228 Thread 0x000001842373bcd0 DEOPT UNPACKING pc=0x0000018430134e42 sp=0x0000004e318fdd18 mode 0

Classes loaded (20 events):
Event: 0.358 Loading class sun/security/ssl/SSLEngineOutputRecord$HandshakeMemo
Event: 0.358 Loading class sun/security/ssl/SSLEngineOutputRecord$RecordMemo
Event: 0.358 Loading class sun/security/ssl/SSLEngineOutputRecord$RecordMemo done
Event: 0.358 Loading class sun/security/ssl/SSLEngineOutputRecord$HandshakeMemo done
Event: 0.358 Loading class sun/security/ssl/ContentType
Event: 0.358 Loading class sun/security/ssl/ContentType done
Event: 0.358 Loading class javax/net/ssl/SSLEngineResult$HandshakeStatus
Event: 0.358 Loading class javax/net/ssl/SSLEngineResult$HandshakeStatus done
Event: 0.358 Loading class sun/security/ssl/OutputRecord$T13PaddingHolder
Event: 0.358 Loading class sun/security/ssl/OutputRecord$T13PaddingHolder done
Event: 0.358 Loading class sun/security/ssl/Ciphertext
Event: 0.358 Loading class sun/security/ssl/Ciphertext done
Event: 0.358 Loading class sun/security/ssl/PostHandshakeContext
Event: 0.359 Loading class sun/security/ssl/PostHandshakeContext done
Event: 0.359 Loading class javax/net/ssl/SSLEngineResult$Status
Event: 0.359 Loading class javax/net/ssl/SSLEngineResult$Status done
Event: 0.359 Loading class javax/net/ssl/SSLEngineResult
Event: 0.359 Loading class javax/net/ssl/SSLEngineResult done
Event: 0.359 Loading class java/lang/NoSuchFieldError
Event: 0.359 Loading class java/lang/NoSuchFieldError done

Classes unloaded (0 events):
No events

Classes redefined (0 events):
No events

Internal exceptions (20 events):
Event: 0.193 Thread 0x000001842373bcd0 Exception <a 'java/lang/NoSuchMethodError'{0x0000000620aa1f30}: 'int java.lang.invoke.DirectMethodHandle$Holder.invokeVirtual(java.lang.Object, java.lang.Object)'> (0x0000000620aa1f30) 
thrown [s\src\hotspot\share\interpreter\linkResolver.cpp, line 784]
Event: 0.193 Thread 0x000001842373bcd0 Exception <a 'java/lang/NoSuchMethodError'{0x0000000620aa6198}: 'int java.lang.invoke.DirectMethodHandle$Holder.invokeStaticInit(java.lang.Object, int, int)'> (0x0000000620aa6198) 
thrown [s\src\hotspot\share\interpreter\linkResolver.cpp, line 784]
Event: 0.194 Thread 0x000001842373bcd0 Exception <a 'java/lang/NoSuchMethodError'{0x0000000620aad558}: 'int java.lang.invoke.DirectMethodHandle$Holder.invokeStaticInit(java.lang.Object, long, long)'> (0x0000000620aad558) 
thrown [s\src\hotspot\share\interpreter\linkResolver.cpp, line 784]
Event: 0.194 Thread 0x000001842373bcd0 Exception <a 'java/lang/NoSuchMethodError'{0x0000000620ab3f98}: 'int java.lang.invoke.DirectMethodHandle$Holder.invokeStaticInit(java.lang.Object, float, float)'> (0x0000000620ab3f98) 
thrown [s\src\hotspot\share\interpreter\linkResolver.cpp, line 784]
Event: 0.194 Thread 0x000001842373bcd0 Exception <a 'java/lang/NoSuchMethodError'{0x0000000620aba8a8}: 'int java.lang.invoke.DirectMethodHandle$Holder.invokeStaticInit(java.lang.Object, double, double)'> (0x0000000620aba8a8) 
thrown [s\src\hotspot\share\interpreter\linkResolver.cpp, line 784]
Event: 0.195 Thread 0x000001842373bcd0 Exception <a 'java/lang/NoSuchMethodError'{0x0000000620abed30}: 'int java.lang.invoke.DirectMethodHandle$Holder.invokeStatic(java.lang.Object, long)'> (0x0000000620abed30) 
thrown [s\src\hotspot\share\interpreter\linkResolver.cpp, line 784]
Event: 0.197 Thread 0x000001842373bcd0 Exception <a 'java/lang/NoSuchMethodError'{0x0000000620aeabb0}: 'java.lang.Object java.lang.invoke.DelegatingMethodHandle$Holder.delegate(java.lang.Object, int, java.lang.Object, java.lang.Object)'> (0x0000000620aeabb0) 
thrown [s\src\hotspot\share\interpreter\linkResolver.cpp, line 784]
Event: 0.198 Thread 0x000001842373bcd0 Exception <a 'java/lang/NoSuchMethodError'{0x0000000620af9fd0}: 'int java.lang.invoke.Invokers$Holder.linkToTargetMethod(java.lang.Object, java.lang.Object, java.lang.Object)'> (0x0000000620af9fd0) 
thrown [s\src\hotspot\share\interpreter\linkResolver.cpp, line 784]
Event: 0.200 Thread 0x000001842373bcd0 Exception <a 'java/lang/NoSuchMethodError'{0x0000000620b28be8}: 'long java.lang.invoke.DirectMethodHandle$Holder.invokeSpecial(java.lang.Object, java.lang.Object)'> (0x0000000620b28be8) 
thrown [s\src\hotspot\share\interpreter\linkResolver.cpp, line 784]
Event: 0.201 Thread 0x000001842373bcd0 Exception <a 'java/lang/NoSuchMethodError'{0x0000000620b2f2e8}: 'int java.lang.invoke.DirectMethodHandle$Holder.invokeStatic(java.lang.Object, java.lang.Object, java.lang.Object, java.lang.Object)'> (0x0000000620b2f2e8) 
thrown [s\src\hotspot\share\interpreter\linkResolver.cpp, line 784]
Event: 0.201 Thread 0x000001842373bcd0 Exception <a 'java/lang/NoSuchMethodError'{0x0000000620b326b8}: 'java.lang.Object java.lang.invoke.Invokers$Holder.invokeExact_MT(java.lang.Object, java.lang.Object, java.lang.Object, java.lang.Object, java.lang.Object, java.lang.Object)'> (0x0000000620b326b8) 
thrown [s\src\hotspot\share\interpreter\linkResolver.cpp, line 784]
Event: 0.240 Thread 0x000001842373bcd0 Exception <a 'java/lang/NoSuchMethodError'{0x00000006204aeeb0}: 'java.lang.Object java.lang.invoke.DirectMethodHandle$Holder.newInvokeSpecial(java.lang.Object, java.lang.Object, java.lang.Object, java.lang.Object, java.lang.Object)'> (0x00000006204aeeb0) 
thrown [s\src\hotspot\share\interpreter\linkResolver.cpp, line 784]
Event: 0.286 Thread 0x000001842373bcd0 Exception <a 'java/lang/NoSuchMethodError'{0x000000062067c0f8}: 'java.lang.Object java.lang.invoke.DirectMethodHandle$Holder.invokeSpecial(java.lang.Object, java.lang.Object, java.lang.Object, java.lang.Object, int)'> (0x000000062067c0f8) 
thrown [s\src\hotspot\share\interpreter\linkResolver.cpp, line 784]
Event: 0.286 Thread 0x000001842373bcd0 Exception <a 'java/lang/NoSuchMethodError'{0x000000062067fc80}: 'java.lang.Object java.lang.invoke.Invokers$Holder.linkToTargetMethod(java.lang.Object, java.lang.Object, int, java.lang.Object)'> (0x000000062067fc80) 
thrown [s\src\hotspot\share\interpreter\linkResolver.cpp, line 784]
Event: 0.289 Thread 0x000001842373bcd0 Exception <a 'java/lang/NoSuchMethodError'{0x00000006206aa958}: 'void java.lang.invoke.DirectMethodHandle$Holder.invokeSpecial(java.lang.Object, java.lang.Object, java.lang.Object)'> (0x00000006206aa958) 
thrown [s\src\hotspot\share\interpreter\linkResolver.cpp, line 784]
Event: 0.296 Thread 0x000001842373bcd0 Exception <a 'java/lang/NoSuchMethodError'{0x0000000620721090}: 'void java.lang.invoke.DirectMethodHandle$Holder.invokeSpecial(java.lang.Object, java.lang.Object, java.lang.Object, java.lang.Object, java.lang.Object)'> (0x0000000620721090) 
thrown [s\src\hotspot\share\interpreter\linkResolver.cpp, line 784]
Event: 0.296 Thread 0x0000018449709e70 Exception <a 'java/lang/NoSuchMethodError'{0x0000000620516878}: 'void java.lang.invoke.DirectMethodHandle$Holder.invokeStatic(java.lang.Object, java.lang.Object, int)'> (0x0000000620516878) 
thrown [s\src\hotspot\share\interpreter\linkResolver.cpp, line 784]
Event: 0.300 Thread 0x0000018449709e70 Exception <a 'java/lang/NoSuchMethodError'{0x000000062054ef98}: 'void java.lang.invoke.DirectMethodHandle$Holder.invokeStatic(java.lang.Object, java.lang.Object)'> (0x000000062054ef98) 
thrown [s\src\hotspot\share\interpreter\linkResolver.cpp, line 784]
Event: 0.301 Thread 0x00000184497ed7c0 Exception <a 'java/lang/NoSuchMethodError'{0x0000000620793650}: 'void java.lang.invoke.DirectMethodHandle$Holder.invokeInterface(java.lang.Object, java.lang.Object, java.lang.Object)'> (0x0000000620793650) 
thrown [s\src\hotspot\share\interpreter\linkResolver.cpp, line 784]
Event: 0.304 Thread 0x00000184497ed7c0 Exception <a 'java/lang/NoSuchMethodError'{0x00000006207dc5b8}: 'void java.lang.invoke.DirectMethodHandle$Holder.invokeVirtual(java.lang.Object, java.lang.Object)'> (0x00000006207dc5b8) 
thrown [s\src\hotspot\share\interpreter\linkResolver.cpp, line 784]

ZGC Phase Switch (0 events):
No events

VM Operations (6 events):
Event: 0.062 Executing VM operation: HandshakeAllThreads (Deoptimize)
Event: 0.062 Executing VM operation: HandshakeAllThreads (Deoptimize) done
Event: 0.067 Executing VM operation: HandshakeAllThreads (Deoptimize)
Event: 0.067 Executing VM operation: HandshakeAllThreads (Deoptimize) done
Event: 0.163 Executing VM operation: HandshakeAllThreads (Deoptimize)
Event: 0.163 Executing VM operation: HandshakeAllThreads (Deoptimize) done

Events (20 events):
Event: 0.031 Thread 0x00000184490ddf10 Thread added: 0x00000184490ddf10
Event: 0.031 Thread 0x00000184490badb0 Thread added: 0x00000184490badb0
Event: 0.032 Thread 0x00000184490c8270 Thread added: 0x00000184490c8270
Event: 0.032 Thread 0x00000184490c8cd0 Thread added: 0x00000184490c8cd0
Event: 0.032 Thread 0x00000184490e6d80 Thread added: 0x00000184490e6d80
Event: 0.032 Thread 0x00000184490e7f80 Thread added: 0x00000184490e7f80
Event: 0.032 Thread 0x00000184490c4fb0 Thread added: 0x00000184490c4fb0
Event: 0.032 Thread 0x00000184490c6b40 Thread added: 0x00000184490c6b40
Event: 0.047 Thread 0x000001844929d1b0 Thread added: 0x000001844929d1b0
Event: 0.050 Thread 0x00000184492a2840 Thread added: 0x00000184492a2840
Event: 0.053 Loaded shared library G:\Andoid Studio\jbr\bin\net.dll
Event: 0.054 Loaded shared library G:\Andoid Studio\jbr\bin\nio.dll
Event: 0.058 Loaded shared library G:\Andoid Studio\jbr\bin\zip.dll
Event: 0.100 Loaded shared library G:\Andoid Studio\jbr\bin\jimage.dll
Event: 0.234 Loaded shared library G:\Andoid Studio\jbr\bin\extnet.dll
Event: 0.237 Thread 0x0000018449709e70 Thread added: 0x0000018449709e70
Event: 0.300 Thread 0x00000184497ed7c0 Thread added: 0x00000184497ed7c0
Event: 0.307 Thread 0x00000184497c84f0 Thread added: 0x00000184497c84f0
Event: 0.330 Thread 0x00000184498ad1a0 Thread added: 0x00000184498ad1a0
Event: 0.330 Thread 0x0000018449898330 Thread added: 0x0000018449898330


Dynamic libraries:
0x00007ff74b590000 - 0x00007ff74b59a000 	G:\Andoid Studio\jbr\bin\java.exe
0x00007ffd4ecb0000 - 0x00007ffd4eec7000 	C:\Windows\SYSTEM32\ntdll.dll
0x00007ffd4d060000 - 0x00007ffd4d124000 	C:\Windows\System32\KERNEL32.DLL
0x00007ffd4c1b0000 - 0x00007ffd4c56a000 	C:\Windows\System32\KERNELBASE.dll
0x00007ffd4c5f0000 - 0x00007ffd4c701000 	C:\Windows\System32\ucrtbase.dll
0x00007ffd472b0000 - 0x00007ffd472c8000 	G:\Andoid Studio\jbr\bin\jli.dll
0x00007ffd473d0000 - 0x00007ffd473eb000 	G:\Andoid Studio\jbr\bin\VCRUNTIME140.dll
0x00007ffd4e8d0000 - 0x00007ffd4ea7e000 	C:\Windows\System32\USER32.dll
0x00007ffd3be40000 - 0x00007ffd3c0d2000 	C:\Windows\WinSxS\amd64_microsoft.windows.common-controls_6595b64144ccf1df_6.0.22621.4541_none_2710d1c57384c085\COMCTL32.dll
0x00007ffd4c8b0000 - 0x00007ffd4c8d6000 	C:\Windows\System32\win32u.dll
0x00007ffd4de30000 - 0x00007ffd4ded7000 	C:\Windows\System32\msvcrt.dll
0x00007ffd4d350000 - 0x00007ffd4d379000 	C:\Windows\System32\GDI32.dll
0x00007ffd4c790000 - 0x00007ffd4c8ab000 	C:\Windows\System32\gdi32full.dll
0x00007ffd4c910000 - 0x00007ffd4c9aa000 	C:\Windows\System32\msvcp_win.dll
0x00007ffd4c9b0000 - 0x00007ffd4c9e1000 	C:\Windows\System32\IMM32.DLL
0x00007ffd47b80000 - 0x00007ffd47b8c000 	G:\Andoid Studio\jbr\bin\vcruntime140_1.dll
0x00007ffd06170000 - 0x00007ffd061fd000 	G:\Andoid Studio\jbr\bin\msvcp140.dll
0x00007ffcc6000000 - 0x00007ffcc6c7d000 	G:\Andoid Studio\jbr\bin\server\jvm.dll
0x00007ffd4cfa0000 - 0x00007ffd4d052000 	C:\Windows\System32\ADVAPI32.dll
0x00007ffd4dee0000 - 0x00007ffd4df87000 	C:\Windows\System32\sechost.dll
0x00007ffd4c8e0000 - 0x00007ffd4c908000 	C:\Windows\System32\bcrypt.dll
0x00007ffd4d6c0000 - 0x00007ffd4d7d4000 	C:\Windows\System32\RPCRT4.dll
0x00007ffd4ebd0000 - 0x00007ffd4ec41000 	C:\Windows\System32\WS2_32.dll
0x00007ffd4ba10000 - 0x00007ffd4ba5d000 	C:\Windows\SYSTEM32\POWRPROF.dll
0x00007ffd42c50000 - 0x00007ffd42c84000 	C:\Windows\SYSTEM32\WINMM.dll
0x00007ffd47400000 - 0x00007ffd4740a000 	C:\Windows\SYSTEM32\VERSION.dll
0x00007ffd4b8d0000 - 0x00007ffd4b8e3000 	C:\Windows\SYSTEM32\UMPDC.dll
0x00007ffd4afc0000 - 0x00007ffd4afd8000 	C:\Windows\SYSTEM32\kernel.appcore.dll
0x00007ffd47310000 - 0x00007ffd4731a000 	G:\Andoid Studio\jbr\bin\jimage.dll
0x00007ffd40550000 - 0x00007ffd40782000 	C:\Windows\SYSTEM32\DBGHELP.DLL
0x00007ffd4cc10000 - 0x00007ffd4cf9f000 	C:\Windows\System32\combase.dll
0x00007ffd4c9f0000 - 0x00007ffd4cac7000 	C:\Windows\System32\OLEAUT32.dll
0x00007ffd2d3e0000 - 0x00007ffd2d412000 	C:\Windows\SYSTEM32\dbgcore.DLL
0x00007ffd4c570000 - 0x00007ffd4c5eb000 	C:\Windows\System32\bcryptPrimitives.dll
0x00007ffd3f280000 - 0x00007ffd3f29f000 	G:\Andoid Studio\jbr\bin\java.dll
0x00007ffd3f260000 - 0x00007ffd3f278000 	G:\Andoid Studio\jbr\bin\zip.dll
0x00007ffd4e030000 - 0x00007ffd4e8a8000 	C:\Windows\System32\SHELL32.dll
0x00007ffd49ec0000 - 0x00007ffd4a7c8000 	C:\Windows\SYSTEM32\windows.storage.dll
0x00007ffd49d80000 - 0x00007ffd49ebf000 	C:\Windows\SYSTEM32\wintypes.dll
0x00007ffd4d390000 - 0x00007ffd4d48a000 	C:\Windows\System32\SHCORE.dll
0x00007ffd4dc60000 - 0x00007ffd4dcbe000 	C:\Windows\System32\shlwapi.dll
0x00007ffd4beb0000 - 0x00007ffd4bedb000 	C:\Windows\SYSTEM32\profapi.dll
0x00007ffd47300000 - 0x00007ffd47310000 	G:\Andoid Studio\jbr\bin\net.dll
0x00007ffd46280000 - 0x00007ffd463b6000 	C:\Windows\SYSTEM32\WINHTTP.dll
0x00007ffd4b440000 - 0x00007ffd4b4a9000 	C:\Windows\system32\mswsock.dll
0x00007ffd3f230000 - 0x00007ffd3f246000 	G:\Andoid Studio\jbr\bin\nio.dll
0x00007ffd4b690000 - 0x00007ffd4b6ab000 	C:\Windows\SYSTEM32\CRYPTSP.dll
0x00007ffd4af20000 - 0x00007ffd4af55000 	C:\Windows\system32\rsaenh.dll
0x00007ffd4b530000 - 0x00007ffd4b558000 	C:\Windows\SYSTEM32\USERENV.dll
0x00007ffd4b6b0000 - 0x00007ffd4b6bc000 	C:\Windows\SYSTEM32\CRYPTBASE.dll
0x00007ffd4aa70000 - 0x00007ffd4aa9d000 	C:\Windows\SYSTEM32\IPHLPAPI.DLL
0x00007ffd4d6b0000 - 0x00007ffd4d6b9000 	C:\Windows\System32\NSI.dll
0x00007ffd23710000 - 0x00007ffd23718000 	C:\Windows\system32\wshunix.dll
0x00007ffd3f220000 - 0x00007ffd3f229000 	G:\Andoid Studio\jbr\bin\extnet.dll

dbghelp: loaded successfully - version: 4.0.5 - missing functions: none
symbol engine: initialized successfully - sym options: 0x614 - pdb path: .;G:\Andoid Studio\jbr\bin;C:\Windows\SYSTEM32;C:\Windows\WinSxS\amd64_microsoft.windows.common-controls_6595b64144ccf1df_6.0.22621.4541_none_2710d1c57384c085;G:\Andoid Studio\jbr\bin\server

VM Arguments:
java_command: git4idea.http.GitAskPassApp Username for 'https://github.com': 
java_class_path (initial): G:/Andoid Studio/plugins/vcs-git/lib/git4idea-rt.jar;G:/Andoid Studio/lib/externalProcess-rt.jar
Launcher Type: SUN_STANDARD

[Global flags]
     intx CICompilerCount                          = 4                                         {product} {ergonomic}
     uint ConcGCThreads                            = 3                                         {product} {ergonomic}
     uint G1ConcRefinementThreads                  = 10                                        {product} {ergonomic}
   size_t G1HeapRegionSize                         = 4194304                                   {product} {ergonomic}
    uintx GCDrainStackTargetSize                   = 64                                        {product} {ergonomic}
   size_t InitialHeapSize                          = 536870912                                 {product} {ergonomic}
   size_t MarkStackSize                            = 4194304                                   {product} {ergonomic}
   size_t MaxHeapSize                              = 8573157376                                {product} {ergonomic}
   size_t MaxNewSize                               = 5142216704                                {product} {ergonomic}
   size_t MinHeapDeltaBytes                        = 4194304                                   {product} {ergonomic}
   size_t MinHeapSize                              = 8388608                                   {product} {ergonomic}
    uintx NonNMethodCodeHeapSize                   = 5839372                                {pd product} {ergonomic}
    uintx NonProfiledCodeHeapSize                  = 122909434                              {pd product} {ergonomic}
    uintx ProfiledCodeHeapSize                     = 122909434                              {pd product} {ergonomic}
    uintx ReservedCodeCacheSize                    = 251658240                              {pd product} {ergonomic}
     bool SegmentedCodeCache                       = true                                      {product} {ergonomic}
   size_t SoftMaxHeapSize                          = 8573157376                             {manageable} {ergonomic}
     bool UseCompressedOops                        = true                           {product lp64_product} {ergonomic}
     bool UseG1GC                                  = true                                      {product} {ergonomic}
     bool UseLargePagesIndividualAllocation        = false                                  {pd product} {ergonomic}

Logging:
Log output configuration:
 #0: stdout all=warning uptime,level,tags foldmultilines=false
 #1: stderr all=off uptime,level,tags foldmultilines=false

Environment Variables:
PATH=C:/Program Files/Git/mingw64/libexec/git-core;C:/Program Files/Git/mingw64/libexec/git-core;C:\Program Files\Git\mingw64\bin;C:\Program Files\Git\usr\bin;C:\Users\lbxru\bin;C:\Windows\system32;C:\Windows;C:\Windows\System32\Wbem;C:\Windows\System32\WindowsPowerShell\v1.0\;C:\Windows\System32\OpenSSH\;C:\Program Files (x86)\NVIDIA Corporation\PhysX\Common;C:\Program Files\WireGuard\;C:\Program Files\Git\cmd;C:\Program Files\NVIDIA Corporation\NVIDIA app\NvDLISR;G:\NoteJs\;C:\Users\lbxru\AppData\Local\Microsoft\WindowsApps;G:\Microsoft VS Code\bin;C:\Users\lbxru\AppData\Roaming\npm
USERNAME=lbxru
DISPLAY=:0.0
LC_ALL=en_US.UTF-8
TERM=xterm-256color
TMPDIR=C:\Users\lbxru\AppData\Local\Temp
OS=Windows_NT
PROCESSOR_IDENTIFIER=AMD64 Family 25 Model 33 Stepping 2, AuthenticAMD
TMP=C:\Users\lbxru\AppData\Local\Temp
TEMP=C:\Users\lbxru\AppData\Local\Temp




Periodic native trim disabled

JNI global refs:
JNI global refs: 21, weak refs: 0

JNI global refs memory usage: 835, weak refs: 833

Process memory usage:
Resident Set Size: 75716K (0% of 33475300K total physical memory with 5663364K free physical memory)

OOME stack traces (most recent first):
Classloader memory used:
Loader bootstrap                                                                       : 14195K
Loader jdk.internal.loader.ClassLoaders$PlatformClassLoader                            : 1483K
Loader jdk.internal.loader.ClassLoaders$AppClassLoader                                 : 16408B

---------------  S Y S T E M  ---------------

OS:
 Windows 11 , 64 bit Build 22621 (10.0.22621.4391)
OS uptime: 16 days 17:56 hours

CPU: total 12 (initial active 12) (12 cores per cpu, 2 threads per core) family 25 model 33 stepping 2 microcode 0x0, cx8, cmov, fxsr, ht, mmx, 3dnowpref, sse, sse2, sse3, ssse3, sse4a, sse4.1, sse4.2, popcnt, lzcnt, tsc, tscinvbit, avx, avx2, aes, erms, clmul, bmi1, bmi2, adx, sha, fma, vzeroupper, clflush, clflushopt, rdtscp, rdpid, fsrm, f16c, pku, cet_ss
Processor Information for all 12 processors :
  Max Mhz: 3501, Current Mhz: 3501, Mhz Limit: 3501

Memory: 4k page, system-wide physical 32690M (5530M free)
TotalPageFile size 45476M (AvailPageFile size 4M)
current process WorkingSet (physical memory assigned to process): 73M, peak: 73M
current process commit charge ("private bytes"): 622M, peak: 623M

vm_info: OpenJDK 64-Bit Server VM (21.0.3+-12282718-b509.11) for windows-amd64 JRE (21.0.3+-12282718-b509.11), built on 2024-08-27T17:34:15Z by "builder" with MS VC++ 16.10 / 16.11 (VS2019)

END.
