#
# There is insufficient memory for the Java Runtime Environment to continue.
# Native memory allocation (mmap) failed to map 65536 bytes. Error detail: Failed to commit metaspace.
# Possible reasons:
#   The system is out of physical RAM or swap space
#   This process is running with CompressedOops enabled, and the Java Heap may be blocking the growth of the native heap
# Possible solutions:
#   Reduce memory load on the system
#   Increase physical memory or swap space
#   Check if swap backing store is full
#   Decrease Java heap size (-Xmx/-Xms)
#   Decrease number of Java threads
#   Decrease Java thread stack sizes (-Xss)
#   Set larger code cache with -XX:ReservedCodeCacheSize=
#   JVM is running with Zero Based Compressed Oops mode in which the Java heap is
#     placed in the first 32GB address space. The Java Heap base address is the
#     maximum limit for the native heap growth. Please use -XX:HeapBaseMinAddress
#     to set the Java Heap base and to place the Java Heap above 32GB virtual address.
# This output file may be truncated or incomplete.
#
#  Out of Memory Error (virtualSpaceNode.cpp:112), pid=29752, tid=12076
#
# JRE version: OpenJDK Runtime Environment (21.0.3) (build 21.0.3+-12282718-b509.11)
# Java VM: OpenJDK 64-Bit Server VM (21.0.3+-12282718-b509.11, mixed mode, tiered, compressed oops, compressed class ptrs, g1 gc, windows-amd64)
# No core dump will be written. Minidumps are not enabled by default on client versions of Windows
#

---------------  S U M M A R Y ------------

Command Line: git4idea.http.GitAskPassApp Username for 'https://github.com': 

Host: AMD Ryzen 5 5600 6-Core Processor              , 12 cores, 31G,  Windows 11 , 64 bit Build 22621 (10.0.22621.4391)
Time: Mon Jan 27 08:34:50 2025 RTZ 2 (s 11 , 64 bit Build 22621 (10.0.22621.4391) elapsed time: 0.253382 seconds (0d 0h 0m 0s)

---------------  T H R E A D  ---------------

Current thread (0x0000023b315a9060):  JavaThread "main"             [_thread_in_vm, id=12076, stack(0x0000003d75d00000,0x0000003d75e00000) (1024K)]

Stack: [0x0000003d75d00000,0x0000003d75e00000]
Native frames: (J=compiled Java code, j=interpreted, Vv=VM code, C=native code)
V  [jvm.dll+0x6cafb9]
V  [jvm.dll+0x858523]
V  [jvm.dll+0x85aa7e]
V  [jvm.dll+0x85b163]
V  [jvm.dll+0x27d356]
V  [jvm.dll+0x8533fe]
V  [jvm.dll+0x66f385]
V  [jvm.dll+0x1e2941]
V  [jvm.dll+0x1e270e]
V  [jvm.dll+0x671cd8]
V  [jvm.dll+0x671b12]
V  [jvm.dll+0x66fd7e]
V  [jvm.dll+0x269b30]
V  [jvm.dll+0x21508b]
V  [jvm.dll+0x20a579]
V  [jvm.dll+0x5ad9c3]
V  [jvm.dll+0x7d0b32]
V  [jvm.dll+0x7d0a84]
V  [jvm.dll+0x46b25f]
V  [jvm.dll+0x47e2d6]
C  [java.dll+0x1657]

Java frames: (J=compiled Java code, j=interpreted, Vv=VM code)
j  java.lang.ClassLoader.defineClass0(Ljava/lang/ClassLoader;Ljava/lang/Class;Ljava/lang/String;[BIILjava/security/ProtectionDomain;ZILjava/lang/Object;)Ljava/lang/Class;+0 java.base@21.0.3
j  java.lang.System$2.defineClass(Ljava/lang/ClassLoader;Ljava/lang/Class;Ljava/lang/String;[BLjava/security/ProtectionDomain;ZILjava/lang/Object;)Ljava/lang/Class;+17 java.base@21.0.3
j  java.lang.invoke.MethodHandles$Lookup$ClassDefiner.defineClass(ZLjava/lang/Object;)Ljava/lang/Class;+57 java.base@21.0.3
j  java.lang.invoke.InnerClassLambdaMetafactory.generateInnerClass()Ljava/lang/Class;+490 java.base@21.0.3
j  java.lang.invoke.InnerClassLambdaMetafactory.spinInnerClass()Ljava/lang/Class;+114 java.base@21.0.3
j  java.lang.invoke.InnerClassLambdaMetafactory.buildCallSite()Ljava/lang/invoke/CallSite;+1 java.base@21.0.3
j  java.lang.invoke.LambdaMetafactory.metafactory(Ljava/lang/invoke/MethodHandles$Lookup;Ljava/lang/String;Ljava/lang/invoke/MethodType;Ljava/lang/invoke/MethodType;Ljava/lang/invoke/MethodHandle;Ljava/lang/invoke/MethodType;)Ljava/lang/invoke/CallSite;+67 java.base@21.0.3
j  java.lang.invoke.DirectMethodHandle$Holder.invokeStatic(Ljava/lang/Object;Ljava/lang/Object;Ljava/lang/Object;Ljava/lang/Object;Ljava/lang/Object;Ljava/lang/Object;Ljava/lang/Object;)Ljava/lang/Object;+20 java.base@21.0.3
j  java.lang.invoke.Invokers$Holder.invokeExact_MT(Ljava/lang/Object;Ljava/lang/Object;Ljava/lang/Object;Ljava/lang/Object;Ljava/lang/Object;Ljava/lang/Object;Ljava/lang/Object;Ljava/lang/Object;)Ljava/lang/Object;+28 java.base@21.0.3
j  java.lang.invoke.BootstrapMethodInvoker.invoke(Ljava/lang/Class;Ljava/lang/invoke/MethodHandle;Ljava/lang/String;Ljava/lang/Object;Ljava/lang/Object;Ljava/lang/Class;)Ljava/lang/Object;+319 java.base@21.0.3
j  java.lang.invoke.CallSite.makeSite(Ljava/lang/invoke/MethodHandle;Ljava/lang/String;Ljava/lang/invoke/MethodType;Ljava/lang/Object;Ljava/lang/Class;)Ljava/lang/invoke/CallSite;+8 java.base@21.0.3
j  java.lang.invoke.MethodHandleNatives.linkCallSiteImpl(Ljava/lang/Class;Ljava/lang/invoke/MethodHandle;Ljava/lang/String;Ljava/lang/invoke/MethodType;Ljava/lang/Object;[Ljava/lang/Object;)Ljava/lang/invoke/MemberName;+6 java.base@21.0.3
j  java.lang.invoke.MethodHandleNatives.linkCallSite(Ljava/lang/Object;Ljava/lang/Object;Ljava/lang/Object;Ljava/lang/Object;Ljava/lang/Object;[Ljava/lang/Object;)Ljava/lang/invoke/MemberName;+45 java.base@21.0.3
v  ~StubRoutines::call_stub 0x0000023b3bc2100d
j  jdk.internal.net.http.Exchange.responseAsyncImpl0(Ljdk/internal/net/http/HttpConnection;)Ljava/util/concurrent/CompletableFuture;+57 java.net.http@21.0.3
j  jdk.internal.net.http.Exchange.responseAsyncImpl(Ljdk/internal/net/http/HttpConnection;)Ljava/util/concurrent/CompletableFuture;+16 java.net.http@21.0.3
j  jdk.internal.net.http.Exchange.responseAsync()Ljava/util/concurrent/CompletableFuture;+2 java.net.http@21.0.3
j  jdk.internal.net.http.MultiExchange.responseAsyncImpl()Ljava/util/concurrent/CompletableFuture;+100 java.net.http@21.0.3
j  jdk.internal.net.http.MultiExchange.lambda$responseAsync0$2(Ljava/lang/Void;)Ljava/util/concurrent/CompletionStage;+1 java.net.http@21.0.3
j  jdk.internal.net.http.MultiExchange$$Lambda+0x000000080015d000.apply(Ljava/lang/Object;)Ljava/lang/Object;+8 java.net.http@21.0.3
j  java.util.concurrent.CompletableFuture$UniCompose.tryFire(I)Ljava/util/concurrent/CompletableFuture;+105 java.base@21.0.3
j  java.util.concurrent.CompletableFuture.postComplete()V+76 java.base@21.0.3
j  java.util.concurrent.CompletableFuture$AsyncSupply.run()V+57 java.base@21.0.3
j  jdk.internal.net.http.HttpClientImpl$DelegatingExecutor.execute(Ljava/lang/Runnable;)V+21 java.net.http@21.0.3
j  java.util.concurrent.CompletableFuture.completeAsync(Ljava/util/function/Supplier;Ljava/util/concurrent/Executor;)Ljava/util/concurrent/CompletableFuture;+26 java.base@21.0.3
j  jdk.internal.net.http.MultiExchange.responseAsync(Ljava/util/concurrent/Executor;)Ljava/util/concurrent/CompletableFuture;+29 java.net.http@21.0.3
j  jdk.internal.net.http.HttpClientImpl.sendAsync(Ljava/net/http/HttpRequest;Ljava/net/http/HttpResponse$BodyHandler;Ljava/net/http/HttpResponse$PushPromiseHandler;Ljava/util/concurrent/Executor;)Ljava/util/concurrent/CompletableFuture;+246 java.net.http@21.0.3
j  jdk.internal.net.http.HttpClientImpl.send(Ljava/net/http/HttpRequest;Ljava/net/http/HttpResponse$BodyHandler;)Ljava/net/http/HttpResponse;+21 java.net.http@21.0.3
j  jdk.internal.net.http.HttpClientFacade.send(Ljava/net/http/HttpRequest;Ljava/net/http/HttpResponse$BodyHandler;)Ljava/net/http/HttpResponse;+6 java.net.http@21.0.3
j  externalApp.ExternalAppUtil.sendIdeRequest(Ljava/lang/String;ILjava/lang/String;Ljava/lang/String;)LexternalApp/ExternalAppUtil$Result;+168
j  git4idea.http.GitAskPassApp.main([Ljava/lang/String;)V+37
v  ~StubRoutines::call_stub 0x0000023b3bc2100d

---------------  P R O C E S S  ---------------

Threads class SMR info:
_java_thread_list=0x0000023b5530ee50, length=12, elements={
0x0000023b315a9060, 0x0000023b50ac68f0, 0x0000023b50ac9620, 0x0000023b50acc200,
0x0000023b50ad5270, 0x0000023b50ae82e0, 0x0000023b50ae8d40, 0x0000023b50b04c50,
0x0000023b50b08af0, 0x0000023b50c92a10, 0x0000023b50c98a70, 0x0000023b5536db60
}

Java Threads: ( => current thread )
=>0x0000023b315a9060 JavaThread "main"                              [_thread_in_vm, id=12076, stack(0x0000003d75d00000,0x0000003d75e00000) (1024K)]
  0x0000023b50ac68f0 JavaThread "Reference Handler"          daemon [_thread_blocked, id=17828, stack(0x0000003d76500000,0x0000003d76600000) (1024K)]
  0x0000023b50ac9620 JavaThread "Finalizer"                  daemon [_thread_blocked, id=9564, stack(0x0000003d76600000,0x0000003d76700000) (1024K)]
  0x0000023b50acc200 JavaThread "Signal Dispatcher"          daemon [_thread_blocked, id=30312, stack(0x0000003d76700000,0x0000003d76800000) (1024K)]
  0x0000023b50ad5270 JavaThread "Attach Listener"            daemon [_thread_blocked, id=30596, stack(0x0000003d76800000,0x0000003d76900000) (1024K)]
  0x0000023b50ae82e0 JavaThread "Service Thread"             daemon [_thread_blocked, id=20184, stack(0x0000003d76900000,0x0000003d76a00000) (1024K)]
  0x0000023b50ae8d40 JavaThread "Monitor Deflation Thread"   daemon [_thread_blocked, id=20848, stack(0x0000003d76a00000,0x0000003d76b00000) (1024K)]
  0x0000023b50b04c50 JavaThread "C2 CompilerThread0"         daemon [_thread_blocked, id=9400, stack(0x0000003d76b00000,0x0000003d76c00000) (1024K)]
  0x0000023b50b08af0 JavaThread "C1 CompilerThread0"         daemon [_thread_blocked, id=4620, stack(0x0000003d76c00000,0x0000003d76d00000) (1024K)]
  0x0000023b50c92a10 JavaThread "Notification Thread"        daemon [_thread_blocked, id=27640, stack(0x0000003d76d00000,0x0000003d76e00000) (1024K)]
  0x0000023b50c98a70 JavaThread "Common-Cleaner"             daemon [_thread_blocked, id=5400, stack(0x0000003d76e00000,0x0000003d76f00000) (1024K)]
  0x0000023b5536db60 JavaThread "HttpClient-1-SelectorManager" daemon [_thread_in_native, id=25192, stack(0x0000003d76f00000,0x0000003d77000000) (1024K)]
Total: 12

Other Threads:
  0x0000023b50a272b0 VMThread "VM Thread"                           [id=20208, stack(0x0000003d76400000,0x0000003d76500000) (1024K)]
  0x0000023b50028de0 WatcherThread "VM Periodic Task Thread"        [id=17364, stack(0x0000003d76300000,0x0000003d76400000) (1024K)]
  0x0000023b3164c650 WorkerThread "GC Thread#0"                     [id=10780, stack(0x0000003d75e00000,0x0000003d75f00000) (1024K)]
  0x0000023b3165d720 ConcurrentGCThread "G1 Main Marker"            [id=6980, stack(0x0000003d75f00000,0x0000003d76000000) (1024K)]
  0x0000023b3165e9d0 WorkerThread "G1 Conc#0"                       [id=23956, stack(0x0000003d76000000,0x0000003d76100000) (1024K)]
  0x0000023b4fee7b90 ConcurrentGCThread "G1 Refine#0"               [id=30652, stack(0x0000003d76100000,0x0000003d76200000) (1024K)]
  0x0000023b4fee8700 ConcurrentGCThread "G1 Service"                [id=30484, stack(0x0000003d76200000,0x0000003d76300000) (1024K)]
Total: 7

Threads with active compile tasks:
Total: 0

VM state: not at safepoint (normal execution)

VM Mutex/Monitor currently owned by a thread:  ([mutex/lock_event])
[0x00007ffcc6b9fec8] Metaspace_lock - owner thread: 0x0000023b315a9060

Heap address: 0x0000000601000000, size: 8176 MB, Compressed Oops mode: Zero based, Oop shift amount: 3

CDS archive(s) not mapped
Compressed class space mapped at: 0x0000000800000000-0x0000000840000000, reserved size: 1073741824
Narrow klass base: 0x0000000800000000, Narrow klass shift: 0, Narrow klass range: 0x40000000

GC Precious Log:
 CardTable entry size: 512
 Card Set container configuration: InlinePtr #cards 4 size 8 Array Of Cards #cards 32 size 80 Howl #buckets 8 coarsen threshold 7372 Howl Bitmap #cards 1024 size 144 coarsen threshold 921 Card regions per heap region 1 cards per card region 8192
 CPUs: 12 total, 12 available
 Memory: 32690M
 Large Page Support: Disabled
 NUMA Support: Disabled
 Compressed Oops: Enabled (Zero based)
 Heap Region Size: 4M
 Heap Min Capacity: 8M
 Heap Initial Capacity: 512M
 Heap Max Capacity: 8176M
 Pre-touch: Disabled
 Parallel Workers: 10
 Concurrent Workers: 3
 Concurrent Refinement Workers: 10
 Periodic GC: Disabled

Heap:
 garbage-first heap   total 524288K, used 8192K [0x0000000601000000, 0x0000000800000000)
  region size 4096K, 3 young (12288K), 0 survivors (0K)
 Metaspace       used 13546K, committed 13696K, reserved 1114112K
  class space    used 1358K, committed 1408K, reserved 1048576K

Heap Regions: E=young(eden), S=young(survivor), O=old, HS=humongous(starts), HC=humongous(continues), CS=collection set, F=free, TAMS=top-at-mark-start, PB=parsable bottom
|   0|0x0000000601000000, 0x0000000601000000, 0x0000000601400000|  0%| F|  |TAMS 0x0000000601000000| PB 0x0000000601000000| Untracked 
|   1|0x0000000601400000, 0x0000000601400000, 0x0000000601800000|  0%| F|  |TAMS 0x0000000601400000| PB 0x0000000601400000| Untracked 
|   2|0x0000000601800000, 0x0000000601800000, 0x0000000601c00000|  0%| F|  |TAMS 0x0000000601800000| PB 0x0000000601800000| Untracked 
|   3|0x0000000601c00000, 0x0000000601c00000, 0x0000000602000000|  0%| F|  |TAMS 0x0000000601c00000| PB 0x0000000601c00000| Untracked 
|   4|0x0000000602000000, 0x0000000602000000, 0x0000000602400000|  0%| F|  |TAMS 0x0000000602000000| PB 0x0000000602000000| Untracked 
|   5|0x0000000602400000, 0x0000000602400000, 0x0000000602800000|  0%| F|  |TAMS 0x0000000602400000| PB 0x0000000602400000| Untracked 
|   6|0x0000000602800000, 0x0000000602800000, 0x0000000602c00000|  0%| F|  |TAMS 0x0000000602800000| PB 0x0000000602800000| Untracked 
|   7|0x0000000602c00000, 0x0000000602c00000, 0x0000000603000000|  0%| F|  |TAMS 0x0000000602c00000| PB 0x0000000602c00000| Untracked 
|   8|0x0000000603000000, 0x0000000603000000, 0x0000000603400000|  0%| F|  |TAMS 0x0000000603000000| PB 0x0000000603000000| Untracked 
|   9|0x0000000603400000, 0x0000000603400000, 0x0000000603800000|  0%| F|  |TAMS 0x0000000603400000| PB 0x0000000603400000| Untracked 
|  10|0x0000000603800000, 0x0000000603800000, 0x0000000603c00000|  0%| F|  |TAMS 0x0000000603800000| PB 0x0000000603800000| Untracked 
|  11|0x0000000603c00000, 0x0000000603c00000, 0x0000000604000000|  0%| F|  |TAMS 0x0000000603c00000| PB 0x0000000603c00000| Untracked 
|  12|0x0000000604000000, 0x0000000604000000, 0x0000000604400000|  0%| F|  |TAMS 0x0000000604000000| PB 0x0000000604000000| Untracked 
|  13|0x0000000604400000, 0x0000000604400000, 0x0000000604800000|  0%| F|  |TAMS 0x0000000604400000| PB 0x0000000604400000| Untracked 
|  14|0x0000000604800000, 0x0000000604800000, 0x0000000604c00000|  0%| F|  |TAMS 0x0000000604800000| PB 0x0000000604800000| Untracked 
|  15|0x0000000604c00000, 0x0000000604c00000, 0x0000000605000000|  0%| F|  |TAMS 0x0000000604c00000| PB 0x0000000604c00000| Untracked 
|  16|0x0000000605000000, 0x0000000605000000, 0x0000000605400000|  0%| F|  |TAMS 0x0000000605000000| PB 0x0000000605000000| Untracked 
|  17|0x0000000605400000, 0x0000000605400000, 0x0000000605800000|  0%| F|  |TAMS 0x0000000605400000| PB 0x0000000605400000| Untracked 
|  18|0x0000000605800000, 0x0000000605800000, 0x0000000605c00000|  0%| F|  |TAMS 0x0000000605800000| PB 0x0000000605800000| Untracked 
|  19|0x0000000605c00000, 0x0000000605c00000, 0x0000000606000000|  0%| F|  |TAMS 0x0000000605c00000| PB 0x0000000605c00000| Untracked 
|  20|0x0000000606000000, 0x0000000606000000, 0x0000000606400000|  0%| F|  |TAMS 0x0000000606000000| PB 0x0000000606000000| Untracked 
|  21|0x0000000606400000, 0x0000000606400000, 0x0000000606800000|  0%| F|  |TAMS 0x0000000606400000| PB 0x0000000606400000| Untracked 
|  22|0x0000000606800000, 0x0000000606800000, 0x0000000606c00000|  0%| F|  |TAMS 0x0000000606800000| PB 0x0000000606800000| Untracked 
|  23|0x0000000606c00000, 0x0000000606c00000, 0x0000000607000000|  0%| F|  |TAMS 0x0000000606c00000| PB 0x0000000606c00000| Untracked 
|  24|0x0000000607000000, 0x0000000607000000, 0x0000000607400000|  0%| F|  |TAMS 0x0000000607000000| PB 0x0000000607000000| Untracked 
|  25|0x0000000607400000, 0x0000000607400000, 0x0000000607800000|  0%| F|  |TAMS 0x0000000607400000| PB 0x0000000607400000| Untracked 
|  26|0x0000000607800000, 0x0000000607800000, 0x0000000607c00000|  0%| F|  |TAMS 0x0000000607800000| PB 0x0000000607800000| Untracked 
|  27|0x0000000607c00000, 0x0000000607c00000, 0x0000000608000000|  0%| F|  |TAMS 0x0000000607c00000| PB 0x0000000607c00000| Untracked 
|  28|0x0000000608000000, 0x0000000608000000, 0x0000000608400000|  0%| F|  |TAMS 0x0000000608000000| PB 0x0000000608000000| Untracked 
|  29|0x0000000608400000, 0x0000000608400000, 0x0000000608800000|  0%| F|  |TAMS 0x0000000608400000| PB 0x0000000608400000| Untracked 
|  30|0x0000000608800000, 0x0000000608800000, 0x0000000608c00000|  0%| F|  |TAMS 0x0000000608800000| PB 0x0000000608800000| Untracked 
|  31|0x0000000608c00000, 0x0000000608c00000, 0x0000000609000000|  0%| F|  |TAMS 0x0000000608c00000| PB 0x0000000608c00000| Untracked 
|  32|0x0000000609000000, 0x0000000609000000, 0x0000000609400000|  0%| F|  |TAMS 0x0000000609000000| PB 0x0000000609000000| Untracked 
|  33|0x0000000609400000, 0x0000000609400000, 0x0000000609800000|  0%| F|  |TAMS 0x0000000609400000| PB 0x0000000609400000| Untracked 
|  34|0x0000000609800000, 0x0000000609800000, 0x0000000609c00000|  0%| F|  |TAMS 0x0000000609800000| PB 0x0000000609800000| Untracked 
|  35|0x0000000609c00000, 0x0000000609c00000, 0x000000060a000000|  0%| F|  |TAMS 0x0000000609c00000| PB 0x0000000609c00000| Untracked 
|  36|0x000000060a000000, 0x000000060a000000, 0x000000060a400000|  0%| F|  |TAMS 0x000000060a000000| PB 0x000000060a000000| Untracked 
|  37|0x000000060a400000, 0x000000060a400000, 0x000000060a800000|  0%| F|  |TAMS 0x000000060a400000| PB 0x000000060a400000| Untracked 
|  38|0x000000060a800000, 0x000000060a800000, 0x000000060ac00000|  0%| F|  |TAMS 0x000000060a800000| PB 0x000000060a800000| Untracked 
|  39|0x000000060ac00000, 0x000000060ac00000, 0x000000060b000000|  0%| F|  |TAMS 0x000000060ac00000| PB 0x000000060ac00000| Untracked 
|  40|0x000000060b000000, 0x000000060b000000, 0x000000060b400000|  0%| F|  |TAMS 0x000000060b000000| PB 0x000000060b000000| Untracked 
|  41|0x000000060b400000, 0x000000060b400000, 0x000000060b800000|  0%| F|  |TAMS 0x000000060b400000| PB 0x000000060b400000| Untracked 
|  42|0x000000060b800000, 0x000000060b800000, 0x000000060bc00000|  0%| F|  |TAMS 0x000000060b800000| PB 0x000000060b800000| Untracked 
|  43|0x000000060bc00000, 0x000000060bc00000, 0x000000060c000000|  0%| F|  |TAMS 0x000000060bc00000| PB 0x000000060bc00000| Untracked 
|  44|0x000000060c000000, 0x000000060c000000, 0x000000060c400000|  0%| F|  |TAMS 0x000000060c000000| PB 0x000000060c000000| Untracked 
|  45|0x000000060c400000, 0x000000060c400000, 0x000000060c800000|  0%| F|  |TAMS 0x000000060c400000| PB 0x000000060c400000| Untracked 
|  46|0x000000060c800000, 0x000000060c800000, 0x000000060cc00000|  0%| F|  |TAMS 0x000000060c800000| PB 0x000000060c800000| Untracked 
|  47|0x000000060cc00000, 0x000000060cc00000, 0x000000060d000000|  0%| F|  |TAMS 0x000000060cc00000| PB 0x000000060cc00000| Untracked 
|  48|0x000000060d000000, 0x000000060d000000, 0x000000060d400000|  0%| F|  |TAMS 0x000000060d000000| PB 0x000000060d000000| Untracked 
|  49|0x000000060d400000, 0x000000060d400000, 0x000000060d800000|  0%| F|  |TAMS 0x000000060d400000| PB 0x000000060d400000| Untracked 
|  50|0x000000060d800000, 0x000000060d800000, 0x000000060dc00000|  0%| F|  |TAMS 0x000000060d800000| PB 0x000000060d800000| Untracked 
|  51|0x000000060dc00000, 0x000000060dc00000, 0x000000060e000000|  0%| F|  |TAMS 0x000000060dc00000| PB 0x000000060dc00000| Untracked 
|  52|0x000000060e000000, 0x000000060e000000, 0x000000060e400000|  0%| F|  |TAMS 0x000000060e000000| PB 0x000000060e000000| Untracked 
|  53|0x000000060e400000, 0x000000060e400000, 0x000000060e800000|  0%| F|  |TAMS 0x000000060e400000| PB 0x000000060e400000| Untracked 
|  54|0x000000060e800000, 0x000000060e800000, 0x000000060ec00000|  0%| F|  |TAMS 0x000000060e800000| PB 0x000000060e800000| Untracked 
|  55|0x000000060ec00000, 0x000000060ec00000, 0x000000060f000000|  0%| F|  |TAMS 0x000000060ec00000| PB 0x000000060ec00000| Untracked 
|  56|0x000000060f000000, 0x000000060f000000, 0x000000060f400000|  0%| F|  |TAMS 0x000000060f000000| PB 0x000000060f000000| Untracked 
|  57|0x000000060f400000, 0x000000060f400000, 0x000000060f800000|  0%| F|  |TAMS 0x000000060f400000| PB 0x000000060f400000| Untracked 
|  58|0x000000060f800000, 0x000000060f800000, 0x000000060fc00000|  0%| F|  |TAMS 0x000000060f800000| PB 0x000000060f800000| Untracked 
|  59|0x000000060fc00000, 0x000000060fc00000, 0x0000000610000000|  0%| F|  |TAMS 0x000000060fc00000| PB 0x000000060fc00000| Untracked 
|  60|0x0000000610000000, 0x0000000610000000, 0x0000000610400000|  0%| F|  |TAMS 0x0000000610000000| PB 0x0000000610000000| Untracked 
|  61|0x0000000610400000, 0x0000000610400000, 0x0000000610800000|  0%| F|  |TAMS 0x0000000610400000| PB 0x0000000610400000| Untracked 
|  62|0x0000000610800000, 0x0000000610800000, 0x0000000610c00000|  0%| F|  |TAMS 0x0000000610800000| PB 0x0000000610800000| Untracked 
|  63|0x0000000610c00000, 0x0000000610c00000, 0x0000000611000000|  0%| F|  |TAMS 0x0000000610c00000| PB 0x0000000610c00000| Untracked 
|  64|0x0000000611000000, 0x0000000611000000, 0x0000000611400000|  0%| F|  |TAMS 0x0000000611000000| PB 0x0000000611000000| Untracked 
|  65|0x0000000611400000, 0x0000000611400000, 0x0000000611800000|  0%| F|  |TAMS 0x0000000611400000| PB 0x0000000611400000| Untracked 
|  66|0x0000000611800000, 0x0000000611800000, 0x0000000611c00000|  0%| F|  |TAMS 0x0000000611800000| PB 0x0000000611800000| Untracked 
|  67|0x0000000611c00000, 0x0000000611c00000, 0x0000000612000000|  0%| F|  |TAMS 0x0000000611c00000| PB 0x0000000611c00000| Untracked 
|  68|0x0000000612000000, 0x0000000612000000, 0x0000000612400000|  0%| F|  |TAMS 0x0000000612000000| PB 0x0000000612000000| Untracked 
|  69|0x0000000612400000, 0x0000000612400000, 0x0000000612800000|  0%| F|  |TAMS 0x0000000612400000| PB 0x0000000612400000| Untracked 
|  70|0x0000000612800000, 0x0000000612800000, 0x0000000612c00000|  0%| F|  |TAMS 0x0000000612800000| PB 0x0000000612800000| Untracked 
|  71|0x0000000612c00000, 0x0000000612c00000, 0x0000000613000000|  0%| F|  |TAMS 0x0000000612c00000| PB 0x0000000612c00000| Untracked 
|  72|0x0000000613000000, 0x0000000613000000, 0x0000000613400000|  0%| F|  |TAMS 0x0000000613000000| PB 0x0000000613000000| Untracked 
|  73|0x0000000613400000, 0x0000000613400000, 0x0000000613800000|  0%| F|  |TAMS 0x0000000613400000| PB 0x0000000613400000| Untracked 
|  74|0x0000000613800000, 0x0000000613800000, 0x0000000613c00000|  0%| F|  |TAMS 0x0000000613800000| PB 0x0000000613800000| Untracked 
|  75|0x0000000613c00000, 0x0000000613c00000, 0x0000000614000000|  0%| F|  |TAMS 0x0000000613c00000| PB 0x0000000613c00000| Untracked 
|  76|0x0000000614000000, 0x0000000614000000, 0x0000000614400000|  0%| F|  |TAMS 0x0000000614000000| PB 0x0000000614000000| Untracked 
|  77|0x0000000614400000, 0x0000000614400000, 0x0000000614800000|  0%| F|  |TAMS 0x0000000614400000| PB 0x0000000614400000| Untracked 
|  78|0x0000000614800000, 0x0000000614800000, 0x0000000614c00000|  0%| F|  |TAMS 0x0000000614800000| PB 0x0000000614800000| Untracked 
|  79|0x0000000614c00000, 0x0000000614c00000, 0x0000000615000000|  0%| F|  |TAMS 0x0000000614c00000| PB 0x0000000614c00000| Untracked 
|  80|0x0000000615000000, 0x0000000615000000, 0x0000000615400000|  0%| F|  |TAMS 0x0000000615000000| PB 0x0000000615000000| Untracked 
|  81|0x0000000615400000, 0x0000000615400000, 0x0000000615800000|  0%| F|  |TAMS 0x0000000615400000| PB 0x0000000615400000| Untracked 
|  82|0x0000000615800000, 0x0000000615800000, 0x0000000615c00000|  0%| F|  |TAMS 0x0000000615800000| PB 0x0000000615800000| Untracked 
|  83|0x0000000615c00000, 0x0000000615c00000, 0x0000000616000000|  0%| F|  |TAMS 0x0000000615c00000| PB 0x0000000615c00000| Untracked 
|  84|0x0000000616000000, 0x0000000616000000, 0x0000000616400000|  0%| F|  |TAMS 0x0000000616000000| PB 0x0000000616000000| Untracked 
|  85|0x0000000616400000, 0x0000000616400000, 0x0000000616800000|  0%| F|  |TAMS 0x0000000616400000| PB 0x0000000616400000| Untracked 
|  86|0x0000000616800000, 0x0000000616800000, 0x0000000616c00000|  0%| F|  |TAMS 0x0000000616800000| PB 0x0000000616800000| Untracked 
|  87|0x0000000616c00000, 0x0000000616c00000, 0x0000000617000000|  0%| F|  |TAMS 0x0000000616c00000| PB 0x0000000616c00000| Untracked 
|  88|0x0000000617000000, 0x0000000617000000, 0x0000000617400000|  0%| F|  |TAMS 0x0000000617000000| PB 0x0000000617000000| Untracked 
|  89|0x0000000617400000, 0x0000000617400000, 0x0000000617800000|  0%| F|  |TAMS 0x0000000617400000| PB 0x0000000617400000| Untracked 
|  90|0x0000000617800000, 0x0000000617800000, 0x0000000617c00000|  0%| F|  |TAMS 0x0000000617800000| PB 0x0000000617800000| Untracked 
|  91|0x0000000617c00000, 0x0000000617c00000, 0x0000000618000000|  0%| F|  |TAMS 0x0000000617c00000| PB 0x0000000617c00000| Untracked 
|  92|0x0000000618000000, 0x0000000618000000, 0x0000000618400000|  0%| F|  |TAMS 0x0000000618000000| PB 0x0000000618000000| Untracked 
|  93|0x0000000618400000, 0x0000000618400000, 0x0000000618800000|  0%| F|  |TAMS 0x0000000618400000| PB 0x0000000618400000| Untracked 
|  94|0x0000000618800000, 0x0000000618800000, 0x0000000618c00000|  0%| F|  |TAMS 0x0000000618800000| PB 0x0000000618800000| Untracked 
|  95|0x0000000618c00000, 0x0000000618c00000, 0x0000000619000000|  0%| F|  |TAMS 0x0000000618c00000| PB 0x0000000618c00000| Untracked 
|  96|0x0000000619000000, 0x0000000619000000, 0x0000000619400000|  0%| F|  |TAMS 0x0000000619000000| PB 0x0000000619000000| Untracked 
|  97|0x0000000619400000, 0x0000000619400000, 0x0000000619800000|  0%| F|  |TAMS 0x0000000619400000| PB 0x0000000619400000| Untracked 
|  98|0x0000000619800000, 0x0000000619800000, 0x0000000619c00000|  0%| F|  |TAMS 0x0000000619800000| PB 0x0000000619800000| Untracked 
|  99|0x0000000619c00000, 0x0000000619c00000, 0x000000061a000000|  0%| F|  |TAMS 0x0000000619c00000| PB 0x0000000619c00000| Untracked 
| 100|0x000000061a000000, 0x000000061a000000, 0x000000061a400000|  0%| F|  |TAMS 0x000000061a000000| PB 0x000000061a000000| Untracked 
| 101|0x000000061a400000, 0x000000061a400000, 0x000000061a800000|  0%| F|  |TAMS 0x000000061a400000| PB 0x000000061a400000| Untracked 
| 102|0x000000061a800000, 0x000000061a800000, 0x000000061ac00000|  0%| F|  |TAMS 0x000000061a800000| PB 0x000000061a800000| Untracked 
| 103|0x000000061ac00000, 0x000000061ac00000, 0x000000061b000000|  0%| F|  |TAMS 0x000000061ac00000| PB 0x000000061ac00000| Untracked 
| 104|0x000000061b000000, 0x000000061b000000, 0x000000061b400000|  0%| F|  |TAMS 0x000000061b000000| PB 0x000000061b000000| Untracked 
| 105|0x000000061b400000, 0x000000061b400000, 0x000000061b800000|  0%| F|  |TAMS 0x000000061b400000| PB 0x000000061b400000| Untracked 
| 106|0x000000061b800000, 0x000000061b800000, 0x000000061bc00000|  0%| F|  |TAMS 0x000000061b800000| PB 0x000000061b800000| Untracked 
| 107|0x000000061bc00000, 0x000000061bc00000, 0x000000061c000000|  0%| F|  |TAMS 0x000000061bc00000| PB 0x000000061bc00000| Untracked 
| 108|0x000000061c000000, 0x000000061c000000, 0x000000061c400000|  0%| F|  |TAMS 0x000000061c000000| PB 0x000000061c000000| Untracked 
| 109|0x000000061c400000, 0x000000061c400000, 0x000000061c800000|  0%| F|  |TAMS 0x000000061c400000| PB 0x000000061c400000| Untracked 
| 110|0x000000061c800000, 0x000000061c800000, 0x000000061cc00000|  0%| F|  |TAMS 0x000000061c800000| PB 0x000000061c800000| Untracked 
| 111|0x000000061cc00000, 0x000000061cc00000, 0x000000061d000000|  0%| F|  |TAMS 0x000000061cc00000| PB 0x000000061cc00000| Untracked 
| 112|0x000000061d000000, 0x000000061d000000, 0x000000061d400000|  0%| F|  |TAMS 0x000000061d000000| PB 0x000000061d000000| Untracked 
| 113|0x000000061d400000, 0x000000061d400000, 0x000000061d800000|  0%| F|  |TAMS 0x000000061d400000| PB 0x000000061d400000| Untracked 
| 114|0x000000061d800000, 0x000000061d800000, 0x000000061dc00000|  0%| F|  |TAMS 0x000000061d800000| PB 0x000000061d800000| Untracked 
| 115|0x000000061dc00000, 0x000000061dc00000, 0x000000061e000000|  0%| F|  |TAMS 0x000000061dc00000| PB 0x000000061dc00000| Untracked 
| 116|0x000000061e000000, 0x000000061e000000, 0x000000061e400000|  0%| F|  |TAMS 0x000000061e000000| PB 0x000000061e000000| Untracked 
| 117|0x000000061e400000, 0x000000061e400000, 0x000000061e800000|  0%| F|  |TAMS 0x000000061e400000| PB 0x000000061e400000| Untracked 
| 118|0x000000061e800000, 0x000000061e800000, 0x000000061ec00000|  0%| F|  |TAMS 0x000000061e800000| PB 0x000000061e800000| Untracked 
| 119|0x000000061ec00000, 0x000000061ec00000, 0x000000061f000000|  0%| F|  |TAMS 0x000000061ec00000| PB 0x000000061ec00000| Untracked 
| 120|0x000000061f000000, 0x000000061f000000, 0x000000061f400000|  0%| F|  |TAMS 0x000000061f000000| PB 0x000000061f000000| Untracked 
| 121|0x000000061f400000, 0x000000061f400000, 0x000000061f800000|  0%| F|  |TAMS 0x000000061f400000| PB 0x000000061f400000| Untracked 
| 122|0x000000061f800000, 0x000000061f800000, 0x000000061fc00000|  0%| F|  |TAMS 0x000000061f800000| PB 0x000000061f800000| Untracked 
| 123|0x000000061fc00000, 0x000000061fc00000, 0x0000000620000000|  0%| F|  |TAMS 0x000000061fc00000| PB 0x000000061fc00000| Untracked 
| 124|0x0000000620000000, 0x0000000620000000, 0x0000000620400000|  0%| F|  |TAMS 0x0000000620000000| PB 0x0000000620000000| Untracked 
| 125|0x0000000620400000, 0x00000006205f2f98, 0x0000000620800000| 48%| E|  |TAMS 0x0000000620400000| PB 0x0000000620400000| Complete 
| 126|0x0000000620800000, 0x0000000620c00000, 0x0000000620c00000|100%| E|CS|TAMS 0x0000000620800000| PB 0x0000000620800000| Complete 
| 127|0x0000000620c00000, 0x0000000621000000, 0x0000000621000000|100%| E|CS|TAMS 0x0000000620c00000| PB 0x0000000620c00000| Complete 

Card table byte_map: [0x0000023b44c50000,0x0000023b45c50000] _byte_map_base: 0x0000023b41c48000

Marking Bits: (CMBitMap*) 0x0000023b3164cd50
 Bits: [0x0000023b45c50000, 0x0000023b4dc10000)

Polling page: 0x0000023b2f560000

Metaspace:

Usage:
  Non-class:     11.90 MB used.
      Class:      1.33 MB used.
       Both:     13.23 MB used.

Virtual space:
  Non-class space:       64.00 MB reserved,      12.00 MB ( 19%) committed,  1 nodes.
      Class space:        1.00 GB reserved,       1.38 MB ( <1%) committed,  1 nodes.
             Both:        1.06 GB reserved,      13.38 MB (  1%) committed. 

Chunk freelists:
   Non-Class:  3.98 MB
       Class:  14.62 MB
        Both:  18.61 MB

MaxMetaspaceSize: unlimited
CompressedClassSpaceSize: 1.00 GB
Initial GC threshold: 21.00 MB
Current GC threshold: 21.00 MB
CDS: off
 - commit_granule_bytes: 65536.
 - commit_granule_words: 8192.
 - virtual_space_node_default_size: 8388608.
 - enlarge_chunks_in_place: 1.
 - use_allocation_guard: 0.


Internal statistics:

num_allocs_failed_limit: 0.
num_arena_births: 138.
num_arena_deaths: 0.
num_vsnodes_births: 2.
num_vsnodes_deaths: 0.
num_space_committed: 214.
num_space_uncommitted: 0.
num_chunks_returned_to_freelist: 0.
num_chunks_taken_from_freelist: 237.
num_chunk_merges: 0.
num_chunk_splits: 139.
num_chunks_enlarged: 81.
num_inconsistent_stats: 0.

CodeHeap 'non-profiled nmethods': size=120000Kb used=230Kb max_used=230Kb free=119769Kb
 bounds [0x0000023b3c1c0000, 0x0000023b3c430000, 0x0000023b436f0000]
CodeHeap 'profiled nmethods': size=120000Kb used=1174Kb max_used=1174Kb free=118825Kb
 bounds [0x0000023b346f0000, 0x0000023b34960000, 0x0000023b3bc20000]
CodeHeap 'non-nmethods': size=5760Kb used=1369Kb max_used=1383Kb free=4390Kb
 bounds [0x0000023b3bc20000, 0x0000023b3be90000, 0x0000023b3c1c0000]
 total_blobs=1250 nmethods=764 adapters=391
 compilation: enabled
              stopped_count=0, restarted_count=0
 full_count=0

Compilation events (20 events):
Event: 0.250 Thread 0x0000023b50b08af0  749       1       java.net.URL::getQuery (5 bytes)
Event: 0.250 Thread 0x0000023b50b08af0 nmethod 749 0x0000023b3c1f7d90 code [0x0000023b3c1f7f20, 0x0000023b3c1f7ff0]
Event: 0.250 Thread 0x0000023b50b08af0  750       1       java.net.URL::getRef (5 bytes)
Event: 0.250 Thread 0x0000023b50b08af0 nmethod 750 0x0000023b3c1f8090 code [0x0000023b3c1f8220, 0x0000023b3c1f82f0]
Event: 0.251 Thread 0x0000023b50b08af0  751       3       java.lang.StringConcatHelper::stringOf (20 bytes)
Event: 0.251 Thread 0x0000023b50b08af0 nmethod 751 0x0000023b3480f710 code [0x0000023b3480f8c0, 0x0000023b3480faf8]
Event: 0.251 Thread 0x0000023b50b08af0  752       3       java.nio.MappedByteBuffer::position (6 bytes)
Event: 0.251 Thread 0x0000023b50b08af0 nmethod 752 0x0000023b3480fb90 code [0x0000023b3480fd40, 0x0000023b3480ff50]
Event: 0.251 Thread 0x0000023b50b08af0  753       1       java.nio.MappedByteBuffer::fileDescriptor (5 bytes)
Event: 0.251 Thread 0x0000023b50b08af0 nmethod 753 0x0000023b3c1f8390 code [0x0000023b3c1f8520, 0x0000023b3c1f85f0]
Event: 0.251 Thread 0x0000023b50b08af0  754       1       java.nio.MappedByteBuffer::isSync (5 bytes)
Event: 0.251 Thread 0x0000023b50b08af0 nmethod 754 0x0000023b3c1f8690 code [0x0000023b3c1f8820, 0x0000023b3c1f88f0]
Event: 0.251 Thread 0x0000023b50b08af0  755       1       java.net.URLStreamHandler::getDefaultPort (2 bytes)
Event: 0.251 Thread 0x0000023b50b08af0 nmethod 755 0x0000023b3c1f8990 code [0x0000023b3c1f8b20, 0x0000023b3c1f8be8]
Event: 0.251 Thread 0x0000023b50b08af0  757       3       sun.invoke.util.VerifyAccess::isTypeVisible (47 bytes)
Event: 0.251 Thread 0x0000023b50b08af0 nmethod 757 0x0000023b34810090 code [0x0000023b34810280, 0x0000023b34810688]
Event: 0.251 Thread 0x0000023b50b08af0  759       3       java.security.CodeSource::getCertificates (95 bytes)
Event: 0.252 Thread 0x0000023b50b08af0 nmethod 759 0x0000023b34810890 code [0x0000023b34810b20, 0x0000023b348116b8]
Event: 0.252 Thread 0x0000023b50b04c50  760       4       jdk.internal.jimage.ImageStringsReader::unmaskedHashCode (166 bytes)
Event: 0.252 Thread 0x0000023b50b08af0  761   !   3       java.lang.invoke.MethodHandle::setVarargs (50 bytes)

GC Heap History (0 events):
No events

Dll operation events (2 events):
Event: 0.004 Loaded shared library G:\Andoid Studio\jbr\bin\java.dll
Event: 0.007 Loaded shared library G:\Andoid Studio\jbr\bin\zip.dll

Deoptimization events (8 events):
Event: 0.127 Thread 0x0000023b315a9060 Uncommon trap: trap_request=0xffffff45 fr.pc=0x0000023b3c1d2914 relative=0x0000000000000074
Event: 0.127 Thread 0x0000023b315a9060 Uncommon trap: reason=unstable_if action=reinterpret pc=0x0000023b3c1d2914 method=java.lang.CharacterDataLatin1.toLowerCase(I)I @ 16 c2
Event: 0.127 Thread 0x0000023b315a9060 DEOPT PACKING pc=0x0000023b3c1d2914 sp=0x0000003d75dfb0d0
Event: 0.127 Thread 0x0000023b315a9060 DEOPT UNPACKING pc=0x0000023b3bc746a2 sp=0x0000003d75dfb060 mode 2
Event: 0.203 Thread 0x0000023b315a9060 DEOPT PACKING pc=0x0000023b34707878 sp=0x0000003d75dfe6f0
Event: 0.203 Thread 0x0000023b315a9060 DEOPT UNPACKING pc=0x0000023b3bc74e42 sp=0x0000003d75dfdb10 mode 0
Event: 0.230 Thread 0x0000023b315a9060 DEOPT PACKING pc=0x0000023b34705158 sp=0x0000003d75dfae90
Event: 0.230 Thread 0x0000023b315a9060 DEOPT UNPACKING pc=0x0000023b3bc74e42 sp=0x0000003d75dfa2f8 mode 0

Classes loaded (20 events):
Event: 0.248 Loading class java/util/Base64
Event: 0.248 Loading class java/util/Base64 done
Event: 0.248 Loading class java/util/Base64$Encoder
Event: 0.248 Loading class java/util/Base64$Encoder done
Event: 0.249 Loading class java/lang/MatchException
Event: 0.249 Loading class java/lang/MatchException done
Event: 0.250 Loading class java/net/URLPermission
Event: 0.250 Loading class java/net/URLPermission done
Event: 0.251 Loading class java/util/concurrent/CompletableFuture$UniCompose
Event: 0.251 Loading class java/util/concurrent/CompletableFuture$UniCompletion
Event: 0.251 Loading class java/util/concurrent/CompletableFuture$UniCompletion done
Event: 0.251 Loading class java/util/concurrent/CompletableFuture$UniCompose done
Event: 0.251 Loading class java/util/concurrent/ForkJoinTask$Aux
Event: 0.251 Loading class java/util/concurrent/ForkJoinTask$Aux done
Event: 0.252 Loading class java/util/concurrent/CompletableFuture$UniComposeExceptionally
Event: 0.252 Loading class java/util/concurrent/CompletableFuture$UniComposeExceptionally done
Event: 0.252 Loading class java/util/concurrent/CompletableFuture$AsyncSupply
Event: 0.252 Loading class java/util/concurrent/CompletableFuture$AsyncSupply done
Event: 0.252 Loading class java/util/LinkedList$ListItr
Event: 0.252 Loading class java/util/LinkedList$ListItr done

Classes unloaded (0 events):
No events

Classes redefined (0 events):
No events

Internal exceptions (20 events):
Event: 0.173 Thread 0x0000023b315a9060 Exception <a 'java/lang/NoSuchMethodError'{0x00000006209c0318}: 'int java.lang.invoke.DirectMethodHandle$Holder.invokeStaticInit(java.lang.Object, java.lang.Object, java.lang.Object)'> (0x00000006209c0318) 
thrown [s\src\hotspot\share\interpreter\linkResolver.cpp, line 784]
Event: 0.174 Thread 0x0000023b315a9060 Exception <a 'java/lang/NoSuchMethodError'{0x00000006209cea10}: 'int java.lang.invoke.DirectMethodHandle$Holder.invokeSpecial(java.lang.Object, java.lang.Object, java.lang.Object)'> (0x00000006209cea10) 
thrown [s\src\hotspot\share\interpreter\linkResolver.cpp, line 784]
Event: 0.174 Thread 0x0000023b315a9060 Exception <a 'java/lang/NoSuchMethodError'{0x00000006209d4348}: 'int java.lang.invoke.DirectMethodHandle$Holder.invokeStaticInit(java.lang.Object, java.lang.Object)'> (0x00000006209d4348) 
thrown [s\src\hotspot\share\interpreter\linkResolver.cpp, line 784]
Event: 0.175 Thread 0x0000023b315a9060 Exception <a 'java/lang/NoSuchMethodError'{0x00000006209d9b70}: 'int java.lang.invoke.DirectMethodHandle$Holder.invokeSpecialIFC(java.lang.Object, java.lang.Object, java.lang.Object)'> (0x00000006209d9b70) 
thrown [s\src\hotspot\share\interpreter\linkResolver.cpp, line 784]
Event: 0.183 Thread 0x0000023b315a9060 Exception <a 'java/lang/NoSuchMethodError'{0x0000000620a0acf8}: 'java.lang.Object java.lang.invoke.DirectMethodHandle$Holder.invokeStaticInit(java.lang.Object, java.lang.Object, java.lang.Object, java.lang.Object, java.lang.Object, java.lang.Object, java.lang.Object)'> (0x0000000620a0acf8) 
thrown [s\src\hotspot\share\interpreter\linkResolver.cpp, line 784]
Event: 0.184 Thread 0x0000023b315a9060 Exception <a 'java/lang/NoSuchMethodError'{0x0000000620a13ed8}: 'java.lang.Object java.lang.invoke.Invokers$Holder.invoke_MT(java.lang.Object, java.lang.Object, java.lang.Object, java.lang.Object, java.lang.Object, java.lang.Object, java.lang.Object, java.lang.Object, java.lang.Object, java.lang.Object)'> (0x0000000620a13ed8) 
thrown [s\src\hotspot\share\interpreter\linkResolver.cpp, line 784]
Event: 0.186 Thread 0x0000023b315a9060 Exception <a 'java/lang/NoSuchMethodError'{0x0000000620a28df8}: 'void java.lang.invoke.DelegatingMethodHandle$Holder.delegate(java.lang.Object, java.lang.Object, int, java.lang.Object)'> (0x0000000620a28df8) 
thrown [s\src\hotspot\share\interpreter\linkResolver.cpp, line 784]
Event: 0.189 Thread 0x0000023b315a9060 Exception <a 'java/lang/NoSuchMethodError'{0x0000000620a4a2a8}: 'int java.lang.invoke.DirectMethodHandle$Holder.invokeVirtual(java.lang.Object, java.lang.Object, java.lang.Object)'> (0x0000000620a4a2a8) 
thrown [s\src\hotspot\share\interpreter\linkResolver.cpp, line 784]
Event: 0.189 Thread 0x0000023b315a9060 Exception <a 'java/lang/NoSuchMethodError'{0x0000000620a4d928}: 'int java.lang.invoke.DirectMethodHandle$Holder.invokeVirtual(java.lang.Object, java.lang.Object)'> (0x0000000620a4d928) 
thrown [s\src\hotspot\share\interpreter\linkResolver.cpp, line 784]
Event: 0.189 Thread 0x0000023b315a9060 Exception <a 'java/lang/NoSuchMethodError'{0x0000000620a51b90}: 'int java.lang.invoke.DirectMethodHandle$Holder.invokeStaticInit(java.lang.Object, int, int)'> (0x0000000620a51b90) 
thrown [s\src\hotspot\share\interpreter\linkResolver.cpp, line 784]
Event: 0.190 Thread 0x0000023b315a9060 Exception <a 'java/lang/NoSuchMethodError'{0x0000000620a58f50}: 'int java.lang.invoke.DirectMethodHandle$Holder.invokeStaticInit(java.lang.Object, long, long)'> (0x0000000620a58f50) 
thrown [s\src\hotspot\share\interpreter\linkResolver.cpp, line 784]
Event: 0.190 Thread 0x0000023b315a9060 Exception <a 'java/lang/NoSuchMethodError'{0x0000000620a5f990}: 'int java.lang.invoke.DirectMethodHandle$Holder.invokeStaticInit(java.lang.Object, float, float)'> (0x0000000620a5f990) 
thrown [s\src\hotspot\share\interpreter\linkResolver.cpp, line 784]
Event: 0.191 Thread 0x0000023b315a9060 Exception <a 'java/lang/NoSuchMethodError'{0x0000000620a662a0}: 'int java.lang.invoke.DirectMethodHandle$Holder.invokeStaticInit(java.lang.Object, double, double)'> (0x0000000620a662a0) 
thrown [s\src\hotspot\share\interpreter\linkResolver.cpp, line 784]
Event: 0.191 Thread 0x0000023b315a9060 Exception <a 'java/lang/NoSuchMethodError'{0x0000000620a6a978}: 'int java.lang.invoke.DirectMethodHandle$Holder.invokeStatic(java.lang.Object, long)'> (0x0000000620a6a978) 
thrown [s\src\hotspot\share\interpreter\linkResolver.cpp, line 784]
Event: 0.194 Thread 0x0000023b315a9060 Exception <a 'java/lang/NoSuchMethodError'{0x0000000620a967f8}: 'java.lang.Object java.lang.invoke.DelegatingMethodHandle$Holder.delegate(java.lang.Object, int, java.lang.Object, java.lang.Object)'> (0x0000000620a967f8) 
thrown [s\src\hotspot\share\interpreter\linkResolver.cpp, line 784]
Event: 0.195 Thread 0x0000023b315a9060 Exception <a 'java/lang/NoSuchMethodError'{0x0000000620aa5908}: 'int java.lang.invoke.Invokers$Holder.linkToTargetMethod(java.lang.Object, java.lang.Object, java.lang.Object)'> (0x0000000620aa5908) 
thrown [s\src\hotspot\share\interpreter\linkResolver.cpp, line 784]
Event: 0.197 Thread 0x0000023b315a9060 Exception <a 'java/lang/NoSuchMethodError'{0x0000000620ad43e8}: 'long java.lang.invoke.DirectMethodHandle$Holder.invokeSpecial(java.lang.Object, java.lang.Object)'> (0x0000000620ad43e8) 
thrown [s\src\hotspot\share\interpreter\linkResolver.cpp, line 784]
Event: 0.197 Thread 0x0000023b315a9060 Exception <a 'java/lang/NoSuchMethodError'{0x0000000620adaae8}: 'int java.lang.invoke.DirectMethodHandle$Holder.invokeStatic(java.lang.Object, java.lang.Object, java.lang.Object, java.lang.Object)'> (0x0000000620adaae8) 
thrown [s\src\hotspot\share\interpreter\linkResolver.cpp, line 784]
Event: 0.197 Thread 0x0000023b315a9060 Exception <a 'java/lang/NoSuchMethodError'{0x0000000620addeb8}: 'java.lang.Object java.lang.invoke.Invokers$Holder.invokeExact_MT(java.lang.Object, java.lang.Object, java.lang.Object, java.lang.Object, java.lang.Object, java.lang.Object)'> (0x0000000620addeb8) 
thrown [s\src\hotspot\share\interpreter\linkResolver.cpp, line 784]
Event: 0.245 Thread 0x0000023b315a9060 Exception <a 'java/lang/NoSuchMethodError'{0x00000006204aeeb0}: 'java.lang.Object java.lang.invoke.DirectMethodHandle$Holder.newInvokeSpecial(java.lang.Object, java.lang.Object, java.lang.Object, java.lang.Object, java.lang.Object)'> (0x00000006204aeeb0) 
thrown [s\src\hotspot\share\interpreter\linkResolver.cpp, line 784]

ZGC Phase Switch (0 events):
No events

VM Operations (6 events):
Event: 0.061 Executing VM operation: HandshakeAllThreads (Deoptimize)
Event: 0.061 Executing VM operation: HandshakeAllThreads (Deoptimize) done
Event: 0.066 Executing VM operation: HandshakeAllThreads (Deoptimize)
Event: 0.066 Executing VM operation: HandshakeAllThreads (Deoptimize) done
Event: 0.158 Executing VM operation: HandshakeAllThreads (Deoptimize)
Event: 0.158 Executing VM operation: HandshakeAllThreads (Deoptimize) done

Events (17 events):
Event: 0.006 Thread 0x0000023b315a9060 Thread added: 0x0000023b315a9060
Event: 0.031 Thread 0x0000023b50ac68f0 Thread added: 0x0000023b50ac68f0
Event: 0.031 Thread 0x0000023b50ac9620 Thread added: 0x0000023b50ac9620
Event: 0.032 Thread 0x0000023b50acc200 Thread added: 0x0000023b50acc200
Event: 0.032 Thread 0x0000023b50ad5270 Thread added: 0x0000023b50ad5270
Event: 0.032 Thread 0x0000023b50ae82e0 Thread added: 0x0000023b50ae82e0
Event: 0.032 Thread 0x0000023b50ae8d40 Thread added: 0x0000023b50ae8d40
Event: 0.032 Thread 0x0000023b50b04c50 Thread added: 0x0000023b50b04c50
Event: 0.032 Thread 0x0000023b50b08af0 Thread added: 0x0000023b50b08af0
Event: 0.047 Thread 0x0000023b50c92a10 Thread added: 0x0000023b50c92a10
Event: 0.050 Thread 0x0000023b50c98a70 Thread added: 0x0000023b50c98a70
Event: 0.053 Loaded shared library G:\Andoid Studio\jbr\bin\net.dll
Event: 0.054 Loaded shared library G:\Andoid Studio\jbr\bin\nio.dll
Event: 0.058 Loaded shared library G:\Andoid Studio\jbr\bin\zip.dll
Event: 0.100 Loaded shared library G:\Andoid Studio\jbr\bin\jimage.dll
Event: 0.236 Loaded shared library G:\Andoid Studio\jbr\bin\extnet.dll
Event: 0.238 Thread 0x0000023b5536db60 Thread added: 0x0000023b5536db60


Dynamic libraries:
0x00007ff74b590000 - 0x00007ff74b59a000 	G:\Andoid Studio\jbr\bin\java.exe
0x00007ffd4ecb0000 - 0x00007ffd4eec7000 	C:\Windows\SYSTEM32\ntdll.dll
0x00007ffd4d060000 - 0x00007ffd4d124000 	C:\Windows\System32\KERNEL32.DLL
0x00007ffd4c1b0000 - 0x00007ffd4c56a000 	C:\Windows\System32\KERNELBASE.dll
0x00007ffd4c5f0000 - 0x00007ffd4c701000 	C:\Windows\System32\ucrtbase.dll
0x00007ffd472b0000 - 0x00007ffd472c8000 	G:\Andoid Studio\jbr\bin\jli.dll
0x00007ffd473d0000 - 0x00007ffd473eb000 	G:\Andoid Studio\jbr\bin\VCRUNTIME140.dll
0x00007ffd4e8d0000 - 0x00007ffd4ea7e000 	C:\Windows\System32\USER32.dll
0x00007ffd3be40000 - 0x00007ffd3c0d2000 	C:\Windows\WinSxS\amd64_microsoft.windows.common-controls_6595b64144ccf1df_6.0.22621.4541_none_2710d1c57384c085\COMCTL32.dll
0x00007ffd4c8b0000 - 0x00007ffd4c8d6000 	C:\Windows\System32\win32u.dll
0x00007ffd4de30000 - 0x00007ffd4ded7000 	C:\Windows\System32\msvcrt.dll
0x00007ffd4d350000 - 0x00007ffd4d379000 	C:\Windows\System32\GDI32.dll
0x00007ffd4c790000 - 0x00007ffd4c8ab000 	C:\Windows\System32\gdi32full.dll
0x00007ffd4c910000 - 0x00007ffd4c9aa000 	C:\Windows\System32\msvcp_win.dll
0x00007ffd4c9b0000 - 0x00007ffd4c9e1000 	C:\Windows\System32\IMM32.DLL
0x00007ffd47b80000 - 0x00007ffd47b8c000 	G:\Andoid Studio\jbr\bin\vcruntime140_1.dll
0x00007ffd06170000 - 0x00007ffd061fd000 	G:\Andoid Studio\jbr\bin\msvcp140.dll
0x00007ffcc6000000 - 0x00007ffcc6c7d000 	G:\Andoid Studio\jbr\bin\server\jvm.dll
0x00007ffd4cfa0000 - 0x00007ffd4d052000 	C:\Windows\System32\ADVAPI32.dll
0x00007ffd4dee0000 - 0x00007ffd4df87000 	C:\Windows\System32\sechost.dll
0x00007ffd4c8e0000 - 0x00007ffd4c908000 	C:\Windows\System32\bcrypt.dll
0x00007ffd4d6c0000 - 0x00007ffd4d7d4000 	C:\Windows\System32\RPCRT4.dll
0x00007ffd4ebd0000 - 0x00007ffd4ec41000 	C:\Windows\System32\WS2_32.dll
0x00007ffd4ba10000 - 0x00007ffd4ba5d000 	C:\Windows\SYSTEM32\POWRPROF.dll
0x00007ffd42c50000 - 0x00007ffd42c84000 	C:\Windows\SYSTEM32\WINMM.dll
0x00007ffd47400000 - 0x00007ffd4740a000 	C:\Windows\SYSTEM32\VERSION.dll
0x00007ffd4b8d0000 - 0x00007ffd4b8e3000 	C:\Windows\SYSTEM32\UMPDC.dll
0x00007ffd4afc0000 - 0x00007ffd4afd8000 	C:\Windows\SYSTEM32\kernel.appcore.dll
0x00007ffd47310000 - 0x00007ffd4731a000 	G:\Andoid Studio\jbr\bin\jimage.dll
0x00007ffd40550000 - 0x00007ffd40782000 	C:\Windows\SYSTEM32\DBGHELP.DLL
0x00007ffd4cc10000 - 0x00007ffd4cf9f000 	C:\Windows\System32\combase.dll
0x00007ffd4c9f0000 - 0x00007ffd4cac7000 	C:\Windows\System32\OLEAUT32.dll
0x00007ffd2d3e0000 - 0x00007ffd2d412000 	C:\Windows\SYSTEM32\dbgcore.DLL
0x00007ffd4c570000 - 0x00007ffd4c5eb000 	C:\Windows\System32\bcryptPrimitives.dll
0x00007ffd3f280000 - 0x00007ffd3f29f000 	G:\Andoid Studio\jbr\bin\java.dll
0x00007ffd3f260000 - 0x00007ffd3f278000 	G:\Andoid Studio\jbr\bin\zip.dll
0x00007ffd4e030000 - 0x00007ffd4e8a8000 	C:\Windows\System32\SHELL32.dll
0x00007ffd49ec0000 - 0x00007ffd4a7c8000 	C:\Windows\SYSTEM32\windows.storage.dll
0x00007ffd49d80000 - 0x00007ffd49ebf000 	C:\Windows\SYSTEM32\wintypes.dll
0x00007ffd4d390000 - 0x00007ffd4d48a000 	C:\Windows\System32\SHCORE.dll
0x00007ffd4dc60000 - 0x00007ffd4dcbe000 	C:\Windows\System32\shlwapi.dll
0x00007ffd4beb0000 - 0x00007ffd4bedb000 	C:\Windows\SYSTEM32\profapi.dll
0x00007ffd47300000 - 0x00007ffd47310000 	G:\Andoid Studio\jbr\bin\net.dll
0x00007ffd46280000 - 0x00007ffd463b6000 	C:\Windows\SYSTEM32\WINHTTP.dll
0x00007ffd4b440000 - 0x00007ffd4b4a9000 	C:\Windows\system32\mswsock.dll
0x00007ffd3f230000 - 0x00007ffd3f246000 	G:\Andoid Studio\jbr\bin\nio.dll
0x00007ffd4b690000 - 0x00007ffd4b6ab000 	C:\Windows\SYSTEM32\CRYPTSP.dll
0x00007ffd4af20000 - 0x00007ffd4af55000 	C:\Windows\system32\rsaenh.dll
0x00007ffd4b530000 - 0x00007ffd4b558000 	C:\Windows\SYSTEM32\USERENV.dll
0x00007ffd4b6b0000 - 0x00007ffd4b6bc000 	C:\Windows\SYSTEM32\CRYPTBASE.dll
0x00007ffd4aa70000 - 0x00007ffd4aa9d000 	C:\Windows\SYSTEM32\IPHLPAPI.DLL
0x00007ffd4d6b0000 - 0x00007ffd4d6b9000 	C:\Windows\System32\NSI.dll
0x00007ffd23710000 - 0x00007ffd23718000 	C:\Windows\system32\wshunix.dll
0x00007ffd3f220000 - 0x00007ffd3f229000 	G:\Andoid Studio\jbr\bin\extnet.dll

dbghelp: loaded successfully - version: 4.0.5 - missing functions: none
symbol engine: initialized successfully - sym options: 0x614 - pdb path: .;G:\Andoid Studio\jbr\bin;C:\Windows\SYSTEM32;C:\Windows\WinSxS\amd64_microsoft.windows.common-controls_6595b64144ccf1df_6.0.22621.4541_none_2710d1c57384c085;G:\Andoid Studio\jbr\bin\server

VM Arguments:
java_command: git4idea.http.GitAskPassApp Username for 'https://github.com': 
java_class_path (initial): G:/Andoid Studio/plugins/vcs-git/lib/git4idea-rt.jar;G:/Andoid Studio/lib/externalProcess-rt.jar
Launcher Type: SUN_STANDARD

[Global flags]
     intx CICompilerCount                          = 4                                         {product} {ergonomic}
     uint ConcGCThreads                            = 3                                         {product} {ergonomic}
     uint G1ConcRefinementThreads                  = 10                                        {product} {ergonomic}
   size_t G1HeapRegionSize                         = 4194304                                   {product} {ergonomic}
    uintx GCDrainStackTargetSize                   = 64                                        {product} {ergonomic}
   size_t InitialHeapSize                          = 536870912                                 {product} {ergonomic}
   size_t MarkStackSize                            = 4194304                                   {product} {ergonomic}
   size_t MaxHeapSize                              = 8573157376                                {product} {ergonomic}
   size_t MaxNewSize                               = 5142216704                                {product} {ergonomic}
   size_t MinHeapDeltaBytes                        = 4194304                                   {product} {ergonomic}
   size_t MinHeapSize                              = 8388608                                   {product} {ergonomic}
    uintx NonNMethodCodeHeapSize                   = 5839372                                {pd product} {ergonomic}
    uintx NonProfiledCodeHeapSize                  = 122909434                              {pd product} {ergonomic}
    uintx ProfiledCodeHeapSize                     = 122909434                              {pd product} {ergonomic}
    uintx ReservedCodeCacheSize                    = 251658240                              {pd product} {ergonomic}
     bool SegmentedCodeCache                       = true                                      {product} {ergonomic}
   size_t SoftMaxHeapSize                          = 8573157376                             {manageable} {ergonomic}
     bool UseCompressedOops                        = true                           {product lp64_product} {ergonomic}
     bool UseG1GC                                  = true                                      {product} {ergonomic}
     bool UseLargePagesIndividualAllocation        = false                                  {pd product} {ergonomic}

Logging:
Log output configuration:
 #0: stdout all=warning uptime,level,tags foldmultilines=false
 #1: stderr all=off uptime,level,tags foldmultilines=false

Environment Variables:
PATH=C:/Program Files/Git/mingw64/libexec/git-core;C:/Program Files/Git/mingw64/libexec/git-core;C:\Program Files\Git\mingw64\bin;C:\Program Files\Git\usr\bin;C:\Users\lbxru\bin;C:\Windows\system32;C:\Windows;C:\Windows\System32\Wbem;C:\Windows\System32\WindowsPowerShell\v1.0\;C:\Windows\System32\OpenSSH\;C:\Program Files (x86)\NVIDIA Corporation\PhysX\Common;C:\Program Files\WireGuard\;C:\Program Files\Git\cmd;C:\Program Files\NVIDIA Corporation\NVIDIA app\NvDLISR;G:\NoteJs\;C:\Users\lbxru\AppData\Local\Microsoft\WindowsApps;G:\Microsoft VS Code\bin;C:\Users\lbxru\AppData\Roaming\npm
USERNAME=lbxru
DISPLAY=:0.0
LC_ALL=en_US.UTF-8
TERM=xterm-256color
TMPDIR=C:\Users\lbxru\AppData\Local\Temp
OS=Windows_NT
PROCESSOR_IDENTIFIER=AMD64 Family 25 Model 33 Stepping 2, AuthenticAMD
TMP=C:\Users\lbxru\AppData\Local\Temp
TEMP=C:\Users\lbxru\AppData\Local\Temp




Periodic native trim disabled

JNI global refs:
JNI global refs: 20, weak refs: 0

JNI global refs memory usage: 835, weak refs: 201

Process memory usage:
Resident Set Size: 60272K (0% of 33475300K total physical memory with 5696192K free physical memory)

OOME stack traces (most recent first):
Classloader memory used:
Loader bootstrap                                                                       : 12650K
Loader jdk.internal.loader.ClassLoaders$PlatformClassLoader                            : 880K
Loader jdk.internal.loader.ClassLoaders$AppClassLoader                                 : 16408B

---------------  S Y S T E M  ---------------

OS:
 Windows 11 , 64 bit Build 22621 (10.0.22621.4391)
OS uptime: 16 days 17:54 hours

CPU: total 12 (initial active 12) (12 cores per cpu, 2 threads per core) family 25 model 33 stepping 2 microcode 0x0, cx8, cmov, fxsr, ht, mmx, 3dnowpref, sse, sse2, sse3, ssse3, sse4a, sse4.1, sse4.2, popcnt, lzcnt, tsc, tscinvbit, avx, avx2, aes, erms, clmul, bmi1, bmi2, adx, sha, fma, vzeroupper, clflush, clflushopt, rdtscp, rdpid, fsrm, f16c, pku, cet_ss
Processor Information for all 12 processors :
  Max Mhz: 3501, Current Mhz: 3501, Mhz Limit: 3501

Memory: 4k page, system-wide physical 32690M (5562M free)
TotalPageFile size 45476M (AvailPageFile size 5M)
current process WorkingSet (physical memory assigned to process): 58M, peak: 58M
current process commit charge ("private bytes"): 612M, peak: 613M

vm_info: OpenJDK 64-Bit Server VM (21.0.3+-12282718-b509.11) for windows-amd64 JRE (21.0.3+-12282718-b509.11), built on 2024-08-27T17:34:15Z by "builder" with MS VC++ 16.10 / 16.11 (VS2019)

END.
