#
# There is insufficient memory for the Java Runtime Environment to continue.
# Native memory allocation (mmap) failed to map 65536 bytes. Error detail: Failed to commit metaspace.
# Possible reasons:
#   The system is out of physical RAM or swap space
#   This process is running with CompressedOops enabled, and the Java Heap may be blocking the growth of the native heap
# Possible solutions:
#   Reduce memory load on the system
#   Increase physical memory or swap space
#   Check if swap backing store is full
#   Decrease Java heap size (-Xmx/-Xms)
#   Decrease number of Java threads
#   Decrease Java thread stack sizes (-Xss)
#   Set larger code cache with -XX:ReservedCodeCacheSize=
#   JVM is running with Zero Based Compressed Oops mode in which the Java heap is
#     placed in the first 32GB address space. The Java Heap base address is the
#     maximum limit for the native heap growth. Please use -XX:HeapBaseMinAddress
#     to set the Java Heap base and to place the Java Heap above 32GB virtual address.
# This output file may be truncated or incomplete.
#
#  Out of Memory Error (virtualSpaceNode.cpp:112), pid=18928, tid=9564
#
# JRE version: OpenJDK Runtime Environment (21.0.3) (build 21.0.3+-12282718-b509.11)
# Java VM: OpenJDK 64-Bit Server VM (21.0.3+-12282718-b509.11, mixed mode, tiered, compressed oops, compressed class ptrs, g1 gc, windows-amd64)
# No core dump will be written. Minidumps are not enabled by default on client versions of Windows
#

---------------  S U M M A R Y ------------

Command Line: git4idea.http.GitAskPassApp Username for 'https://github.com': 

Host: AMD Ryzen 5 5600 6-Core Processor              , 12 cores, 31G,  Windows 11 , 64 bit Build 22621 (10.0.22621.4391)
Time: Mon Jan 27 08:34:46 2025 RTZ 2 (s 11 , 64 bit Build 22621 (10.0.22621.4391) elapsed time: 0.238892 seconds (0d 0h 0m 0s)

---------------  T H R E A D  ---------------

Current thread (0x0000018d3ca38d90):  JavaThread "main"             [_thread_in_vm, id=9564, stack(0x0000000a4be00000,0x0000000a4bf00000) (1024K)]

Stack: [0x0000000a4be00000,0x0000000a4bf00000]
Native frames: (J=compiled Java code, j=interpreted, Vv=VM code, C=native code)
V  [jvm.dll+0x6cafb9]
V  [jvm.dll+0x858523]
V  [jvm.dll+0x85aa7e]
V  [jvm.dll+0x85b163]
V  [jvm.dll+0x27d356]
V  [jvm.dll+0x8533fe]
V  [jvm.dll+0x66f385]
V  [jvm.dll+0x66f3ea]
V  [jvm.dll+0x671c46]
V  [jvm.dll+0x671b12]
V  [jvm.dll+0x66fd7e]
V  [jvm.dll+0x680ae9]
V  [jvm.dll+0x679f7e]
V  [jvm.dll+0x3d15b1]
C  0x0000018d470bbc1b

The last pc belongs to method entry point (kind = zerolocals) (printed below).
Java frames: (J=compiled Java code, j=interpreted, Vv=VM code)
j  javax.net.ssl.SSLParameters.setAlgorithmConstraints(Ljava/security/AlgorithmConstraints;)V+0 java.base@21.0.3
j  sun.security.ssl.SSLConfiguration.getSSLParameters()Ljavax/net/ssl/SSLParameters;+13 java.base@21.0.3
j  sun.security.ssl.SSLSocketImpl.getSSLParameters()Ljavax/net/ssl/SSLParameters;+14 java.base@21.0.3
j  javax.net.ssl.SSLContextSpi.engineGetDefaultSSLParameters()Ljavax/net/ssl/SSLParameters;+6 java.base@21.0.3
j  javax.net.ssl.SSLContext.getDefaultSSLParameters()Ljavax/net/ssl/SSLParameters;+4 java.base@21.0.3
j  jdk.internal.net.http.HttpClientImpl.getDefaultParams(Ljavax/net/ssl/SSLContext;)Ljavax/net/ssl/SSLParameters;+1 java.net.http@21.0.3
j  jdk.internal.net.http.HttpClientImpl.<init>(Ljdk/internal/net/http/HttpClientBuilderImpl;Ljdk/internal/net/http/HttpClientImpl$SingleFacadeFactory;)V+587 java.net.http@21.0.3
j  jdk.internal.net.http.HttpClientImpl.create(Ljdk/internal/net/http/HttpClientBuilderImpl;)Ljdk/internal/net/http/HttpClientFacade;+14 java.net.http@21.0.3
j  jdk.internal.net.http.HttpClientBuilderImpl.build()Ljava/net/http/HttpClient;+1 java.net.http@21.0.3
j  externalApp.ExternalAppUtil.sendIdeRequest(Ljava/lang/String;ILjava/lang/String;Ljava/lang/String;)LexternalApp/ExternalAppUtil$Result;+77
j  git4idea.http.GitAskPassApp.main([Ljava/lang/String;)V+37
v  ~StubRoutines::call_stub 0x0000018d470b100d
method entry point (kind = zerolocals)  [0x0000018d470bba40, 0x0000018d470bbe08]  968 bytes
[MachCode]
  0x0000018d470bba40: 488b 5308 | 0fb7 4a2e | 0fb7 522c | 2bd1 81fa | f501 0000 | 0f86 2500 | 0000 488b | c248 c1e0 
  0x0000018d470bba60: 0348 83c0 | 5849 0387 | d004 0000 | 483b e00f | 870a 0000 | 0058 498b | e550 e901 | acff ff58 
  0x0000018d470bba80: 4c8d 74cc | f885 d20f | 8e09 0000 | 0068 0000 | 0000 ffca | 7ff7 5055 | 488b ec41 | 5568 0000 
  0x0000018d470bbaa0: 0000 4c8b | 6b08 4d8d | 6d38 5348 | 8b53 0848 | 8b52 0848 | 8b52 1848 | 8b52 7048 | 8b12 5248 
  0x0000018d470bbac0: 8b53 1048 | 85d2 0f84 | 0700 0000 | 4881 c208 | 0100 0052 | 488b 5308 | 488b 5208 | 488b 5210 
  0x0000018d470bbae0: 5249 8bc6 | 482b c548 | c1e8 0350 | 4155 6800 | 0000 0048 | 8924 2441 | c687 7904 | 0000 0148 
  0x0000018d470bbb00: 8b45 d848 | 85c0 0f84 | 9100 0000 | 8b48 fc85 | c90f 8886 | 0000 0048 | 03c1 488b | 4808 4883 
  0x0000018d470bbb20: e902 488b | 54c8 1048 | f7da 498b | 14d6 4885 | d275 10f6 | 44c8 1801 | 755d f048 | 834c c818 
  0x0000018d470bbb40: 01eb 548b | 5208 49ba | 0000 0000 | 0800 0000 | 4903 d24c | 8bd2 4833 | 54c8 1848 | f7c2 fcff 
  0x0000018d470bbb60: ffff 7433 | f6c2 0275 | 2e48 837c | c818 0074 | 2148 837c | c818 0174 | 1949 8bd2 | 4833 54c8 
  0x0000018d470bbb80: 1848 f7c2 | fcff ffff | 740d 4883 | 4cc8 1802 | eb05 4889 | 54c8 1848 | 83e9 0279 | 8548 8b43 
  0x0000018d470bbba0: 1048 85c0 | 7420 8b88 | cc00 0000 | 83c1 0289 | 88cc 0000 | 0023 88e0 | 0000 000f | 8496 0100 
  0x0000018d470bbbc0: 00e9 cf00 | 0000 488b | 4318 4885 | c00f 85b0 | 0000 00e8 | 0500 0000 | e999 0000 | 0048 8bd3 
  0x0000018d470bbbe0: 488d 4424 | 084c 896d | c049 8bcf | c5f8 7749 | 89af a803 | 0000 4989 | 8798 0300 | 0048 83ec 
  0x0000018d470bbc00: 2040 f6c4 | 0f0f 8419 | 0000 0048 | 83ec 0848 | b890 153d | c6fc 7f00 | 00ff d048 | 83c4 08e9 
  0x0000018d470bbc20: 0c00 0000 | 48b8 9015 | 3dc6 fc7f | 0000 ffd0 | 4883 c420 | 49c7 8798 | 0300 0000 | 0000 0049 
  0x0000018d470bbc40: c787 a803 | 0000 0000 | 0000 49c7 | 87a0 0300 | 0000 0000 | 00c5 f877 | 4983 7f08 | 000f 8405 
  0x0000018d470bbc60: 0000 00e9 | 9852 ffff | 4c8b 6dc0 | 4c8b 75c8 | 4e8d 74f5 | 00c3 488b | 4318 4885 | c00f 8412 
  0x0000018d470bbc80: 0000 008b | 4808 83c1 | 0289 4808 | 2348 1c0f | 84c2 0000 | 0049 3ba7 | e804 0000 | 0f87 4800 
  0x0000018d470bbca0: 0000 8984 | 2400 f0ff | ff89 8424 | 00e0 ffff | 8984 2400 | d0ff ff89 | 8424 00c0 | ffff 8984 
  0x0000018d470bbcc0: 2400 b0ff | ff89 8424 | 00a0 ffff | 8984 2400 | 90ff ff89 | 8424 0080 | ffff 493b | a7e0 0400 
  0x0000018d470bbce0: 0076 0749 | 89a7 e804 | 0000 41c6 | 8779 0400 | 0000 49ba | 0096 b8c6 | fc7f 0000 | 4180 3a00 
  0x0000018d470bbd00: 0f84 3e00 | 0000 488b | 55e8 498b | cf48 83ec | 2040 f6c4 | 0f0f 8419 | 0000 0048 | 83ec 0848 
  0x0000018d470bbd20: b870 1d73 | c6fc 7f00 | 00ff d048 | 83c4 08e9 | 0c00 0000 | 48b8 701d | 73c6 fc7f | 0000 ffd0 
  0x0000018d470bbd40: 4883 c420 | 410f b65d | 0049 baf0 | 62bb c6fc | 7f00 0041 | ff24 daba | 0000 0000 | e805 0000 
  0x0000018d470bbd60: 00e9 9600 | 0000 488d | 4424 084c | 896d c049 | 8bcf c5f8 | 7749 89af | a803 0000 | 4989 8798 
  0x0000018d470bbd80: 0300 0048 | 83ec 2040 | f6c4 0f0f | 8419 0000 | 0048 83ec | 0848 b800 | 203d c6fc | 7f00 00ff 
  0x0000018d470bbda0: d048 83c4 | 08e9 0c00 | 0000 48b8 | 0020 3dc6 | fc7f 0000 | ffd0 4883 | c420 49c7 | 8798 0300 
  0x0000018d470bbdc0: 0000 0000 | 0049 c787 | a803 0000 | 0000 0000 | 49c7 87a0 | 0300 0000 | 0000 00c5 | f877 4983 
  0x0000018d470bbde0: 7f08 000f | 8405 0000 | 00e9 1251 | ffff 4c8b | 6dc0 4c8b | 75c8 4e8d | 74f5 00c3 | 488b 5de8 
  0x0000018d470bbe00: e990 feff | ff66 6690 
[/MachCode]

---------------  P R O C E S S  ---------------

Threads class SMR info:
_java_thread_list=0x0000018d6025df10, length=11, elements={
0x0000018d3ca38d90, 0x0000018d600df4a0, 0x0000018d600dff00, 0x0000018d600c7f50,
0x0000018d600c89b0, 0x0000018d600c9410, 0x0000018d600c9e70, 0x0000018d600ccd40,
0x0000018d600ce520, 0x0000018d6027cfd0, 0x0000018d6028ae90
}

Java Threads: ( => current thread )
=>0x0000018d3ca38d90 JavaThread "main"                              [_thread_in_vm, id=9564, stack(0x0000000a4be00000,0x0000000a4bf00000) (1024K)]
  0x0000018d600df4a0 JavaThread "Reference Handler"          daemon [_thread_blocked, id=30256, stack(0x0000000a4c600000,0x0000000a4c700000) (1024K)]
  0x0000018d600dff00 JavaThread "Finalizer"                  daemon [_thread_blocked, id=21836, stack(0x0000000a4c700000,0x0000000a4c800000) (1024K)]
  0x0000018d600c7f50 JavaThread "Signal Dispatcher"          daemon [_thread_blocked, id=11228, stack(0x0000000a4c800000,0x0000000a4c900000) (1024K)]
  0x0000018d600c89b0 JavaThread "Attach Listener"            daemon [_thread_blocked, id=28112, stack(0x0000000a4c900000,0x0000000a4ca00000) (1024K)]
  0x0000018d600c9410 JavaThread "Service Thread"             daemon [_thread_blocked, id=8020, stack(0x0000000a4ca00000,0x0000000a4cb00000) (1024K)]
  0x0000018d600c9e70 JavaThread "Monitor Deflation Thread"   daemon [_thread_blocked, id=3984, stack(0x0000000a4cb00000,0x0000000a4cc00000) (1024K)]
  0x0000018d600ccd40 JavaThread "C2 CompilerThread0"         daemon [_thread_blocked, id=26972, stack(0x0000000a4cc00000,0x0000000a4cd00000) (1024K)]
  0x0000018d600ce520 JavaThread "C1 CompilerThread0"         daemon [_thread_blocked, id=29748, stack(0x0000000a4cd00000,0x0000000a4ce00000) (1024K)]
  0x0000018d6027cfd0 JavaThread "Notification Thread"        daemon [_thread_blocked, id=26420, stack(0x0000000a4ce00000,0x0000000a4cf00000) (1024K)]
  0x0000018d6028ae90 JavaThread "Common-Cleaner"             daemon [_thread_blocked, id=5936, stack(0x0000000a4cf00000,0x0000000a4d000000) (1024K)]
Total: 11

Other Threads:
  0x0000018d60021500 VMThread "VM Thread"                           [id=30392, stack(0x0000000a4c500000,0x0000000a4c600000) (1024K)]
  0x0000018d5b59df30 WatcherThread "VM Periodic Task Thread"        [id=25876, stack(0x0000000a4c400000,0x0000000a4c500000) (1024K)]
  0x0000018d3cadf6f0 WorkerThread "GC Thread#0"                     [id=15944, stack(0x0000000a4bf00000,0x0000000a4c000000) (1024K)]
  0x0000018d3caf07c0 ConcurrentGCThread "G1 Main Marker"            [id=30684, stack(0x0000000a4c000000,0x0000000a4c100000) (1024K)]
  0x0000018d3caf1a60 WorkerThread "G1 Conc#0"                       [id=29916, stack(0x0000000a4c100000,0x0000000a4c200000) (1024K)]
  0x0000018d5b45fbd0 ConcurrentGCThread "G1 Refine#0"               [id=26000, stack(0x0000000a4c200000,0x0000000a4c300000) (1024K)]
  0x0000018d5b460740 ConcurrentGCThread "G1 Service"                [id=30524, stack(0x0000000a4c300000,0x0000000a4c400000) (1024K)]
Total: 7

Threads with active compile tasks:
Total: 0

VM state: not at safepoint (normal execution)

VM Mutex/Monitor currently owned by a thread:  ([mutex/lock_event])
[0x00007ffcc6b9fec8] Metaspace_lock - owner thread: 0x0000018d3ca38d90

Heap address: 0x0000000601000000, size: 8176 MB, Compressed Oops mode: Zero based, Oop shift amount: 3

CDS archive(s) not mapped
Compressed class space mapped at: 0x0000000800000000-0x0000000840000000, reserved size: 1073741824
Narrow klass base: 0x0000000800000000, Narrow klass shift: 0, Narrow klass range: 0x40000000

GC Precious Log:
 CardTable entry size: 512
 Card Set container configuration: InlinePtr #cards 4 size 8 Array Of Cards #cards 32 size 80 Howl #buckets 8 coarsen threshold 7372 Howl Bitmap #cards 1024 size 144 coarsen threshold 921 Card regions per heap region 1 cards per card region 8192
 CPUs: 12 total, 12 available
 Memory: 32690M
 Large Page Support: Disabled
 NUMA Support: Disabled
 Compressed Oops: Enabled (Zero based)
 Heap Region Size: 4M
 Heap Min Capacity: 8M
 Heap Initial Capacity: 512M
 Heap Max Capacity: 8176M
 Pre-touch: Disabled
 Parallel Workers: 10
 Concurrent Workers: 3
 Concurrent Refinement Workers: 10
 Periodic GC: Disabled

Heap:
 garbage-first heap   total 524288K, used 8192K [0x0000000601000000, 0x0000000800000000)
  region size 4096K, 3 young (12288K), 0 survivors (0K)
 Metaspace       used 12759K, committed 12928K, reserved 1114112K
  class space    used 1270K, committed 1344K, reserved 1048576K

Heap Regions: E=young(eden), S=young(survivor), O=old, HS=humongous(starts), HC=humongous(continues), CS=collection set, F=free, TAMS=top-at-mark-start, PB=parsable bottom
|   0|0x0000000601000000, 0x0000000601000000, 0x0000000601400000|  0%| F|  |TAMS 0x0000000601000000| PB 0x0000000601000000| Untracked 
|   1|0x0000000601400000, 0x0000000601400000, 0x0000000601800000|  0%| F|  |TAMS 0x0000000601400000| PB 0x0000000601400000| Untracked 
|   2|0x0000000601800000, 0x0000000601800000, 0x0000000601c00000|  0%| F|  |TAMS 0x0000000601800000| PB 0x0000000601800000| Untracked 
|   3|0x0000000601c00000, 0x0000000601c00000, 0x0000000602000000|  0%| F|  |TAMS 0x0000000601c00000| PB 0x0000000601c00000| Untracked 
|   4|0x0000000602000000, 0x0000000602000000, 0x0000000602400000|  0%| F|  |TAMS 0x0000000602000000| PB 0x0000000602000000| Untracked 
|   5|0x0000000602400000, 0x0000000602400000, 0x0000000602800000|  0%| F|  |TAMS 0x0000000602400000| PB 0x0000000602400000| Untracked 
|   6|0x0000000602800000, 0x0000000602800000, 0x0000000602c00000|  0%| F|  |TAMS 0x0000000602800000| PB 0x0000000602800000| Untracked 
|   7|0x0000000602c00000, 0x0000000602c00000, 0x0000000603000000|  0%| F|  |TAMS 0x0000000602c00000| PB 0x0000000602c00000| Untracked 
|   8|0x0000000603000000, 0x0000000603000000, 0x0000000603400000|  0%| F|  |TAMS 0x0000000603000000| PB 0x0000000603000000| Untracked 
|   9|0x0000000603400000, 0x0000000603400000, 0x0000000603800000|  0%| F|  |TAMS 0x0000000603400000| PB 0x0000000603400000| Untracked 
|  10|0x0000000603800000, 0x0000000603800000, 0x0000000603c00000|  0%| F|  |TAMS 0x0000000603800000| PB 0x0000000603800000| Untracked 
|  11|0x0000000603c00000, 0x0000000603c00000, 0x0000000604000000|  0%| F|  |TAMS 0x0000000603c00000| PB 0x0000000603c00000| Untracked 
|  12|0x0000000604000000, 0x0000000604000000, 0x0000000604400000|  0%| F|  |TAMS 0x0000000604000000| PB 0x0000000604000000| Untracked 
|  13|0x0000000604400000, 0x0000000604400000, 0x0000000604800000|  0%| F|  |TAMS 0x0000000604400000| PB 0x0000000604400000| Untracked 
|  14|0x0000000604800000, 0x0000000604800000, 0x0000000604c00000|  0%| F|  |TAMS 0x0000000604800000| PB 0x0000000604800000| Untracked 
|  15|0x0000000604c00000, 0x0000000604c00000, 0x0000000605000000|  0%| F|  |TAMS 0x0000000604c00000| PB 0x0000000604c00000| Untracked 
|  16|0x0000000605000000, 0x0000000605000000, 0x0000000605400000|  0%| F|  |TAMS 0x0000000605000000| PB 0x0000000605000000| Untracked 
|  17|0x0000000605400000, 0x0000000605400000, 0x0000000605800000|  0%| F|  |TAMS 0x0000000605400000| PB 0x0000000605400000| Untracked 
|  18|0x0000000605800000, 0x0000000605800000, 0x0000000605c00000|  0%| F|  |TAMS 0x0000000605800000| PB 0x0000000605800000| Untracked 
|  19|0x0000000605c00000, 0x0000000605c00000, 0x0000000606000000|  0%| F|  |TAMS 0x0000000605c00000| PB 0x0000000605c00000| Untracked 
|  20|0x0000000606000000, 0x0000000606000000, 0x0000000606400000|  0%| F|  |TAMS 0x0000000606000000| PB 0x0000000606000000| Untracked 
|  21|0x0000000606400000, 0x0000000606400000, 0x0000000606800000|  0%| F|  |TAMS 0x0000000606400000| PB 0x0000000606400000| Untracked 
|  22|0x0000000606800000, 0x0000000606800000, 0x0000000606c00000|  0%| F|  |TAMS 0x0000000606800000| PB 0x0000000606800000| Untracked 
|  23|0x0000000606c00000, 0x0000000606c00000, 0x0000000607000000|  0%| F|  |TAMS 0x0000000606c00000| PB 0x0000000606c00000| Untracked 
|  24|0x0000000607000000, 0x0000000607000000, 0x0000000607400000|  0%| F|  |TAMS 0x0000000607000000| PB 0x0000000607000000| Untracked 
|  25|0x0000000607400000, 0x0000000607400000, 0x0000000607800000|  0%| F|  |TAMS 0x0000000607400000| PB 0x0000000607400000| Untracked 
|  26|0x0000000607800000, 0x0000000607800000, 0x0000000607c00000|  0%| F|  |TAMS 0x0000000607800000| PB 0x0000000607800000| Untracked 
|  27|0x0000000607c00000, 0x0000000607c00000, 0x0000000608000000|  0%| F|  |TAMS 0x0000000607c00000| PB 0x0000000607c00000| Untracked 
|  28|0x0000000608000000, 0x0000000608000000, 0x0000000608400000|  0%| F|  |TAMS 0x0000000608000000| PB 0x0000000608000000| Untracked 
|  29|0x0000000608400000, 0x0000000608400000, 0x0000000608800000|  0%| F|  |TAMS 0x0000000608400000| PB 0x0000000608400000| Untracked 
|  30|0x0000000608800000, 0x0000000608800000, 0x0000000608c00000|  0%| F|  |TAMS 0x0000000608800000| PB 0x0000000608800000| Untracked 
|  31|0x0000000608c00000, 0x0000000608c00000, 0x0000000609000000|  0%| F|  |TAMS 0x0000000608c00000| PB 0x0000000608c00000| Untracked 
|  32|0x0000000609000000, 0x0000000609000000, 0x0000000609400000|  0%| F|  |TAMS 0x0000000609000000| PB 0x0000000609000000| Untracked 
|  33|0x0000000609400000, 0x0000000609400000, 0x0000000609800000|  0%| F|  |TAMS 0x0000000609400000| PB 0x0000000609400000| Untracked 
|  34|0x0000000609800000, 0x0000000609800000, 0x0000000609c00000|  0%| F|  |TAMS 0x0000000609800000| PB 0x0000000609800000| Untracked 
|  35|0x0000000609c00000, 0x0000000609c00000, 0x000000060a000000|  0%| F|  |TAMS 0x0000000609c00000| PB 0x0000000609c00000| Untracked 
|  36|0x000000060a000000, 0x000000060a000000, 0x000000060a400000|  0%| F|  |TAMS 0x000000060a000000| PB 0x000000060a000000| Untracked 
|  37|0x000000060a400000, 0x000000060a400000, 0x000000060a800000|  0%| F|  |TAMS 0x000000060a400000| PB 0x000000060a400000| Untracked 
|  38|0x000000060a800000, 0x000000060a800000, 0x000000060ac00000|  0%| F|  |TAMS 0x000000060a800000| PB 0x000000060a800000| Untracked 
|  39|0x000000060ac00000, 0x000000060ac00000, 0x000000060b000000|  0%| F|  |TAMS 0x000000060ac00000| PB 0x000000060ac00000| Untracked 
|  40|0x000000060b000000, 0x000000060b000000, 0x000000060b400000|  0%| F|  |TAMS 0x000000060b000000| PB 0x000000060b000000| Untracked 
|  41|0x000000060b400000, 0x000000060b400000, 0x000000060b800000|  0%| F|  |TAMS 0x000000060b400000| PB 0x000000060b400000| Untracked 
|  42|0x000000060b800000, 0x000000060b800000, 0x000000060bc00000|  0%| F|  |TAMS 0x000000060b800000| PB 0x000000060b800000| Untracked 
|  43|0x000000060bc00000, 0x000000060bc00000, 0x000000060c000000|  0%| F|  |TAMS 0x000000060bc00000| PB 0x000000060bc00000| Untracked 
|  44|0x000000060c000000, 0x000000060c000000, 0x000000060c400000|  0%| F|  |TAMS 0x000000060c000000| PB 0x000000060c000000| Untracked 
|  45|0x000000060c400000, 0x000000060c400000, 0x000000060c800000|  0%| F|  |TAMS 0x000000060c400000| PB 0x000000060c400000| Untracked 
|  46|0x000000060c800000, 0x000000060c800000, 0x000000060cc00000|  0%| F|  |TAMS 0x000000060c800000| PB 0x000000060c800000| Untracked 
|  47|0x000000060cc00000, 0x000000060cc00000, 0x000000060d000000|  0%| F|  |TAMS 0x000000060cc00000| PB 0x000000060cc00000| Untracked 
|  48|0x000000060d000000, 0x000000060d000000, 0x000000060d400000|  0%| F|  |TAMS 0x000000060d000000| PB 0x000000060d000000| Untracked 
|  49|0x000000060d400000, 0x000000060d400000, 0x000000060d800000|  0%| F|  |TAMS 0x000000060d400000| PB 0x000000060d400000| Untracked 
|  50|0x000000060d800000, 0x000000060d800000, 0x000000060dc00000|  0%| F|  |TAMS 0x000000060d800000| PB 0x000000060d800000| Untracked 
|  51|0x000000060dc00000, 0x000000060dc00000, 0x000000060e000000|  0%| F|  |TAMS 0x000000060dc00000| PB 0x000000060dc00000| Untracked 
|  52|0x000000060e000000, 0x000000060e000000, 0x000000060e400000|  0%| F|  |TAMS 0x000000060e000000| PB 0x000000060e000000| Untracked 
|  53|0x000000060e400000, 0x000000060e400000, 0x000000060e800000|  0%| F|  |TAMS 0x000000060e400000| PB 0x000000060e400000| Untracked 
|  54|0x000000060e800000, 0x000000060e800000, 0x000000060ec00000|  0%| F|  |TAMS 0x000000060e800000| PB 0x000000060e800000| Untracked 
|  55|0x000000060ec00000, 0x000000060ec00000, 0x000000060f000000|  0%| F|  |TAMS 0x000000060ec00000| PB 0x000000060ec00000| Untracked 
|  56|0x000000060f000000, 0x000000060f000000, 0x000000060f400000|  0%| F|  |TAMS 0x000000060f000000| PB 0x000000060f000000| Untracked 
|  57|0x000000060f400000, 0x000000060f400000, 0x000000060f800000|  0%| F|  |TAMS 0x000000060f400000| PB 0x000000060f400000| Untracked 
|  58|0x000000060f800000, 0x000000060f800000, 0x000000060fc00000|  0%| F|  |TAMS 0x000000060f800000| PB 0x000000060f800000| Untracked 
|  59|0x000000060fc00000, 0x000000060fc00000, 0x0000000610000000|  0%| F|  |TAMS 0x000000060fc00000| PB 0x000000060fc00000| Untracked 
|  60|0x0000000610000000, 0x0000000610000000, 0x0000000610400000|  0%| F|  |TAMS 0x0000000610000000| PB 0x0000000610000000| Untracked 
|  61|0x0000000610400000, 0x0000000610400000, 0x0000000610800000|  0%| F|  |TAMS 0x0000000610400000| PB 0x0000000610400000| Untracked 
|  62|0x0000000610800000, 0x0000000610800000, 0x0000000610c00000|  0%| F|  |TAMS 0x0000000610800000| PB 0x0000000610800000| Untracked 
|  63|0x0000000610c00000, 0x0000000610c00000, 0x0000000611000000|  0%| F|  |TAMS 0x0000000610c00000| PB 0x0000000610c00000| Untracked 
|  64|0x0000000611000000, 0x0000000611000000, 0x0000000611400000|  0%| F|  |TAMS 0x0000000611000000| PB 0x0000000611000000| Untracked 
|  65|0x0000000611400000, 0x0000000611400000, 0x0000000611800000|  0%| F|  |TAMS 0x0000000611400000| PB 0x0000000611400000| Untracked 
|  66|0x0000000611800000, 0x0000000611800000, 0x0000000611c00000|  0%| F|  |TAMS 0x0000000611800000| PB 0x0000000611800000| Untracked 
|  67|0x0000000611c00000, 0x0000000611c00000, 0x0000000612000000|  0%| F|  |TAMS 0x0000000611c00000| PB 0x0000000611c00000| Untracked 
|  68|0x0000000612000000, 0x0000000612000000, 0x0000000612400000|  0%| F|  |TAMS 0x0000000612000000| PB 0x0000000612000000| Untracked 
|  69|0x0000000612400000, 0x0000000612400000, 0x0000000612800000|  0%| F|  |TAMS 0x0000000612400000| PB 0x0000000612400000| Untracked 
|  70|0x0000000612800000, 0x0000000612800000, 0x0000000612c00000|  0%| F|  |TAMS 0x0000000612800000| PB 0x0000000612800000| Untracked 
|  71|0x0000000612c00000, 0x0000000612c00000, 0x0000000613000000|  0%| F|  |TAMS 0x0000000612c00000| PB 0x0000000612c00000| Untracked 
|  72|0x0000000613000000, 0x0000000613000000, 0x0000000613400000|  0%| F|  |TAMS 0x0000000613000000| PB 0x0000000613000000| Untracked 
|  73|0x0000000613400000, 0x0000000613400000, 0x0000000613800000|  0%| F|  |TAMS 0x0000000613400000| PB 0x0000000613400000| Untracked 
|  74|0x0000000613800000, 0x0000000613800000, 0x0000000613c00000|  0%| F|  |TAMS 0x0000000613800000| PB 0x0000000613800000| Untracked 
|  75|0x0000000613c00000, 0x0000000613c00000, 0x0000000614000000|  0%| F|  |TAMS 0x0000000613c00000| PB 0x0000000613c00000| Untracked 
|  76|0x0000000614000000, 0x0000000614000000, 0x0000000614400000|  0%| F|  |TAMS 0x0000000614000000| PB 0x0000000614000000| Untracked 
|  77|0x0000000614400000, 0x0000000614400000, 0x0000000614800000|  0%| F|  |TAMS 0x0000000614400000| PB 0x0000000614400000| Untracked 
|  78|0x0000000614800000, 0x0000000614800000, 0x0000000614c00000|  0%| F|  |TAMS 0x0000000614800000| PB 0x0000000614800000| Untracked 
|  79|0x0000000614c00000, 0x0000000614c00000, 0x0000000615000000|  0%| F|  |TAMS 0x0000000614c00000| PB 0x0000000614c00000| Untracked 
|  80|0x0000000615000000, 0x0000000615000000, 0x0000000615400000|  0%| F|  |TAMS 0x0000000615000000| PB 0x0000000615000000| Untracked 
|  81|0x0000000615400000, 0x0000000615400000, 0x0000000615800000|  0%| F|  |TAMS 0x0000000615400000| PB 0x0000000615400000| Untracked 
|  82|0x0000000615800000, 0x0000000615800000, 0x0000000615c00000|  0%| F|  |TAMS 0x0000000615800000| PB 0x0000000615800000| Untracked 
|  83|0x0000000615c00000, 0x0000000615c00000, 0x0000000616000000|  0%| F|  |TAMS 0x0000000615c00000| PB 0x0000000615c00000| Untracked 
|  84|0x0000000616000000, 0x0000000616000000, 0x0000000616400000|  0%| F|  |TAMS 0x0000000616000000| PB 0x0000000616000000| Untracked 
|  85|0x0000000616400000, 0x0000000616400000, 0x0000000616800000|  0%| F|  |TAMS 0x0000000616400000| PB 0x0000000616400000| Untracked 
|  86|0x0000000616800000, 0x0000000616800000, 0x0000000616c00000|  0%| F|  |TAMS 0x0000000616800000| PB 0x0000000616800000| Untracked 
|  87|0x0000000616c00000, 0x0000000616c00000, 0x0000000617000000|  0%| F|  |TAMS 0x0000000616c00000| PB 0x0000000616c00000| Untracked 
|  88|0x0000000617000000, 0x0000000617000000, 0x0000000617400000|  0%| F|  |TAMS 0x0000000617000000| PB 0x0000000617000000| Untracked 
|  89|0x0000000617400000, 0x0000000617400000, 0x0000000617800000|  0%| F|  |TAMS 0x0000000617400000| PB 0x0000000617400000| Untracked 
|  90|0x0000000617800000, 0x0000000617800000, 0x0000000617c00000|  0%| F|  |TAMS 0x0000000617800000| PB 0x0000000617800000| Untracked 
|  91|0x0000000617c00000, 0x0000000617c00000, 0x0000000618000000|  0%| F|  |TAMS 0x0000000617c00000| PB 0x0000000617c00000| Untracked 
|  92|0x0000000618000000, 0x0000000618000000, 0x0000000618400000|  0%| F|  |TAMS 0x0000000618000000| PB 0x0000000618000000| Untracked 
|  93|0x0000000618400000, 0x0000000618400000, 0x0000000618800000|  0%| F|  |TAMS 0x0000000618400000| PB 0x0000000618400000| Untracked 
|  94|0x0000000618800000, 0x0000000618800000, 0x0000000618c00000|  0%| F|  |TAMS 0x0000000618800000| PB 0x0000000618800000| Untracked 
|  95|0x0000000618c00000, 0x0000000618c00000, 0x0000000619000000|  0%| F|  |TAMS 0x0000000618c00000| PB 0x0000000618c00000| Untracked 
|  96|0x0000000619000000, 0x0000000619000000, 0x0000000619400000|  0%| F|  |TAMS 0x0000000619000000| PB 0x0000000619000000| Untracked 
|  97|0x0000000619400000, 0x0000000619400000, 0x0000000619800000|  0%| F|  |TAMS 0x0000000619400000| PB 0x0000000619400000| Untracked 
|  98|0x0000000619800000, 0x0000000619800000, 0x0000000619c00000|  0%| F|  |TAMS 0x0000000619800000| PB 0x0000000619800000| Untracked 
|  99|0x0000000619c00000, 0x0000000619c00000, 0x000000061a000000|  0%| F|  |TAMS 0x0000000619c00000| PB 0x0000000619c00000| Untracked 
| 100|0x000000061a000000, 0x000000061a000000, 0x000000061a400000|  0%| F|  |TAMS 0x000000061a000000| PB 0x000000061a000000| Untracked 
| 101|0x000000061a400000, 0x000000061a400000, 0x000000061a800000|  0%| F|  |TAMS 0x000000061a400000| PB 0x000000061a400000| Untracked 
| 102|0x000000061a800000, 0x000000061a800000, 0x000000061ac00000|  0%| F|  |TAMS 0x000000061a800000| PB 0x000000061a800000| Untracked 
| 103|0x000000061ac00000, 0x000000061ac00000, 0x000000061b000000|  0%| F|  |TAMS 0x000000061ac00000| PB 0x000000061ac00000| Untracked 
| 104|0x000000061b000000, 0x000000061b000000, 0x000000061b400000|  0%| F|  |TAMS 0x000000061b000000| PB 0x000000061b000000| Untracked 
| 105|0x000000061b400000, 0x000000061b400000, 0x000000061b800000|  0%| F|  |TAMS 0x000000061b400000| PB 0x000000061b400000| Untracked 
| 106|0x000000061b800000, 0x000000061b800000, 0x000000061bc00000|  0%| F|  |TAMS 0x000000061b800000| PB 0x000000061b800000| Untracked 
| 107|0x000000061bc00000, 0x000000061bc00000, 0x000000061c000000|  0%| F|  |TAMS 0x000000061bc00000| PB 0x000000061bc00000| Untracked 
| 108|0x000000061c000000, 0x000000061c000000, 0x000000061c400000|  0%| F|  |TAMS 0x000000061c000000| PB 0x000000061c000000| Untracked 
| 109|0x000000061c400000, 0x000000061c400000, 0x000000061c800000|  0%| F|  |TAMS 0x000000061c400000| PB 0x000000061c400000| Untracked 
| 110|0x000000061c800000, 0x000000061c800000, 0x000000061cc00000|  0%| F|  |TAMS 0x000000061c800000| PB 0x000000061c800000| Untracked 
| 111|0x000000061cc00000, 0x000000061cc00000, 0x000000061d000000|  0%| F|  |TAMS 0x000000061cc00000| PB 0x000000061cc00000| Untracked 
| 112|0x000000061d000000, 0x000000061d000000, 0x000000061d400000|  0%| F|  |TAMS 0x000000061d000000| PB 0x000000061d000000| Untracked 
| 113|0x000000061d400000, 0x000000061d400000, 0x000000061d800000|  0%| F|  |TAMS 0x000000061d400000| PB 0x000000061d400000| Untracked 
| 114|0x000000061d800000, 0x000000061d800000, 0x000000061dc00000|  0%| F|  |TAMS 0x000000061d800000| PB 0x000000061d800000| Untracked 
| 115|0x000000061dc00000, 0x000000061dc00000, 0x000000061e000000|  0%| F|  |TAMS 0x000000061dc00000| PB 0x000000061dc00000| Untracked 
| 116|0x000000061e000000, 0x000000061e000000, 0x000000061e400000|  0%| F|  |TAMS 0x000000061e000000| PB 0x000000061e000000| Untracked 
| 117|0x000000061e400000, 0x000000061e400000, 0x000000061e800000|  0%| F|  |TAMS 0x000000061e400000| PB 0x000000061e400000| Untracked 
| 118|0x000000061e800000, 0x000000061e800000, 0x000000061ec00000|  0%| F|  |TAMS 0x000000061e800000| PB 0x000000061e800000| Untracked 
| 119|0x000000061ec00000, 0x000000061ec00000, 0x000000061f000000|  0%| F|  |TAMS 0x000000061ec00000| PB 0x000000061ec00000| Untracked 
| 120|0x000000061f000000, 0x000000061f000000, 0x000000061f400000|  0%| F|  |TAMS 0x000000061f000000| PB 0x000000061f000000| Untracked 
| 121|0x000000061f400000, 0x000000061f400000, 0x000000061f800000|  0%| F|  |TAMS 0x000000061f400000| PB 0x000000061f400000| Untracked 
| 122|0x000000061f800000, 0x000000061f800000, 0x000000061fc00000|  0%| F|  |TAMS 0x000000061f800000| PB 0x000000061f800000| Untracked 
| 123|0x000000061fc00000, 0x000000061fc00000, 0x0000000620000000|  0%| F|  |TAMS 0x000000061fc00000| PB 0x000000061fc00000| Untracked 
| 124|0x0000000620000000, 0x0000000620000000, 0x0000000620400000|  0%| F|  |TAMS 0x0000000620000000| PB 0x0000000620000000| Untracked 
| 125|0x0000000620400000, 0x000000062047b638, 0x0000000620800000| 12%| E|  |TAMS 0x0000000620400000| PB 0x0000000620400000| Complete 
| 126|0x0000000620800000, 0x0000000620c00000, 0x0000000620c00000|100%| E|CS|TAMS 0x0000000620800000| PB 0x0000000620800000| Complete 
| 127|0x0000000620c00000, 0x0000000621000000, 0x0000000621000000|100%| E|CS|TAMS 0x0000000620c00000| PB 0x0000000620c00000| Complete 

Card table byte_map: [0x0000018d500e0000,0x0000018d510e0000] _byte_map_base: 0x0000018d4d0d8000

Marking Bits: (CMBitMap*) 0x0000018d3cadfdf0
 Bits: [0x0000018d510e0000, 0x0000018d590a0000)

Polling page: 0x0000018d3a9e0000

Metaspace:

Usage:
  Non-class:     11.22 MB used.
      Class:      1.24 MB used.
       Both:     12.46 MB used.

Virtual space:
  Non-class space:       64.00 MB reserved,      11.31 MB ( 18%) committed,  1 nodes.
      Class space:        1.00 GB reserved,       1.31 MB ( <1%) committed,  1 nodes.
             Both:        1.06 GB reserved,      12.62 MB (  1%) committed. 

Chunk freelists:
   Non-Class:  4.34 MB
       Class:  14.66 MB
        Both:  19.01 MB

MaxMetaspaceSize: unlimited
CompressedClassSpaceSize: 1.00 GB
Initial GC threshold: 21.00 MB
Current GC threshold: 21.00 MB
CDS: off
 - commit_granule_bytes: 65536.
 - commit_granule_words: 8192.
 - virtual_space_node_default_size: 8388608.
 - enlarge_chunks_in_place: 1.
 - use_allocation_guard: 0.


Internal statistics:

num_allocs_failed_limit: 0.
num_arena_births: 134.
num_arena_deaths: 0.
num_vsnodes_births: 2.
num_vsnodes_deaths: 0.
num_space_committed: 202.
num_space_uncommitted: 0.
num_chunks_returned_to_freelist: 0.
num_chunks_taken_from_freelist: 213.
num_chunk_merges: 0.
num_chunk_splits: 125.
num_chunks_enlarged: 69.
num_inconsistent_stats: 0.

CodeHeap 'non-profiled nmethods': size=120000Kb used=211Kb max_used=211Kb free=119788Kb
 bounds [0x0000018d47650000, 0x0000018d478c0000, 0x0000018d4eb80000]
CodeHeap 'profiled nmethods': size=120000Kb used=1093Kb max_used=1093Kb free=118906Kb
 bounds [0x0000018d3fb80000, 0x0000018d3fdf0000, 0x0000018d470b0000]
CodeHeap 'non-nmethods': size=5760Kb used=1361Kb max_used=1361Kb free=4398Kb
 bounds [0x0000018d470b0000, 0x0000018d47320000, 0x0000018d47650000]
 total_blobs=1189 nmethods=710 adapters=384
 compilation: enabled
              stopped_count=0, restarted_count=0
 full_count=0

Compilation events (20 events):
Event: 0.225 Thread 0x0000018d600ce520  701       3       java.lang.invoke.TypeConvertingMethodAdapter::descriptorToName (36 bytes)
Event: 0.225 Thread 0x0000018d600ce520 nmethod 701 0x0000018d3fc87510 code [0x0000018d3fc877a0, 0x0000018d3fc88360]
Event: 0.225 Thread 0x0000018d600ce520  702   !   3       jdk.internal.loader.BuiltinClassLoader::loadClassOrNull (143 bytes)
Event: 0.226 Thread 0x0000018d600ce520 nmethod 702 0x0000018d3fc88810 code [0x0000018d3fc88ae0, 0x0000018d3fc89a68]
Event: 0.226 Thread 0x0000018d600ce520  703   !   3       sun.security.jca.ProviderConfig::getProvider (322 bytes)
Event: 0.227 Thread 0x0000018d600ce520 nmethod 703 0x0000018d3fc8a090 code [0x0000018d3fc8a540, 0x0000018d3fc8c720]
Event: 0.227 Thread 0x0000018d600ce520  704       3       sun.security.jca.ProviderList::getProvider (22 bytes)
Event: 0.227 Thread 0x0000018d600ce520 nmethod 704 0x0000018d3fc8d510 code [0x0000018d3fc8d6e0, 0x0000018d3fc8d8d0]
Event: 0.227 Thread 0x0000018d600ce520  705       3       java.lang.Integer::parseInt (7 bytes)
Event: 0.227 Thread 0x0000018d600ce520 nmethod 705 0x0000018d3fc8da10 code [0x0000018d3fc8dbc0, 0x0000018d3fc8dce0]
Event: 0.227 Thread 0x0000018d600ce520  707       3       sun.security.util.ObjectIdentifier::checkOidSize (86 bytes)
Event: 0.227 Thread 0x0000018d600ce520 nmethod 707 0x0000018d3fc8dd90 code [0x0000018d3fc8e0a0, 0x0000018d3fc8ed78]
Event: 0.227 Thread 0x0000018d600ce520  710       3       sun.security.util.ObjectIdentifier::pack (221 bytes)
Event: 0.228 Thread 0x0000018d600ce520 nmethod 710 0x0000018d3fc8f310 code [0x0000018d3fc8f500, 0x0000018d3fc8fb40]
Event: 0.228 Thread 0x0000018d600ce520  709       3       sun.security.util.ObjectIdentifier::pack7Oid (83 bytes)
Event: 0.228 Thread 0x0000018d600ce520 nmethod 709 0x0000018d3fc8fd90 code [0x0000018d3fc8ff60, 0x0000018d3fc902a0]
Event: 0.228 Thread 0x0000018d600ce520  708       3       sun.security.util.ObjectIdentifier::pack7Oid (42 bytes)
Event: 0.228 Thread 0x0000018d600ce520 nmethod 708 0x0000018d3fc90410 code [0x0000018d3fc905c0, 0x0000018d3fc907b0]
Event: 0.228 Thread 0x0000018d600ce520  706       3       sun.security.util.ObjectIdentifier::checkOtherComponent (41 bytes)
Event: 0.228 Thread 0x0000018d600ce520 nmethod 706 0x0000018d3fc90890 code [0x0000018d3fc90ae0, 0x0000018d3fc91188]

GC Heap History (0 events):
No events

Dll operation events (2 events):
Event: 0.004 Loaded shared library G:\Andoid Studio\jbr\bin\java.dll
Event: 0.007 Loaded shared library G:\Andoid Studio\jbr\bin\zip.dll

Deoptimization events (10 events):
Event: 0.132 Thread 0x0000018d3ca38d90 Uncommon trap: trap_request=0xffffff45 fr.pc=0x0000018d47663a14 relative=0x0000000000000074
Event: 0.132 Thread 0x0000018d3ca38d90 Uncommon trap: reason=unstable_if action=reinterpret pc=0x0000018d47663a14 method=java.lang.CharacterDataLatin1.toLowerCase(I)I @ 16 c2
Event: 0.132 Thread 0x0000018d3ca38d90 DEOPT PACKING pc=0x0000018d47663a14 sp=0x0000000a4befb040
Event: 0.132 Thread 0x0000018d3ca38d90 DEOPT UNPACKING pc=0x0000018d471046a2 sp=0x0000000a4befafd0 mode 2
Event: 0.167 Thread 0x0000018d3ca38d90 Uncommon trap: trap_request=0xffffff45 fr.pc=0x0000018d4766a128 relative=0x0000000000000548
Event: 0.167 Thread 0x0000018d3ca38d90 Uncommon trap: reason=unstable_if action=reinterpret pc=0x0000018d4766a128 method=java.lang.AbstractStringBuilder.inflateIfNeededFor(Ljava/lang/String;)V @ 14 c2
Event: 0.167 Thread 0x0000018d3ca38d90 DEOPT PACKING pc=0x0000018d4766a128 sp=0x0000000a4befdd00
Event: 0.167 Thread 0x0000018d3ca38d90 DEOPT UNPACKING pc=0x0000018d471046a2 sp=0x0000000a4befdbb0 mode 2
Event: 0.202 Thread 0x0000018d3ca38d90 DEOPT PACKING pc=0x0000018d3fb98278 sp=0x0000000a4befa980
Event: 0.202 Thread 0x0000018d3ca38d90 DEOPT UNPACKING pc=0x0000018d47104e42 sp=0x0000000a4bef9da0 mode 0

Classes loaded (20 events):
Event: 0.226 Loading class sun/security/provider/DSA done
Event: 0.226 Loading class sun/security/provider/DSA$SHA256withDSA done
Event: 0.226 Loading class sun/security/provider/SHA2$SHA224
Event: 0.226 Loading class sun/security/provider/SHA2$SHA224 done
Event: 0.227 Loading class sun/security/rsa/RSASignature$SHA224withRSA
Event: 0.227 Loading class sun/security/rsa/RSASignature
Event: 0.227 Loading class sun/security/rsa/RSASignature done
Event: 0.227 Loading class sun/security/rsa/RSASignature$SHA224withRSA done
Event: 0.227 Loading class sun/security/x509/AlgorithmId
Event: 0.227 Loading class sun/security/x509/AlgorithmId done
Event: 0.227 Loading class sun/security/provider/DSA$SHA224withDSA
Event: 0.227 Loading class sun/security/provider/DSA$SHA224withDSA done
Event: 0.228 Loading class java/util/concurrent/ConcurrentLinkedQueue
Event: 0.228 Loading class java/util/concurrent/ConcurrentLinkedQueue done
Event: 0.228 Loading class java/util/concurrent/ConcurrentLinkedQueue$Node
Event: 0.228 Loading class java/util/concurrent/ConcurrentLinkedQueue$Node done
Event: 0.228 Loading class sun/security/ssl/SessionId
Event: 0.228 Loading class sun/security/ssl/SessionId done
Event: 0.228 Loading class javax/net/ssl/SSLParameters
Event: 0.228 Loading class javax/net/ssl/SSLParameters done

Classes unloaded (0 events):
No events

Classes redefined (0 events):
No events

Internal exceptions (20 events):
Event: 0.176 Thread 0x0000018d3ca38d90 Exception <a 'java/lang/NoSuchMethodError'{0x0000000620a039a0}: 'java.lang.Object java.lang.invoke.DirectMethodHandle$Holder.newInvokeSpecial(java.lang.Object, java.lang.Object, int)'> (0x0000000620a039a0) 
thrown [s\src\hotspot\share\interpreter\linkResolver.cpp, line 784]
Event: 0.177 Thread 0x0000018d3ca38d90 Exception <a 'java/lang/NoSuchMethodError'{0x0000000620a082d0}: 'int java.lang.invoke.DirectMethodHandle$Holder.invokeStaticInit(java.lang.Object, java.lang.Object, java.lang.Object)'> (0x0000000620a082d0) 
thrown [s\src\hotspot\share\interpreter\linkResolver.cpp, line 784]
Event: 0.178 Thread 0x0000018d3ca38d90 Exception <a 'java/lang/NoSuchMethodError'{0x0000000620a169c8}: 'int java.lang.invoke.DirectMethodHandle$Holder.invokeSpecial(java.lang.Object, java.lang.Object, java.lang.Object)'> (0x0000000620a169c8) 
thrown [s\src\hotspot\share\interpreter\linkResolver.cpp, line 784]
Event: 0.178 Thread 0x0000018d3ca38d90 Exception <a 'java/lang/NoSuchMethodError'{0x0000000620a1c300}: 'int java.lang.invoke.DirectMethodHandle$Holder.invokeStaticInit(java.lang.Object, java.lang.Object)'> (0x0000000620a1c300) 
thrown [s\src\hotspot\share\interpreter\linkResolver.cpp, line 784]
Event: 0.179 Thread 0x0000018d3ca38d90 Exception <a 'java/lang/NoSuchMethodError'{0x0000000620a21b28}: 'int java.lang.invoke.DirectMethodHandle$Holder.invokeSpecialIFC(java.lang.Object, java.lang.Object, java.lang.Object)'> (0x0000000620a21b28) 
thrown [s\src\hotspot\share\interpreter\linkResolver.cpp, line 784]
Event: 0.187 Thread 0x0000018d3ca38d90 Exception <a 'java/lang/NoSuchMethodError'{0x0000000620a529a8}: 'java.lang.Object java.lang.invoke.DirectMethodHandle$Holder.invokeStaticInit(java.lang.Object, java.lang.Object, java.lang.Object, java.lang.Object, java.lang.Object, java.lang.Object, java.lang.Object)'> (0x0000000620a529a8) 
thrown [s\src\hotspot\share\interpreter\linkResolver.cpp, line 784]
Event: 0.188 Thread 0x0000018d3ca38d90 Exception <a 'java/lang/NoSuchMethodError'{0x0000000620a5bb88}: 'java.lang.Object java.lang.invoke.Invokers$Holder.invoke_MT(java.lang.Object, java.lang.Object, java.lang.Object, java.lang.Object, java.lang.Object, java.lang.Object, java.lang.Object, java.lang.Object, java.lang.Object, java.lang.Object)'> (0x0000000620a5bb88) 
thrown [s\src\hotspot\share\interpreter\linkResolver.cpp, line 784]
Event: 0.190 Thread 0x0000018d3ca38d90 Exception <a 'java/lang/NoSuchMethodError'{0x0000000620a70cf8}: 'void java.lang.invoke.DelegatingMethodHandle$Holder.delegate(java.lang.Object, java.lang.Object, int, java.lang.Object)'> (0x0000000620a70cf8) 
thrown [s\src\hotspot\share\interpreter\linkResolver.cpp, line 784]
Event: 0.193 Thread 0x0000018d3ca38d90 Exception <a 'java/lang/NoSuchMethodError'{0x0000000620a921a8}: 'int java.lang.invoke.DirectMethodHandle$Holder.invokeVirtual(java.lang.Object, java.lang.Object, java.lang.Object)'> (0x0000000620a921a8) 
thrown [s\src\hotspot\share\interpreter\linkResolver.cpp, line 784]
Event: 0.193 Thread 0x0000018d3ca38d90 Exception <a 'java/lang/NoSuchMethodError'{0x0000000620a95828}: 'int java.lang.invoke.DirectMethodHandle$Holder.invokeVirtual(java.lang.Object, java.lang.Object)'> (0x0000000620a95828) 
thrown [s\src\hotspot\share\interpreter\linkResolver.cpp, line 784]
Event: 0.193 Thread 0x0000018d3ca38d90 Exception <a 'java/lang/NoSuchMethodError'{0x0000000620a99a90}: 'int java.lang.invoke.DirectMethodHandle$Holder.invokeStaticInit(java.lang.Object, int, int)'> (0x0000000620a99a90) 
thrown [s\src\hotspot\share\interpreter\linkResolver.cpp, line 784]
Event: 0.194 Thread 0x0000018d3ca38d90 Exception <a 'java/lang/NoSuchMethodError'{0x0000000620aa0e50}: 'int java.lang.invoke.DirectMethodHandle$Holder.invokeStaticInit(java.lang.Object, long, long)'> (0x0000000620aa0e50) 
thrown [s\src\hotspot\share\interpreter\linkResolver.cpp, line 784]
Event: 0.194 Thread 0x0000018d3ca38d90 Exception <a 'java/lang/NoSuchMethodError'{0x0000000620aa7890}: 'int java.lang.invoke.DirectMethodHandle$Holder.invokeStaticInit(java.lang.Object, float, float)'> (0x0000000620aa7890) 
thrown [s\src\hotspot\share\interpreter\linkResolver.cpp, line 784]
Event: 0.194 Thread 0x0000018d3ca38d90 Exception <a 'java/lang/NoSuchMethodError'{0x0000000620aae1a0}: 'int java.lang.invoke.DirectMethodHandle$Holder.invokeStaticInit(java.lang.Object, double, double)'> (0x0000000620aae1a0) 
thrown [s\src\hotspot\share\interpreter\linkResolver.cpp, line 784]
Event: 0.195 Thread 0x0000018d3ca38d90 Exception <a 'java/lang/NoSuchMethodError'{0x0000000620ab2628}: 'int java.lang.invoke.DirectMethodHandle$Holder.invokeStatic(java.lang.Object, long)'> (0x0000000620ab2628) 
thrown [s\src\hotspot\share\interpreter\linkResolver.cpp, line 784]
Event: 0.197 Thread 0x0000018d3ca38d90 Exception <a 'java/lang/NoSuchMethodError'{0x0000000620ade4a8}: 'java.lang.Object java.lang.invoke.DelegatingMethodHandle$Holder.delegate(java.lang.Object, int, java.lang.Object, java.lang.Object)'> (0x0000000620ade4a8) 
thrown [s\src\hotspot\share\interpreter\linkResolver.cpp, line 784]
Event: 0.198 Thread 0x0000018d3ca38d90 Exception <a 'java/lang/NoSuchMethodError'{0x0000000620aedb68}: 'int java.lang.invoke.Invokers$Holder.linkToTargetMethod(java.lang.Object, java.lang.Object, java.lang.Object)'> (0x0000000620aedb68) 
thrown [s\src\hotspot\share\interpreter\linkResolver.cpp, line 784]
Event: 0.200 Thread 0x0000018d3ca38d90 Exception <a 'java/lang/NoSuchMethodError'{0x0000000620b1c780}: 'long java.lang.invoke.DirectMethodHandle$Holder.invokeSpecial(java.lang.Object, java.lang.Object)'> (0x0000000620b1c780) 
thrown [s\src\hotspot\share\interpreter\linkResolver.cpp, line 784]
Event: 0.201 Thread 0x0000018d3ca38d90 Exception <a 'java/lang/NoSuchMethodError'{0x0000000620b22e80}: 'int java.lang.invoke.DirectMethodHandle$Holder.invokeStatic(java.lang.Object, java.lang.Object, java.lang.Object, java.lang.Object)'> (0x0000000620b22e80) 
thrown [s\src\hotspot\share\interpreter\linkResolver.cpp, line 784]
Event: 0.201 Thread 0x0000018d3ca38d90 Exception <a 'java/lang/NoSuchMethodError'{0x0000000620b26250}: 'java.lang.Object java.lang.invoke.Invokers$Holder.invokeExact_MT(java.lang.Object, java.lang.Object, java.lang.Object, java.lang.Object, java.lang.Object, java.lang.Object)'> (0x0000000620b26250) 
thrown [s\src\hotspot\share\interpreter\linkResolver.cpp, line 784]

ZGC Phase Switch (0 events):
No events

VM Operations (6 events):
Event: 0.063 Executing VM operation: HandshakeAllThreads (Deoptimize)
Event: 0.063 Executing VM operation: HandshakeAllThreads (Deoptimize) done
Event: 0.068 Executing VM operation: HandshakeAllThreads (Deoptimize)
Event: 0.068 Executing VM operation: HandshakeAllThreads (Deoptimize) done
Event: 0.163 Executing VM operation: HandshakeAllThreads (Deoptimize)
Event: 0.163 Executing VM operation: HandshakeAllThreads (Deoptimize) done

Events (15 events):
Event: 0.007 Thread 0x0000018d3ca38d90 Thread added: 0x0000018d3ca38d90
Event: 0.032 Thread 0x0000018d600df4a0 Thread added: 0x0000018d600df4a0
Event: 0.033 Thread 0x0000018d600dff00 Thread added: 0x0000018d600dff00
Event: 0.033 Thread 0x0000018d600c7f50 Thread added: 0x0000018d600c7f50
Event: 0.033 Thread 0x0000018d600c89b0 Thread added: 0x0000018d600c89b0
Event: 0.033 Thread 0x0000018d600c9410 Thread added: 0x0000018d600c9410
Event: 0.033 Thread 0x0000018d600c9e70 Thread added: 0x0000018d600c9e70
Event: 0.033 Thread 0x0000018d600ccd40 Thread added: 0x0000018d600ccd40
Event: 0.033 Thread 0x0000018d600ce520 Thread added: 0x0000018d600ce520
Event: 0.049 Thread 0x0000018d6027cfd0 Thread added: 0x0000018d6027cfd0
Event: 0.052 Thread 0x0000018d6028ae90 Thread added: 0x0000018d6028ae90
Event: 0.056 Loaded shared library G:\Andoid Studio\jbr\bin\net.dll
Event: 0.057 Loaded shared library G:\Andoid Studio\jbr\bin\nio.dll
Event: 0.061 Loaded shared library G:\Andoid Studio\jbr\bin\zip.dll
Event: 0.101 Loaded shared library G:\Andoid Studio\jbr\bin\jimage.dll


Dynamic libraries:
0x00007ff74b590000 - 0x00007ff74b59a000 	G:\Andoid Studio\jbr\bin\java.exe
0x00007ffd4ecb0000 - 0x00007ffd4eec7000 	C:\Windows\SYSTEM32\ntdll.dll
0x00007ffd4d060000 - 0x00007ffd4d124000 	C:\Windows\System32\KERNEL32.DLL
0x00007ffd4c1b0000 - 0x00007ffd4c56a000 	C:\Windows\System32\KERNELBASE.dll
0x00007ffd4c5f0000 - 0x00007ffd4c701000 	C:\Windows\System32\ucrtbase.dll
0x00007ffd472b0000 - 0x00007ffd472c8000 	G:\Andoid Studio\jbr\bin\jli.dll
0x00007ffd473d0000 - 0x00007ffd473eb000 	G:\Andoid Studio\jbr\bin\VCRUNTIME140.dll
0x00007ffd4e8d0000 - 0x00007ffd4ea7e000 	C:\Windows\System32\USER32.dll
0x00007ffd4c8b0000 - 0x00007ffd4c8d6000 	C:\Windows\System32\win32u.dll
0x00007ffd3be40000 - 0x00007ffd3c0d2000 	C:\Windows\WinSxS\amd64_microsoft.windows.common-controls_6595b64144ccf1df_6.0.22621.4541_none_2710d1c57384c085\COMCTL32.dll
0x00007ffd4d350000 - 0x00007ffd4d379000 	C:\Windows\System32\GDI32.dll
0x00007ffd4de30000 - 0x00007ffd4ded7000 	C:\Windows\System32\msvcrt.dll
0x00007ffd4c790000 - 0x00007ffd4c8ab000 	C:\Windows\System32\gdi32full.dll
0x00007ffd4c910000 - 0x00007ffd4c9aa000 	C:\Windows\System32\msvcp_win.dll
0x00007ffd4c9b0000 - 0x00007ffd4c9e1000 	C:\Windows\System32\IMM32.DLL
0x00007ffd47b80000 - 0x00007ffd47b8c000 	G:\Andoid Studio\jbr\bin\vcruntime140_1.dll
0x00007ffd06170000 - 0x00007ffd061fd000 	G:\Andoid Studio\jbr\bin\msvcp140.dll
0x00007ffcc6000000 - 0x00007ffcc6c7d000 	G:\Andoid Studio\jbr\bin\server\jvm.dll
0x00007ffd4cfa0000 - 0x00007ffd4d052000 	C:\Windows\System32\ADVAPI32.dll
0x00007ffd4dee0000 - 0x00007ffd4df87000 	C:\Windows\System32\sechost.dll
0x00007ffd4c8e0000 - 0x00007ffd4c908000 	C:\Windows\System32\bcrypt.dll
0x00007ffd4d6c0000 - 0x00007ffd4d7d4000 	C:\Windows\System32\RPCRT4.dll
0x00007ffd4ebd0000 - 0x00007ffd4ec41000 	C:\Windows\System32\WS2_32.dll
0x00007ffd4ba10000 - 0x00007ffd4ba5d000 	C:\Windows\SYSTEM32\POWRPROF.dll
0x00007ffd42c50000 - 0x00007ffd42c84000 	C:\Windows\SYSTEM32\WINMM.dll
0x00007ffd47400000 - 0x00007ffd4740a000 	C:\Windows\SYSTEM32\VERSION.dll
0x00007ffd4b8d0000 - 0x00007ffd4b8e3000 	C:\Windows\SYSTEM32\UMPDC.dll
0x00007ffd4afc0000 - 0x00007ffd4afd8000 	C:\Windows\SYSTEM32\kernel.appcore.dll
0x00007ffd47310000 - 0x00007ffd4731a000 	G:\Andoid Studio\jbr\bin\jimage.dll
0x00007ffd40550000 - 0x00007ffd40782000 	C:\Windows\SYSTEM32\DBGHELP.DLL
0x00007ffd4cc10000 - 0x00007ffd4cf9f000 	C:\Windows\System32\combase.dll
0x00007ffd4c9f0000 - 0x00007ffd4cac7000 	C:\Windows\System32\OLEAUT32.dll
0x00007ffd2d3e0000 - 0x00007ffd2d412000 	C:\Windows\SYSTEM32\dbgcore.DLL
0x00007ffd4c570000 - 0x00007ffd4c5eb000 	C:\Windows\System32\bcryptPrimitives.dll
0x00007ffd3f280000 - 0x00007ffd3f29f000 	G:\Andoid Studio\jbr\bin\java.dll
0x00007ffd3f260000 - 0x00007ffd3f278000 	G:\Andoid Studio\jbr\bin\zip.dll
0x00007ffd4e030000 - 0x00007ffd4e8a8000 	C:\Windows\System32\SHELL32.dll
0x00007ffd49ec0000 - 0x00007ffd4a7c8000 	C:\Windows\SYSTEM32\windows.storage.dll
0x00007ffd49d80000 - 0x00007ffd49ebf000 	C:\Windows\SYSTEM32\wintypes.dll
0x00007ffd4d390000 - 0x00007ffd4d48a000 	C:\Windows\System32\SHCORE.dll
0x00007ffd4dc60000 - 0x00007ffd4dcbe000 	C:\Windows\System32\shlwapi.dll
0x00007ffd4beb0000 - 0x00007ffd4bedb000 	C:\Windows\SYSTEM32\profapi.dll
0x00007ffd47300000 - 0x00007ffd47310000 	G:\Andoid Studio\jbr\bin\net.dll
0x00007ffd46280000 - 0x00007ffd463b6000 	C:\Windows\SYSTEM32\WINHTTP.dll
0x00007ffd4b440000 - 0x00007ffd4b4a9000 	C:\Windows\system32\mswsock.dll
0x00007ffd3f230000 - 0x00007ffd3f246000 	G:\Andoid Studio\jbr\bin\nio.dll
0x00007ffd4b690000 - 0x00007ffd4b6ab000 	C:\Windows\SYSTEM32\CRYPTSP.dll
0x00007ffd4af20000 - 0x00007ffd4af55000 	C:\Windows\system32\rsaenh.dll
0x00007ffd4b530000 - 0x00007ffd4b558000 	C:\Windows\SYSTEM32\USERENV.dll
0x00007ffd4b6b0000 - 0x00007ffd4b6bc000 	C:\Windows\SYSTEM32\CRYPTBASE.dll
0x00007ffd4aa70000 - 0x00007ffd4aa9d000 	C:\Windows\SYSTEM32\IPHLPAPI.DLL
0x00007ffd4d6b0000 - 0x00007ffd4d6b9000 	C:\Windows\System32\NSI.dll

dbghelp: loaded successfully - version: 4.0.5 - missing functions: none
symbol engine: initialized successfully - sym options: 0x614 - pdb path: .;G:\Andoid Studio\jbr\bin;C:\Windows\SYSTEM32;C:\Windows\WinSxS\amd64_microsoft.windows.common-controls_6595b64144ccf1df_6.0.22621.4541_none_2710d1c57384c085;G:\Andoid Studio\jbr\bin\server

VM Arguments:
java_command: git4idea.http.GitAskPassApp Username for 'https://github.com': 
java_class_path (initial): G:/Andoid Studio/plugins/vcs-git/lib/git4idea-rt.jar;G:/Andoid Studio/lib/externalProcess-rt.jar
Launcher Type: SUN_STANDARD

[Global flags]
     intx CICompilerCount                          = 4                                         {product} {ergonomic}
     uint ConcGCThreads                            = 3                                         {product} {ergonomic}
     uint G1ConcRefinementThreads                  = 10                                        {product} {ergonomic}
   size_t G1HeapRegionSize                         = 4194304                                   {product} {ergonomic}
    uintx GCDrainStackTargetSize                   = 64                                        {product} {ergonomic}
   size_t InitialHeapSize                          = 536870912                                 {product} {ergonomic}
   size_t MarkStackSize                            = 4194304                                   {product} {ergonomic}
   size_t MaxHeapSize                              = 8573157376                                {product} {ergonomic}
   size_t MaxNewSize                               = 5142216704                                {product} {ergonomic}
   size_t MinHeapDeltaBytes                        = 4194304                                   {product} {ergonomic}
   size_t MinHeapSize                              = 8388608                                   {product} {ergonomic}
    uintx NonNMethodCodeHeapSize                   = 5839372                                {pd product} {ergonomic}
    uintx NonProfiledCodeHeapSize                  = 122909434                              {pd product} {ergonomic}
    uintx ProfiledCodeHeapSize                     = 122909434                              {pd product} {ergonomic}
    uintx ReservedCodeCacheSize                    = 251658240                              {pd product} {ergonomic}
     bool SegmentedCodeCache                       = true                                      {product} {ergonomic}
   size_t SoftMaxHeapSize                          = 8573157376                             {manageable} {ergonomic}
     bool UseCompressedOops                        = true                           {product lp64_product} {ergonomic}
     bool UseG1GC                                  = true                                      {product} {ergonomic}
     bool UseLargePagesIndividualAllocation        = false                                  {pd product} {ergonomic}

Logging:
Log output configuration:
 #0: stdout all=warning uptime,level,tags foldmultilines=false
 #1: stderr all=off uptime,level,tags foldmultilines=false

Environment Variables:
PATH=C:/Program Files/Git/mingw64/libexec/git-core;C:/Program Files/Git/mingw64/libexec/git-core;C:\Program Files\Git\mingw64\bin;C:\Program Files\Git\usr\bin;C:\Users\lbxru\bin;C:\Windows\system32;C:\Windows;C:\Windows\System32\Wbem;C:\Windows\System32\WindowsPowerShell\v1.0\;C:\Windows\System32\OpenSSH\;C:\Program Files (x86)\NVIDIA Corporation\PhysX\Common;C:\Program Files\WireGuard\;C:\Program Files\Git\cmd;C:\Program Files\NVIDIA Corporation\NVIDIA app\NvDLISR;G:\NoteJs\;C:\Users\lbxru\AppData\Local\Microsoft\WindowsApps;G:\Microsoft VS Code\bin;C:\Users\lbxru\AppData\Roaming\npm
USERNAME=lbxru
DISPLAY=:0.0
LC_ALL=en_US.UTF-8
TERM=xterm-256color
TMPDIR=C:\Users\lbxru\AppData\Local\Temp
OS=Windows_NT
PROCESSOR_IDENTIFIER=AMD64 Family 25 Model 33 Stepping 2, AuthenticAMD
TMP=C:\Users\lbxru\AppData\Local\Temp
TEMP=C:\Users\lbxru\AppData\Local\Temp




Periodic native trim disabled

JNI global refs:
JNI global refs: 19, weak refs: 0

JNI global refs memory usage: 835, weak refs: 201

Process memory usage:
Resident Set Size: 57084K (0% of 33475300K total physical memory with 5699040K free physical memory)

OOME stack traces (most recent first):
Classloader memory used:
Loader bootstrap                                                                       : 12172K
Loader jdk.internal.loader.ClassLoaders$PlatformClassLoader                            : 571K
Loader jdk.internal.loader.ClassLoaders$AppClassLoader                                 : 16408B

---------------  S Y S T E M  ---------------

OS:
 Windows 11 , 64 bit Build 22621 (10.0.22621.4391)
OS uptime: 16 days 17:54 hours

CPU: total 12 (initial active 12) (12 cores per cpu, 2 threads per core) family 25 model 33 stepping 2 microcode 0x0, cx8, cmov, fxsr, ht, mmx, 3dnowpref, sse, sse2, sse3, ssse3, sse4a, sse4.1, sse4.2, popcnt, lzcnt, tsc, tscinvbit, avx, avx2, aes, erms, clmul, bmi1, bmi2, adx, sha, fma, vzeroupper, clflush, clflushopt, rdtscp, rdpid, fsrm, f16c, pku, cet_ss
Processor Information for all 12 processors :
  Max Mhz: 3501, Current Mhz: 3501, Mhz Limit: 3501

Memory: 4k page, system-wide physical 32690M (5565M free)
TotalPageFile size 45476M (AvailPageFile size 5M)
current process WorkingSet (physical memory assigned to process): 55M, peak: 55M
current process commit charge ("private bytes"): 610M, peak: 611M

vm_info: OpenJDK 64-Bit Server VM (21.0.3+-12282718-b509.11) for windows-amd64 JRE (21.0.3+-12282718-b509.11), built on 2024-08-27T17:34:15Z by "builder" with MS VC++ 16.10 / 16.11 (VS2019)

END.
